
Discarded input sections

 .debug_line    0x0000000000000000       0x53 /home/ayyuce/Desktop/HlnOS/HelenOS/uspace/lib/c/arch/ia32/src/entry.o
 .debug_info    0x0000000000000000       0x6c /home/ayyuce/Desktop/HlnOS/HelenOS/uspace/lib/c/arch/ia32/src/entry.o
 .debug_abbrev  0x0000000000000000       0x14 /home/ayyuce/Desktop/HlnOS/HelenOS/uspace/lib/c/arch/ia32/src/entry.o
 .debug_aranges
                0x0000000000000000       0x20 /home/ayyuce/Desktop/HlnOS/HelenOS/uspace/lib/c/arch/ia32/src/entry.o
 .debug_info    0x0000000000000000      0x7ec getterm.o
 .debug_abbrev  0x0000000000000000      0x223 getterm.o
 .debug_loc     0x0000000000000000      0x3d2 getterm.o
 .debug_aranges
                0x0000000000000000       0x28 getterm.o
 .debug_ranges  0x0000000000000000       0x18 getterm.o
 .debug_line    0x0000000000000000      0x263 getterm.o
 .debug_str     0x0000000000000000      0x7f2 getterm.o
 .comment       0x0000000000000000       0x12 getterm.o
 .note.GNU-stack
                0x0000000000000000        0x0 getterm.o
 .eh_frame      0x0000000000000000       0xb0 getterm.o
 .debug_info    0x0000000000000000      0x13a version.o
 .debug_abbrev  0x0000000000000000       0xb3 version.o
 .debug_aranges
                0x0000000000000000       0x20 version.o
 .debug_line    0x0000000000000000       0x5f version.o
 .debug_str     0x0000000000000000      0x1e9 version.o
 .comment       0x0000000000000000       0x12 version.o
 .note.GNU-stack
                0x0000000000000000        0x0 version.o
 .eh_frame      0x0000000000000000       0x38 version.o
 .debug_info    0x0000000000000000       0xd8 welcome.o
 .debug_abbrev  0x0000000000000000       0x90 welcome.o
 .debug_aranges
                0x0000000000000000       0x20 welcome.o
 .debug_line    0x0000000000000000       0x5c welcome.o
 .debug_str     0x0000000000000000      0x1b0 welcome.o
 .comment       0x0000000000000000       0x12 welcome.o
 .note.GNU-stack
                0x0000000000000000        0x0 welcome.o
 .eh_frame      0x0000000000000000       0x38 welcome.o

Memory Configuration

Name             Origin             Length             Attributes
*default*        0x0000000000000000 0xffffffffffffffff

Linker script and memory map

LOAD /home/ayyuce/Desktop/HlnOS/HelenOS/uspace/lib/c/arch/ia32/src/entry.o
                0x00000000000010f4                . = (0x1000 + SIZEOF_HEADERS)

.init           0x00000000000010f4       0x2e
 *(.init)
 .init          0x00000000000010f4       0x2e /home/ayyuce/Desktop/HlnOS/HelenOS/uspace/lib/c/arch/ia32/src/entry.o
                0x00000000000010f4                __entry

.text           0x0000000000001130      0x6dc
 *(.text .text.*)
 .text          0x0000000000001130        0x0 /home/ayyuce/Desktop/HlnOS/HelenOS/uspace/lib/c/arch/ia32/src/entry.o
 .text          0x0000000000001130       0xc6 getterm.o
 *fill*         0x00000000000011f6        0xa 
 .text.startup  0x0000000000001200      0x2db getterm.o
                0x0000000000001200                main
 *fill*         0x00000000000014db        0x5 
 .text          0x00000000000014e0       0x50 version.o
                0x00000000000014e0                version_print
 .text          0x0000000000001530       0x2d welcome.o
                0x0000000000001530                welcome_msg_print
 *(.rodata .rodata.*)
 .rodata.str1.1
                0x000000000000155d       0x5c getterm.o
 *fill*         0x00000000000015b9        0x3 
 .rodata.str1.4
                0x00000000000015bc      0x113 getterm.o
 .rodata.str1.1
                0x00000000000016cf       0x6d version.o
 .rodata.str1.4
                0x000000000000173c       0x6c version.o
 .rodata.str1.1
                0x00000000000017a8       0x2f welcome.o
 *fill*         0x00000000000017d7        0x1 
 .rodata.str1.4
                0x00000000000017d8       0x34 welcome.o
                                         0x32 (size before relaxing)

.rel.plt        0x000000000000180c       0x78
 *(.rel.plt)
 .rel.plt       0x000000000000180c       0x78 /home/ayyuce/Desktop/HlnOS/HelenOS/uspace/lib/c/arch/ia32/src/entry.o

.rel.dyn        0x0000000000001884       0x20
 *(.rel.*)
 .rel.got       0x0000000000001884        0x0 /home/ayyuce/Desktop/HlnOS/HelenOS/uspace/lib/c/arch/ia32/src/entry.o
 .rel.bss       0x0000000000001884       0x20 /home/ayyuce/Desktop/HlnOS/HelenOS/uspace/lib/c/arch/ia32/src/entry.o
 .rel.init      0x00000000000018a4        0x0 /home/ayyuce/Desktop/HlnOS/HelenOS/uspace/lib/c/arch/ia32/src/entry.o
 .rel.text      0x00000000000018a4        0x0 /home/ayyuce/Desktop/HlnOS/HelenOS/uspace/lib/c/arch/ia32/src/entry.o
 .rel.text.startup
                0x00000000000018a4        0x0 /home/ayyuce/Desktop/HlnOS/HelenOS/uspace/lib/c/arch/ia32/src/entry.o

.plt            0x00000000000018b0      0x100
 *(.plt)
 .plt           0x00000000000018b0      0x100 /home/ayyuce/Desktop/HlnOS/HelenOS/uspace/lib/c/arch/ia32/src/entry.o
                0x00000000000018c0                __main
                0x00000000000018d0                printf
                0x00000000000018e0                snprintf
                0x00000000000018f0                task_wait
                0x0000000000001900                setvbuf
                0x0000000000001910                dup2
                0x0000000000001920                loc_service_get_id
                0x0000000000001930                fdopen
                0x0000000000001940                str_cmp
                0x0000000000001950                fclose
                0x0000000000001960                task_spawnv
                0x0000000000001970                str_error
                0x0000000000001980                __syscall_fast
                0x0000000000001990                open
                0x00000000000019a0                close

.dynsym         0x00000000000019b0      0x160
 *(.dynsym)
 .dynsym        0x00000000000019b0      0x160 /home/ayyuce/Desktop/HlnOS/HelenOS/uspace/lib/c/arch/ia32/src/entry.o

.dynstr         0x0000000000001b10       0xc0
 *(.dynstr)
 .dynstr        0x0000000000001b10       0xc0 /home/ayyuce/Desktop/HlnOS/HelenOS/uspace/lib/c/arch/ia32/src/entry.o

.hash           0x0000000000001bd0       0xa4
 *(.hash)
 .hash          0x0000000000001bd0       0xa4 /home/ayyuce/Desktop/HlnOS/HelenOS/uspace/lib/c/arch/ia32/src/entry.o

.interp         0x0000000000001c74       0x13
 *(.interp)
 .interp        0x0000000000001c74       0x13 /home/ayyuce/Desktop/HlnOS/HelenOS/uspace/lib/c/arch/ia32/src/entry.o
                0x0000000000002c87                . = (. + 0x1000)

.dynamic        0x0000000000002c88       0xa8
 *(.dynamic)
 .dynamic       0x0000000000002c88       0xa8 /home/ayyuce/Desktop/HlnOS/HelenOS/uspace/lib/c/arch/ia32/src/entry.o
                0x0000000000002c88                _DYNAMIC

.data           0x0000000000002d30        0x0
 *(.data)
 .data          0x0000000000002d30        0x0 /home/ayyuce/Desktop/HlnOS/HelenOS/uspace/lib/c/arch/ia32/src/entry.o
 .data          0x0000000000002d30        0x0 getterm.o
 .data          0x0000000000002d30        0x0 version.o
 .data          0x0000000000002d30        0x0 welcome.o

.data.rel
 *(.data.rel .data.rel.*)

.got            0x0000000000002d30        0x0
 *(.got)
 .got           0x0000000000002d30        0x0 /home/ayyuce/Desktop/HlnOS/HelenOS/uspace/lib/c/arch/ia32/src/entry.o

.got.plt        0x0000000000002d30       0x48
 *(.got.plt)
 .got.plt       0x0000000000002d30       0x48 /home/ayyuce/Desktop/HlnOS/HelenOS/uspace/lib/c/arch/ia32/src/entry.o
                0x0000000000002d30                _GLOBAL_OFFSET_TABLE_

.tdata
 *(.tdata)
 *(.gnu.linkonce.tb.*)

.tbss
 *(.tbss)

.bss            0x0000000000002d80       0x24
 *(.dynbss)
 *fill*         0x0000000000002d80        0x0 
 .dynbss        0x0000000000002d80       0x24 /home/ayyuce/Desktop/HlnOS/HelenOS/uspace/lib/c/arch/ia32/src/entry.o
                0x0000000000002d80                stdout
                0x0000000000002d90                stdin
                0x0000000000002d98                __syscall_fast_func
                0x0000000000002da0                stderr
 *(COMMON)
 *(.bss)
 .bss           0x0000000000002da4        0x0 /home/ayyuce/Desktop/HlnOS/HelenOS/uspace/lib/c/arch/ia32/src/entry.o
 .bss           0x0000000000002da4        0x0 getterm.o
 .bss           0x0000000000002da4        0x0 version.o
 .bss           0x0000000000002da4        0x0 welcome.o

/DISCARD/
 *(*)
LOAD getterm.o
LOAD version.o
LOAD welcome.o
LOAD ../../lib/c/libc.so.0
LOAD ../../lib/softint/libsoftint.so.0
OUTPUT(getterm elf32-i386)
