Archive member included to satisfy reference by file (symbol)

../../lib/gui/libgui.a(canvas.o)
                              fontviewer.o (update_canvas)
../../lib/gui/libgui.a(connection.o)
                              fontviewer.o (sig_connect)
../../lib/gui/libgui.a(widget.o)
                              ../../lib/gui/libgui.a(canvas.o) (widget_init)
../../lib/gui/libgui.a(window.o)
                              fontviewer.o (window_open)
../../lib/gui/libgui.a(common.o)
                              ../../lib/gui/libgui.a(window.o) (draw_icon_cross)
../../lib/draw/libdraw.a(embedded.o)
                              fontviewer.o (embedded_font_create)
../../lib/draw/libdraw.a(bitmap_backend.o)
                              ../../lib/draw/libdraw.a(embedded.o) (bitmap_font_create)
../../lib/draw/libdraw.a(pcf.o)
                              fontviewer.o (pcf_font_create)
../../lib/draw/libdraw.a(font-8x16.o)
                              ../../lib/draw/libdraw.a(embedded.o) (fb_font_glyph)
../../lib/draw/libdraw.a(drawctx.o)
                              fontviewer.o (drawctx_init)
../../lib/draw/libdraw.a(font.o)
                              ../../lib/draw/libdraw.a(bitmap_backend.o) (font_create)
../../lib/draw/libdraw.a(source.o)
                              fontviewer.o (source_init)
../../lib/draw/libdraw.a(surface.o)
                              fontviewer.o (surface_create)
../../lib/softrend/libsoftrend.a(compose.o)
                              ../../lib/draw/libdraw.a(drawctx.o) (compose_src)
../../lib/softrend/libsoftrend.a(filter.o)
                              ../../lib/draw/libdraw.a(source.o) (filter_nearest)
../../lib/softrend/libsoftrend.a(transform.o)
                              ../../lib/draw/libdraw.a(source.o) (transform_invert)

Discarded input sections

 .debug_line    0x0000000000000000       0x53 /home/ayyuce/Desktop/HlnOS/HelenOS/uspace/lib/c/arch/ia32/src/entry.o
 .debug_info    0x0000000000000000       0x6c /home/ayyuce/Desktop/HlnOS/HelenOS/uspace/lib/c/arch/ia32/src/entry.o
 .debug_abbrev  0x0000000000000000       0x14 /home/ayyuce/Desktop/HlnOS/HelenOS/uspace/lib/c/arch/ia32/src/entry.o
 .debug_aranges
                0x0000000000000000       0x20 /home/ayyuce/Desktop/HlnOS/HelenOS/uspace/lib/c/arch/ia32/src/entry.o
 .debug_info    0x0000000000000000     0x2042 fontviewer.o
 .debug_abbrev  0x0000000000000000      0x317 fontviewer.o
 .debug_loc     0x0000000000000000      0xbdc fontviewer.o
 .debug_aranges
                0x0000000000000000       0x28 fontviewer.o
 .debug_ranges  0x0000000000000000       0xe0 fontviewer.o
 .debug_line    0x0000000000000000      0x4d6 fontviewer.o
 .debug_str     0x0000000000000000     0x1472 fontviewer.o
 .comment       0x0000000000000000       0x12 fontviewer.o
 .note.GNU-stack
                0x0000000000000000        0x0 fontviewer.o
 .eh_frame      0x0000000000000000      0x100 fontviewer.o
 .debug_info    0x0000000000000000     0x161f ../../lib/gui/libgui.a(canvas.o)
 .debug_abbrev  0x0000000000000000      0x285 ../../lib/gui/libgui.a(canvas.o)
 .debug_loc     0x0000000000000000      0x1f9 ../../lib/gui/libgui.a(canvas.o)
 .debug_aranges
                0x0000000000000000       0x20 ../../lib/gui/libgui.a(canvas.o)
 .debug_ranges  0x0000000000000000       0x30 ../../lib/gui/libgui.a(canvas.o)
 .debug_line    0x0000000000000000      0x341 ../../lib/gui/libgui.a(canvas.o)
 .debug_str     0x0000000000000000     0x109f ../../lib/gui/libgui.a(canvas.o)
 .comment       0x0000000000000000       0x12 ../../lib/gui/libgui.a(canvas.o)
 .note.GNU-stack
                0x0000000000000000        0x0 ../../lib/gui/libgui.a(canvas.o)
 .eh_frame      0x0000000000000000      0x1b8 ../../lib/gui/libgui.a(canvas.o)
 .debug_info    0x0000000000000000     0x14db ../../lib/gui/libgui.a(connection.o)
 .debug_abbrev  0x0000000000000000      0x290 ../../lib/gui/libgui.a(connection.o)
 .debug_loc     0x0000000000000000      0x654 ../../lib/gui/libgui.a(connection.o)
 .debug_aranges
                0x0000000000000000       0x20 ../../lib/gui/libgui.a(connection.o)
 .debug_ranges  0x0000000000000000       0xe8 ../../lib/gui/libgui.a(connection.o)
 .debug_line    0x0000000000000000      0x39f ../../lib/gui/libgui.a(connection.o)
 .debug_str     0x0000000000000000     0x113f ../../lib/gui/libgui.a(connection.o)
 .comment       0x0000000000000000       0x12 ../../lib/gui/libgui.a(connection.o)
 .note.GNU-stack
                0x0000000000000000        0x0 ../../lib/gui/libgui.a(connection.o)
 .eh_frame      0x0000000000000000       0xd8 ../../lib/gui/libgui.a(connection.o)
 .debug_info    0x0000000000000000      0xa8e ../../lib/gui/libgui.a(widget.o)
 .debug_abbrev  0x0000000000000000      0x1ad ../../lib/gui/libgui.a(widget.o)
 .debug_loc     0x0000000000000000       0xf2 ../../lib/gui/libgui.a(widget.o)
 .debug_aranges
                0x0000000000000000       0x20 ../../lib/gui/libgui.a(widget.o)
 .debug_ranges  0x0000000000000000       0x30 ../../lib/gui/libgui.a(widget.o)
 .debug_line    0x0000000000000000      0x1dd ../../lib/gui/libgui.a(widget.o)
 .debug_str     0x0000000000000000      0xba1 ../../lib/gui/libgui.a(widget.o)
 .comment       0x0000000000000000       0x12 ../../lib/gui/libgui.a(widget.o)
 .note.GNU-stack
                0x0000000000000000        0x0 ../../lib/gui/libgui.a(widget.o)
 .eh_frame      0x0000000000000000       0x9c ../../lib/gui/libgui.a(widget.o)
 .debug_info    0x0000000000000000     0x2cea ../../lib/gui/libgui.a(window.o)
 .debug_abbrev  0x0000000000000000      0x4e4 ../../lib/gui/libgui.a(window.o)
 .debug_loc     0x0000000000000000     0x16d8 ../../lib/gui/libgui.a(window.o)
 .debug_aranges
                0x0000000000000000       0x20 ../../lib/gui/libgui.a(window.o)
 .debug_ranges  0x0000000000000000      0x2d8 ../../lib/gui/libgui.a(window.o)
 .debug_line    0x0000000000000000      0x832 ../../lib/gui/libgui.a(window.o)
 .debug_str     0x0000000000000000     0x1ca3 ../../lib/gui/libgui.a(window.o)
 .comment       0x0000000000000000       0x12 ../../lib/gui/libgui.a(window.o)
 .note.GNU-stack
                0x0000000000000000        0x0 ../../lib/gui/libgui.a(window.o)
 .eh_frame      0x0000000000000000      0x3cc ../../lib/gui/libgui.a(window.o)
 .debug_info    0x0000000000000000      0x764 ../../lib/gui/libgui.a(common.o)
 .debug_abbrev  0x0000000000000000      0x156 ../../lib/gui/libgui.a(common.o)
 .debug_loc     0x0000000000000000      0x6a8 ../../lib/gui/libgui.a(common.o)
 .debug_aranges
                0x0000000000000000       0x20 ../../lib/gui/libgui.a(common.o)
 .debug_ranges  0x0000000000000000       0x58 ../../lib/gui/libgui.a(common.o)
 .debug_line    0x0000000000000000      0x19c ../../lib/gui/libgui.a(common.o)
 .debug_str     0x0000000000000000      0x4d0 ../../lib/gui/libgui.a(common.o)
 .comment       0x0000000000000000       0x12 ../../lib/gui/libgui.a(common.o)
 .note.GNU-stack
                0x0000000000000000        0x0 ../../lib/gui/libgui.a(common.o)
 .eh_frame      0x0000000000000000       0x74 ../../lib/gui/libgui.a(common.o)
 .debug_info    0x0000000000000000      0x7d9 ../../lib/draw/libdraw.a(embedded.o)
 .debug_abbrev  0x0000000000000000      0x1c2 ../../lib/draw/libdraw.a(embedded.o)
 .debug_loc     0x0000000000000000       0xdd ../../lib/draw/libdraw.a(embedded.o)
 .debug_aranges
                0x0000000000000000       0x20 ../../lib/draw/libdraw.a(embedded.o)
 .debug_ranges  0x0000000000000000       0x18 ../../lib/draw/libdraw.a(embedded.o)
 .debug_line    0x0000000000000000      0x1a8 ../../lib/draw/libdraw.a(embedded.o)
 .debug_str     0x0000000000000000      0x571 ../../lib/draw/libdraw.a(embedded.o)
 .comment       0x0000000000000000       0x12 ../../lib/draw/libdraw.a(embedded.o)
 .note.GNU-stack
                0x0000000000000000        0x0 ../../lib/draw/libdraw.a(embedded.o)
 .eh_frame      0x0000000000000000       0xd0 ../../lib/draw/libdraw.a(embedded.o)
 .debug_info    0x0000000000000000      0xcc6 ../../lib/draw/libdraw.a(bitmap_backend.o)
 .debug_abbrev  0x0000000000000000      0x283 ../../lib/draw/libdraw.a(bitmap_backend.o)
 .debug_loc     0x0000000000000000      0x4e4 ../../lib/draw/libdraw.a(bitmap_backend.o)
 .debug_aranges
                0x0000000000000000       0x20 ../../lib/draw/libdraw.a(bitmap_backend.o)
 .debug_ranges  0x0000000000000000       0x50 ../../lib/draw/libdraw.a(bitmap_backend.o)
 .debug_line    0x0000000000000000      0x2bd ../../lib/draw/libdraw.a(bitmap_backend.o)
 .debug_str     0x0000000000000000      0x740 ../../lib/draw/libdraw.a(bitmap_backend.o)
 .comment       0x0000000000000000       0x12 ../../lib/draw/libdraw.a(bitmap_backend.o)
 .note.GNU-stack
                0x0000000000000000        0x0 ../../lib/draw/libdraw.a(bitmap_backend.o)
 .eh_frame      0x0000000000000000      0x120 ../../lib/draw/libdraw.a(bitmap_backend.o)
 .debug_info    0x0000000000000000     0x1dd5 ../../lib/draw/libdraw.a(pcf.o)
 .debug_abbrev  0x0000000000000000      0x357 ../../lib/draw/libdraw.a(pcf.o)
 .debug_loc     0x0000000000000000     0x16f8 ../../lib/draw/libdraw.a(pcf.o)
 .debug_aranges
                0x0000000000000000       0x20 ../../lib/draw/libdraw.a(pcf.o)
 .debug_ranges  0x0000000000000000      0x368 ../../lib/draw/libdraw.a(pcf.o)
 .debug_line    0x0000000000000000      0x46e ../../lib/draw/libdraw.a(pcf.o)
 .debug_str     0x0000000000000000      0xa6f ../../lib/draw/libdraw.a(pcf.o)
 .comment       0x0000000000000000       0x12 ../../lib/draw/libdraw.a(pcf.o)
 .note.GNU-stack
                0x0000000000000000        0x0 ../../lib/draw/libdraw.a(pcf.o)
 .eh_frame      0x0000000000000000      0x11c ../../lib/draw/libdraw.a(pcf.o)
 .debug_info    0x0000000000000000       0xfb ../../lib/draw/libdraw.a(font-8x16.o)
 .debug_abbrev  0x0000000000000000       0xba ../../lib/draw/libdraw.a(font-8x16.o)
 .debug_loc     0x0000000000000000       0x3e ../../lib/draw/libdraw.a(font-8x16.o)
 .debug_aranges
                0x0000000000000000       0x20 ../../lib/draw/libdraw.a(font-8x16.o)
 .debug_line    0x0000000000000000      0x34e ../../lib/draw/libdraw.a(font-8x16.o)
 .debug_str     0x0000000000000000      0x1b8 ../../lib/draw/libdraw.a(font-8x16.o)
 .comment       0x0000000000000000       0x12 ../../lib/draw/libdraw.a(font-8x16.o)
 .note.GNU-stack
                0x0000000000000000        0x0 ../../lib/draw/libdraw.a(font-8x16.o)
 .eh_frame      0x0000000000000000      0x298 ../../lib/draw/libdraw.a(font-8x16.o)
 .debug_info    0x0000000000000000      0xcd2 ../../lib/draw/libdraw.a(drawctx.o)
 .debug_abbrev  0x0000000000000000      0x271 ../../lib/draw/libdraw.a(drawctx.o)
 .debug_loc     0x0000000000000000      0x3f1 ../../lib/draw/libdraw.a(drawctx.o)
 .debug_aranges
                0x0000000000000000       0x20 ../../lib/draw/libdraw.a(drawctx.o)
 .debug_ranges  0x0000000000000000      0x120 ../../lib/draw/libdraw.a(drawctx.o)
 .debug_line    0x0000000000000000      0x2f6 ../../lib/draw/libdraw.a(drawctx.o)
 .debug_str     0x0000000000000000      0x715 ../../lib/draw/libdraw.a(drawctx.o)
 .comment       0x0000000000000000       0x12 ../../lib/draw/libdraw.a(drawctx.o)
 .note.GNU-stack
                0x0000000000000000        0x0 ../../lib/draw/libdraw.a(drawctx.o)
 .eh_frame      0x0000000000000000      0x1d8 ../../lib/draw/libdraw.a(drawctx.o)
 .debug_info    0x0000000000000000      0xbf0 ../../lib/draw/libdraw.a(font.o)
 .debug_abbrev  0x0000000000000000      0x281 ../../lib/draw/libdraw.a(font.o)
 .debug_loc     0x0000000000000000      0x46a ../../lib/draw/libdraw.a(font.o)
 .debug_aranges
                0x0000000000000000       0x20 ../../lib/draw/libdraw.a(font.o)
 .debug_ranges  0x0000000000000000       0xd0 ../../lib/draw/libdraw.a(font.o)
 .debug_line    0x0000000000000000      0x243 ../../lib/draw/libdraw.a(font.o)
 .debug_str     0x0000000000000000      0x56d ../../lib/draw/libdraw.a(font.o)
 .comment       0x0000000000000000       0x12 ../../lib/draw/libdraw.a(font.o)
 .note.GNU-stack
                0x0000000000000000        0x0 ../../lib/draw/libdraw.a(font.o)
 .eh_frame      0x0000000000000000      0x154 ../../lib/draw/libdraw.a(font.o)
 .debug_info    0x0000000000000000      0x62b ../../lib/draw/libdraw.a(source.o)
 .debug_abbrev  0x0000000000000000      0x217 ../../lib/draw/libdraw.a(source.o)
 .debug_loc     0x0000000000000000      0x22f ../../lib/draw/libdraw.a(source.o)
 .debug_aranges
                0x0000000000000000       0x20 ../../lib/draw/libdraw.a(source.o)
 .debug_ranges  0x0000000000000000       0x58 ../../lib/draw/libdraw.a(source.o)
 .debug_line    0x0000000000000000      0x1b7 ../../lib/draw/libdraw.a(source.o)
 .debug_str     0x0000000000000000      0x457 ../../lib/draw/libdraw.a(source.o)
 .comment       0x0000000000000000       0x12 ../../lib/draw/libdraw.a(source.o)
 .note.GNU-stack
                0x0000000000000000        0x0 ../../lib/draw/libdraw.a(source.o)
 .eh_frame      0x0000000000000000      0x1c8 ../../lib/draw/libdraw.a(source.o)
 .debug_info    0x0000000000000000      0x712 ../../lib/draw/libdraw.a(surface.o)
 .debug_abbrev  0x0000000000000000      0x21c ../../lib/draw/libdraw.a(surface.o)
 .debug_loc     0x0000000000000000      0x32f ../../lib/draw/libdraw.a(surface.o)
 .debug_aranges
                0x0000000000000000       0x20 ../../lib/draw/libdraw.a(surface.o)
 .debug_ranges  0x0000000000000000       0x30 ../../lib/draw/libdraw.a(surface.o)
 .debug_line    0x0000000000000000      0x1eb ../../lib/draw/libdraw.a(surface.o)
 .debug_str     0x0000000000000000      0x3ee ../../lib/draw/libdraw.a(surface.o)
 .comment       0x0000000000000000       0x12 ../../lib/draw/libdraw.a(surface.o)
 .note.GNU-stack
                0x0000000000000000        0x0 ../../lib/draw/libdraw.a(surface.o)
 .eh_frame      0x0000000000000000      0x1bc ../../lib/draw/libdraw.a(surface.o)
 .debug_info    0x0000000000000000      0x277 ../../lib/softrend/libsoftrend.a(compose.o)
 .debug_abbrev  0x0000000000000000       0xce ../../lib/softrend/libsoftrend.a(compose.o)
 .debug_loc     0x0000000000000000      0x3d6 ../../lib/softrend/libsoftrend.a(compose.o)
 .debug_aranges
                0x0000000000000000       0x20 ../../lib/softrend/libsoftrend.a(compose.o)
 .debug_line    0x0000000000000000       0xc0 ../../lib/softrend/libsoftrend.a(compose.o)
 .debug_str     0x0000000000000000      0x218 ../../lib/softrend/libsoftrend.a(compose.o)
 .comment       0x0000000000000000       0x12 ../../lib/softrend/libsoftrend.a(compose.o)
 .note.GNU-stack
                0x0000000000000000        0x0 ../../lib/softrend/libsoftrend.a(compose.o)
 .eh_frame      0x0000000000000000      0x144 ../../lib/softrend/libsoftrend.a(compose.o)
 .debug_info    0x0000000000000000      0xabb ../../lib/softrend/libsoftrend.a(filter.o)
 .debug_abbrev  0x0000000000000000      0x1b4 ../../lib/softrend/libsoftrend.a(filter.o)
 .debug_loc     0x0000000000000000     0x164e ../../lib/softrend/libsoftrend.a(filter.o)
 .debug_aranges
                0x0000000000000000       0x20 ../../lib/softrend/libsoftrend.a(filter.o)
 .debug_ranges  0x0000000000000000      0x460 ../../lib/softrend/libsoftrend.a(filter.o)
 .debug_line    0x0000000000000000      0x396 ../../lib/softrend/libsoftrend.a(filter.o)
 .debug_str     0x0000000000000000      0x386 ../../lib/softrend/libsoftrend.a(filter.o)
 .comment       0x0000000000000000       0x12 ../../lib/softrend/libsoftrend.a(filter.o)
 .note.GNU-stack
                0x0000000000000000        0x0 ../../lib/softrend/libsoftrend.a(filter.o)
 .eh_frame      0x0000000000000000       0xb8 ../../lib/softrend/libsoftrend.a(filter.o)
 .debug_info    0x0000000000000000      0x6b7 ../../lib/softrend/libsoftrend.a(transform.o)
 .debug_abbrev  0x0000000000000000      0x1ea ../../lib/softrend/libsoftrend.a(transform.o)
 .debug_loc     0x0000000000000000      0xb81 ../../lib/softrend/libsoftrend.a(transform.o)
 .debug_aranges
                0x0000000000000000       0x20 ../../lib/softrend/libsoftrend.a(transform.o)
 .debug_ranges  0x0000000000000000      0x1c8 ../../lib/softrend/libsoftrend.a(transform.o)
 .debug_line    0x0000000000000000      0x207 ../../lib/softrend/libsoftrend.a(transform.o)
 .debug_str     0x0000000000000000      0x296 ../../lib/softrend/libsoftrend.a(transform.o)
 .comment       0x0000000000000000       0x12 ../../lib/softrend/libsoftrend.a(transform.o)
 .note.GNU-stack
                0x0000000000000000        0x0 ../../lib/softrend/libsoftrend.a(transform.o)
 .eh_frame      0x0000000000000000      0x144 ../../lib/softrend/libsoftrend.a(transform.o)

Memory Configuration

Name             Origin             Length             Attributes
*default*        0x0000000000000000 0xffffffffffffffff

Linker script and memory map

LOAD /home/ayyuce/Desktop/HlnOS/HelenOS/uspace/lib/c/arch/ia32/src/entry.o
                0x00000000000010f4                . = (0x1000 + SIZEOF_HEADERS)

.init           0x00000000000010f4       0x2e
 *(.init)
 .init          0x00000000000010f4       0x2e /home/ayyuce/Desktop/HlnOS/HelenOS/uspace/lib/c/arch/ia32/src/entry.o
                0x00000000000010f4                __entry

.text           0x0000000000001130     0x6bac
 *(.text .text.*)
 .text          0x0000000000001130        0x0 /home/ayyuce/Desktop/HlnOS/HelenOS/uspace/lib/c/arch/ia32/src/entry.o
 .text          0x0000000000001130      0x698 fontviewer.o
 *fill*         0x00000000000017c8        0x8 
 .text.startup  0x00000000000017d0      0x1e4 fontviewer.o
                0x00000000000017d0                main
 *fill*         0x00000000000019b4        0xc 
 .text          0x00000000000019c0      0x469 ../../lib/gui/libgui.a(canvas.o)
                0x0000000000001ce0                deinit_canvas
                0x0000000000001cf0                init_canvas
                0x0000000000001d70                update_canvas
                0x0000000000001da0                create_canvas
 *fill*         0x0000000000001e29        0x7 
 .text          0x0000000000001e30      0x407 ../../lib/gui/libgui.a(connection.o)
                0x0000000000001e30                sig_connect
                0x0000000000001f50                sig_disconnect
                0x0000000000002040                sig_send
                0x00000000000020c0                sig_post
 *fill*         0x0000000000002237        0x9 
 .text          0x0000000000002240      0x100 ../../lib/gui/libgui.a(widget.o)
                0x0000000000002240                widget_init
                0x00000000000022e0                widget_modify
                0x0000000000002300                widget_get_data
                0x0000000000002310                widget_deinit
 .text          0x0000000000002340     0x1482 ../../lib/gui/libgui.a(window.o)
                0x0000000000003440                window_open
                0x00000000000035f0                window_resize
                0x0000000000003670                window_refresh
                0x00000000000036b0                window_damage
                0x00000000000036f0                window_root
                0x0000000000003700                window_exec
                0x0000000000003760                window_claim
                0x0000000000003790                window_yield
                0x00000000000037b0                window_close
 *fill*         0x00000000000037c2        0xe 
 .text          0x00000000000037d0      0x457 ../../lib/gui/libgui.a(common.o)
                0x00000000000037d0                draw_icon_cross
                0x0000000000003b70                draw_bevel
 *fill*         0x0000000000003c27        0x9 
 .text          0x0000000000003c30      0x147 ../../lib/draw/libdraw.a(embedded.o)
                0x0000000000003d40                embedded_font_create
 *fill*         0x0000000000003d77        0x9 
 .text          0x0000000000003d80      0x7f7 ../../lib/draw/libdraw.a(bitmap_backend.o)
                0x0000000000004400                bitmap_font_create
 *fill*         0x0000000000004577        0x9 
 .text          0x0000000000004580      0xbc1 ../../lib/draw/libdraw.a(pcf.o)
                0x0000000000004bd0                pcf_font_create
 *fill*         0x0000000000005141        0xf 
 .text          0x0000000000005150      0x8d4 ../../lib/draw/libdraw.a(font-8x16.o)
                0x0000000000005150                fb_font_glyph
 *fill*         0x0000000000005a24        0xc 
 .text          0x0000000000005a30      0x490 ../../lib/draw/libdraw.a(drawctx.o)
                0x0000000000005a30                drawctx_init
                0x0000000000005aa0                drawctx_save
                0x0000000000005b00                drawctx_restore
                0x0000000000005b80                drawctx_set_compose
                0x0000000000005b90                drawctx_set_clip
                0x0000000000005bf0                drawctx_set_mask
                0x0000000000005c00                drawctx_set_source
                0x0000000000005c10                drawctx_set_font
                0x0000000000005c20                drawctx_transfer
                0x0000000000005e50                drawctx_stroke
                0x0000000000005e80                drawctx_fill
                0x0000000000005e90                drawctx_print
 .text          0x0000000000005ec0      0x2ff ../../lib/draw/libdraw.a(font.o)
                0x0000000000005ec0                font_create
                0x0000000000005ef0                font_release
                0x0000000000005f10                font_get_metrics
                0x0000000000005f30                font_resolve_glyph
                0x0000000000005f50                font_get_glyph_metrics
                0x0000000000005f70                font_render_glyph
                0x0000000000005f90                font_get_box
                0x0000000000006080                font_draw_text
 *fill*         0x00000000000061bf        0x1 
 .text          0x00000000000061c0      0x360 ../../lib/draw/libdraw.a(source.o)
                0x00000000000061c0                source_init
                0x0000000000006210                source_set_transform
                0x0000000000006230                source_reset_transform
                0x0000000000006240                source_set_filter
                0x0000000000006250                source_set_color
                0x0000000000006260                source_set_texture
                0x0000000000006280                source_set_alpha
                0x0000000000006290                source_set_mask
                0x00000000000062b0                source_is_fast
                0x00000000000062f0                source_direct_access
                0x00000000000063d0                source_determine_pixel
 .text          0x0000000000006520      0x363 ../../lib/draw/libdraw.a(surface.o)
                0x0000000000006520                surface_create
                0x00000000000065f0                surface_destroy
                0x0000000000006630                surface_is_shared
                0x0000000000006640                surface_direct_access
                0x0000000000006650                surface_pixmap_access
                0x0000000000006660                surface_get_resolution
                0x00000000000066b0                surface_get_damaged_region
                0x0000000000006770                surface_add_damaged_region
                0x00000000000067c0                surface_reset_damaged_region
                0x00000000000067f0                surface_put_pixel
                0x0000000000006850                surface_get_pixel
 *fill*         0x0000000000006883        0xd 
 .text          0x0000000000006890      0x147 ../../lib/softrend/libsoftrend.a(compose.o)
                0x0000000000006890                compose_clr
                0x00000000000068a0                compose_src
                0x00000000000068b0                compose_dst
                0x00000000000068c0                compose_over
                0x0000000000006990                compose_in
                0x00000000000069a0                compose_out
                0x00000000000069b0                compose_atop
                0x00000000000069c0                compose_xor
                0x00000000000069d0                compose_add
 *fill*         0x00000000000069d7        0x9 
 .text          0x00000000000069e0      0xb17 ../../lib/softrend/libsoftrend.a(filter.o)
                0x00000000000069e0                filter_nearest
                0x0000000000006b70                filter_bilinear
                0x00000000000074f0                filter_bicubic
 *fill*         0x00000000000074f7        0x9 
 .text          0x0000000000007500      0x623 ../../lib/softrend/libsoftrend.a(transform.o)
                0x0000000000007500                transform_product
                0x0000000000007610                transform_invert
                0x00000000000076f0                transform_identity
                0x0000000000007720                transform_translate
                0x00000000000077e0                transform_scale
                0x00000000000078b0                transform_rotate
                0x00000000000079f0                transform_is_fast
                0x0000000000007ac0                transform_apply_linear
                0x0000000000007af0                transform_apply_affine
 *(.rodata .rodata.*)
 .rodata.str1.1
                0x0000000000007b23       0xd8 fontviewer.o
 *fill*         0x0000000000007bfb        0x1 
 .rodata.str1.4
                0x0000000000007bfc       0x24 fontviewer.o
                                         0x22 (size before relaxing)
 .rodata        0x0000000000007c20       0x24 ../../lib/gui/libgui.a(window.o)
 .rodata        0x0000000000007c44       0x38 ../../lib/gui/libgui.a(common.o)
 .rodata.cst4   0x0000000000007c7c        0x4 ../../lib/draw/libdraw.a(bitmap_backend.o)
 .rodata.str1.1
                0x0000000000007c80        0x3 ../../lib/draw/libdraw.a(pcf.o)
 .rodata.str1.1
                0x0000000000007c83       0x12 ../../lib/draw/libdraw.a(drawctx.o)
 .rodata.str1.1
                0x0000000000007c95       0x20 ../../lib/draw/libdraw.a(source.o)
 *fill*         0x0000000000007cb5        0x3 
 .rodata.cst4   0x0000000000007cb8        0x4 ../../lib/draw/libdraw.a(source.o)
 .rodata.str1.1
                0x0000000000007cbc       0x1b ../../lib/draw/libdraw.a(surface.o)
 .rodata.cst4   0x0000000000007cd7        0x4 ../../lib/softrend/libsoftrend.a(filter.o)
 *fill*         0x0000000000007cd7        0x1 
 .rodata.cst4   0x0000000000007cd8        0x4 ../../lib/softrend/libsoftrend.a(transform.o)

.rel.plt        0x0000000000007cdc      0x180
 *(.rel.plt)
 .rel.plt       0x0000000000007cdc      0x180 /home/ayyuce/Desktop/HlnOS/HelenOS/uspace/lib/c/arch/ia32/src/entry.o

.rel.dyn        0x0000000000007e5c       0x10
 *(.rel.*)
 .rel.got       0x0000000000007e5c        0x0 /home/ayyuce/Desktop/HlnOS/HelenOS/uspace/lib/c/arch/ia32/src/entry.o
 .rel.bss       0x0000000000007e5c       0x10 /home/ayyuce/Desktop/HlnOS/HelenOS/uspace/lib/c/arch/ia32/src/entry.o
 .rel.init      0x0000000000007e6c        0x0 /home/ayyuce/Desktop/HlnOS/HelenOS/uspace/lib/c/arch/ia32/src/entry.o
 .rel.text      0x0000000000007e6c        0x0 /home/ayyuce/Desktop/HlnOS/HelenOS/uspace/lib/c/arch/ia32/src/entry.o
 .rel.text.startup
                0x0000000000007e6c        0x0 /home/ayyuce/Desktop/HlnOS/HelenOS/uspace/lib/c/arch/ia32/src/entry.o

.plt            0x0000000000007e70      0x310
 *(.plt)
 .plt           0x0000000000007e70      0x310 /home/ayyuce/Desktop/HlnOS/HelenOS/uspace/lib/c/arch/ia32/src/entry.o
                0x0000000000007e80                __main
                0x0000000000007e90                cos_f64
                0x0000000000007ea0                win_grab
                0x0000000000007eb0                task_retval
                0x0000000000007ec0                loc_service_connect
                0x0000000000007ed0                printf
                0x0000000000007ee0                async_hangup
                0x0000000000007ef0                fibril_rwlock_read_unlock
                0x0000000000007f00                __errno
                0x0000000000007f10                str_decode
                0x0000000000007f20                memcpy
                0x0000000000007f30                malloc
                0x0000000000007f40                trunc_f64
                0x0000000000007f50                loc_service_get_id
                0x0000000000007f60                as_area_destroy
                0x0000000000007f70                win_resize
                0x0000000000007f80                assert_abort
                0x0000000000007f90                calloc
                0x0000000000007fa0                fseek
                0x0000000000007fb0                fibril_mutex_unlock
                0x0000000000007fc0                str_dup
                0x0000000000007fd0                fibril_mutex_initialize
                0x0000000000007fe0                win_get_event
                0x0000000000007ff0                prodcons_initialize
                0x0000000000008000                win_register
                0x0000000000008010                fibril_rwlock_write_unlock
                0x0000000000008020                fread
                0x0000000000008030                prodcons_consume
                0x0000000000008040                fopen
                0x0000000000008050                memset
                0x0000000000008060                ftell
                0x0000000000008070                sin_f64
                0x0000000000008080                fclose
                0x0000000000008090                win_damage
                0x00000000000080a0                fibril_rwlock_write_lock
                0x00000000000080b0                win_close
                0x00000000000080c0                prodcons_produce
                0x00000000000080d0                exit
                0x00000000000080e0                fibril_create_generic
                0x00000000000080f0                fibril_add_ready
                0x0000000000008100                fibril_switch
                0x0000000000008110                as_area_create
                0x0000000000008120                __syscall_fast
                0x0000000000008130                fibril_rwlock_read_lock
                0x0000000000008140                vasprintf
                0x0000000000008150                win_close_request
                0x0000000000008160                free
                0x0000000000008170                fibril_mutex_lock

.dynsym         0x0000000000008180      0x350
 *(.dynsym)
 .dynsym        0x0000000000008180      0x350 /home/ayyuce/Desktop/HlnOS/HelenOS/uspace/lib/c/arch/ia32/src/entry.o

.dynstr         0x00000000000084d0      0x2bb
 *(.dynstr)
 .dynstr        0x00000000000084d0      0x2bb /home/ayyuce/Desktop/HlnOS/HelenOS/uspace/lib/c/arch/ia32/src/entry.o

.hash           0x000000000000878c      0x170
 *(.hash)
 .hash          0x000000000000878c      0x170 /home/ayyuce/Desktop/HlnOS/HelenOS/uspace/lib/c/arch/ia32/src/entry.o

.interp         0x00000000000088fc       0x13
 *(.interp)
 .interp        0x00000000000088fc       0x13 /home/ayyuce/Desktop/HlnOS/HelenOS/uspace/lib/c/arch/ia32/src/entry.o
                0x000000000000990f                . = (. + 0x1000)

.dynamic        0x0000000000009910       0xb0
 *(.dynamic)
 .dynamic       0x0000000000009910       0xb0 /home/ayyuce/Desktop/HlnOS/HelenOS/uspace/lib/c/arch/ia32/src/entry.o
                0x0000000000009910                _DYNAMIC

.data           0x00000000000099c0     0xb590
 *(.data)
 .data          0x00000000000099c0        0x0 /home/ayyuce/Desktop/HlnOS/HelenOS/uspace/lib/c/arch/ia32/src/entry.o
 .data          0x00000000000099c0        0x4 fontviewer.o
                0x00000000000099c0                show_metrics
                0x00000000000099c2                points
 .data          0x00000000000099c4        0x0 ../../lib/gui/libgui.a(canvas.o)
 .data          0x00000000000099c4       0x1c ../../lib/gui/libgui.a(connection.o)
 .data          0x00000000000099e0        0x0 ../../lib/gui/libgui.a(widget.o)
 .data          0x00000000000099e0        0x0 ../../lib/gui/libgui.a(window.o)
 .data          0x00000000000099e0        0x0 ../../lib/gui/libgui.a(common.o)
 .data          0x00000000000099e0       0x1c ../../lib/draw/libdraw.a(embedded.o)
                0x00000000000099e0                font_metrics
                0x00000000000099ec                fd_embedded
 .data          0x00000000000099fc       0x14 ../../lib/draw/libdraw.a(bitmap_backend.o)
                0x00000000000099fc                bitmap_backend
 .data          0x0000000000009a10       0x10 ../../lib/draw/libdraw.a(pcf.o)
                0x0000000000009a10                fd_pcf
 .data          0x0000000000009a20     0xb530 ../../lib/draw/libdraw.a(font-8x16.o)
                0x0000000000009a20                fb_font
 .data          0x0000000000014f50        0x0 ../../lib/draw/libdraw.a(drawctx.o)
 .data          0x0000000000014f50        0x0 ../../lib/draw/libdraw.a(font.o)
 .data          0x0000000000014f50        0x0 ../../lib/draw/libdraw.a(source.o)
 .data          0x0000000000014f50        0x0 ../../lib/draw/libdraw.a(surface.o)
 .data          0x0000000000014f50        0x0 ../../lib/softrend/libsoftrend.a(compose.o)
 .data          0x0000000000014f50        0x0 ../../lib/softrend/libsoftrend.a(filter.o)
 .data          0x0000000000014f50        0x0 ../../lib/softrend/libsoftrend.a(transform.o)

.data.rel
 *(.data.rel .data.rel.*)

.got            0x0000000000014f50        0x0
 *(.got)
 .got           0x0000000000014f50        0x0 /home/ayyuce/Desktop/HlnOS/HelenOS/uspace/lib/c/arch/ia32/src/entry.o

.got.plt        0x0000000000014f50       0xcc
 *(.got.plt)
 .got.plt       0x0000000000014f50       0xcc /home/ayyuce/Desktop/HlnOS/HelenOS/uspace/lib/c/arch/ia32/src/entry.o
                0x0000000000014f50                _GLOBAL_OFFSET_TABLE_

.tdata
 *(.tdata)
 *(.gnu.linkonce.tb.*)

.tbss
 *(.tbss)

.bss            0x0000000000015020       0x20
 *(.dynbss)
 *fill*         0x0000000000015020        0x0 
 .dynbss        0x0000000000015020        0x8 /home/ayyuce/Desktop/HlnOS/HelenOS/uspace/lib/c/arch/ia32/src/entry.o
                0x0000000000015020                __syscall_fast_func
                0x0000000000015024                async_futex
 *(COMMON)
 *(.bss)
 .bss           0x0000000000015028        0x0 /home/ayyuce/Desktop/HlnOS/HelenOS/uspace/lib/c/arch/ia32/src/entry.o
 .bss           0x0000000000015028       0x18 fontviewer.o
                0x0000000000015028                font_path
 .bss           0x0000000000015040        0x0 ../../lib/gui/libgui.a(canvas.o)
 .bss           0x0000000000015040        0x0 ../../lib/gui/libgui.a(connection.o)
 .bss           0x0000000000015040        0x0 ../../lib/gui/libgui.a(widget.o)
 .bss           0x0000000000015040        0x0 ../../lib/gui/libgui.a(window.o)
 .bss           0x0000000000015040        0x0 ../../lib/gui/libgui.a(common.o)
 .bss           0x0000000000015040        0x0 ../../lib/draw/libdraw.a(embedded.o)
 .bss           0x0000000000015040        0x0 ../../lib/draw/libdraw.a(bitmap_backend.o)
 .bss           0x0000000000015040        0x0 ../../lib/draw/libdraw.a(pcf.o)
 .bss           0x0000000000015040        0x0 ../../lib/draw/libdraw.a(font-8x16.o)
 .bss           0x0000000000015040        0x0 ../../lib/draw/libdraw.a(drawctx.o)
 .bss           0x0000000000015040        0x0 ../../lib/draw/libdraw.a(font.o)
 .bss           0x0000000000015040        0x0 ../../lib/draw/libdraw.a(source.o)
 .bss           0x0000000000015040        0x0 ../../lib/draw/libdraw.a(surface.o)
 .bss           0x0000000000015040        0x0 ../../lib/softrend/libsoftrend.a(compose.o)
 .bss           0x0000000000015040        0x0 ../../lib/softrend/libsoftrend.a(filter.o)
 .bss           0x0000000000015040        0x0 ../../lib/softrend/libsoftrend.a(transform.o)

/DISCARD/
 *(*)
LOAD fontviewer.o
LOAD ../../lib/gui/libgui.a
LOAD ../../lib/draw/libdraw.a
LOAD ../../lib/softrend/libsoftrend.a
LOAD ../../lib/softfloat/libsoftfloat.a
LOAD ../../lib/c/libc.so.0
LOAD ../../lib/softint/libsoftint.so.0
LOAD ../../lib/math/libmath.so.0
OUTPUT(fontviewer elf32-i386)
