
Discarded input sections

 .debug_line    0x0000000000000000       0x53 /home/ayyuce/Desktop/HlnOS/HelenOS/uspace/lib/c/arch/ia32/src/entry.o
 .debug_info    0x0000000000000000       0x6c /home/ayyuce/Desktop/HlnOS/HelenOS/uspace/lib/c/arch/ia32/src/entry.o
 .debug_abbrev  0x0000000000000000       0x14 /home/ayyuce/Desktop/HlnOS/HelenOS/uspace/lib/c/arch/ia32/src/entry.o
 .debug_aranges
                0x0000000000000000       0x20 /home/ayyuce/Desktop/HlnOS/HelenOS/uspace/lib/c/arch/ia32/src/entry.o
 .debug_info    0x0000000000000000      0x1de testwrit.o
 .debug_abbrev  0x0000000000000000      0x10b testwrit.o
 .debug_loc     0x0000000000000000       0xa0 testwrit.o
 .debug_aranges
                0x0000000000000000       0x20 testwrit.o
 .debug_ranges  0x0000000000000000       0x10 testwrit.o
 .debug_line    0x0000000000000000       0xcd testwrit.o
 .debug_str     0x0000000000000000      0x20e testwrit.o
 .comment       0x0000000000000000       0x12 testwrit.o
 .note.GNU-stack
                0x0000000000000000        0x0 testwrit.o
 .eh_frame      0x0000000000000000       0x60 testwrit.o

Memory Configuration

Name             Origin             Length             Attributes
*default*        0x0000000000000000 0xffffffffffffffff

Linker script and memory map

LOAD /home/ayyuce/Desktop/HlnOS/HelenOS/uspace/lib/c/arch/ia32/src/entry.o
                0x00000000000010f4                . = (0x1000 + SIZEOF_HEADERS)

.init           0x00000000000010f4       0x2e
 *(.init)
 .init          0x00000000000010f4       0x2e /home/ayyuce/Desktop/HlnOS/HelenOS/uspace/lib/c/arch/ia32/src/entry.o
                0x00000000000010f4                __entry

.text           0x0000000000001130      0x15f
 *(.text .text.*)
 .text          0x0000000000001130        0x0 /home/ayyuce/Desktop/HlnOS/HelenOS/uspace/lib/c/arch/ia32/src/entry.o
 .text          0x0000000000001130        0x0 testwrit.o
 .text.startup  0x0000000000001130      0x117 testwrit.o
                0x0000000000001130                main
 *(.rodata .rodata.*)
 *fill*         0x0000000000001247        0x1 
 .rodata.str1.4
                0x0000000000001248       0x30 testwrit.o
                                         0x2d (size before relaxing)
 .rodata.str1.1
                0x0000000000001278       0x17 testwrit.o

.rel.plt        0x0000000000001290       0x40
 *(.rel.plt)
 .rel.plt       0x0000000000001290       0x40 /home/ayyuce/Desktop/HlnOS/HelenOS/uspace/lib/c/arch/ia32/src/entry.o

.rel.dyn        0x00000000000012d0        0x8
 *(.rel.*)
 .rel.got       0x00000000000012d0        0x0 /home/ayyuce/Desktop/HlnOS/HelenOS/uspace/lib/c/arch/ia32/src/entry.o
 .rel.bss       0x00000000000012d0        0x8 /home/ayyuce/Desktop/HlnOS/HelenOS/uspace/lib/c/arch/ia32/src/entry.o
 .rel.init      0x00000000000012d8        0x0 /home/ayyuce/Desktop/HlnOS/HelenOS/uspace/lib/c/arch/ia32/src/entry.o
 .rel.text.startup
                0x00000000000012d8        0x0 /home/ayyuce/Desktop/HlnOS/HelenOS/uspace/lib/c/arch/ia32/src/entry.o

.plt            0x00000000000012e0       0x90
 *(.plt)
 .plt           0x00000000000012e0       0x90 /home/ayyuce/Desktop/HlnOS/HelenOS/uspace/lib/c/arch/ia32/src/entry.o
                0x00000000000012f0                __main
                0x0000000000001300                printf
                0x0000000000001310                strtoul
                0x0000000000001320                fopen
                0x0000000000001330                memset
                0x0000000000001340                fclose
                0x0000000000001350                fwrite
                0x0000000000001360                __syscall_fast

.dynsym         0x0000000000001370       0xc0
 *(.dynsym)
 .dynsym        0x0000000000001370       0xc0 /home/ayyuce/Desktop/HlnOS/HelenOS/uspace/lib/c/arch/ia32/src/entry.o

.dynstr         0x0000000000001430       0x77
 *(.dynstr)
 .dynstr        0x0000000000001430       0x77 /home/ayyuce/Desktop/HlnOS/HelenOS/uspace/lib/c/arch/ia32/src/entry.o

.hash           0x00000000000014a8       0x44
 *(.hash)
 .hash          0x00000000000014a8       0x44 /home/ayyuce/Desktop/HlnOS/HelenOS/uspace/lib/c/arch/ia32/src/entry.o

.interp         0x00000000000014ec       0x13
 *(.interp)
 .interp        0x00000000000014ec       0x13 /home/ayyuce/Desktop/HlnOS/HelenOS/uspace/lib/c/arch/ia32/src/entry.o
                0x00000000000024ff                . = (. + 0x1000)

.dynamic        0x0000000000002500       0xa8
 *(.dynamic)
 .dynamic       0x0000000000002500       0xa8 /home/ayyuce/Desktop/HlnOS/HelenOS/uspace/lib/c/arch/ia32/src/entry.o
                0x0000000000002500                _DYNAMIC

.data           0x00000000000025a8        0x0
 *(.data)
 .data          0x00000000000025a8        0x0 /home/ayyuce/Desktop/HlnOS/HelenOS/uspace/lib/c/arch/ia32/src/entry.o
 .data          0x00000000000025a8        0x0 testwrit.o

.data.rel
 *(.data.rel .data.rel.*)

.got            0x00000000000025a8        0x0
 *(.got)
 .got           0x00000000000025a8        0x0 /home/ayyuce/Desktop/HlnOS/HelenOS/uspace/lib/c/arch/ia32/src/entry.o

.got.plt        0x00000000000025a8       0x2c
 *(.got.plt)
 .got.plt       0x00000000000025a8       0x2c /home/ayyuce/Desktop/HlnOS/HelenOS/uspace/lib/c/arch/ia32/src/entry.o
                0x00000000000025a8                _GLOBAL_OFFSET_TABLE_

.tdata
 *(.tdata)
 *(.gnu.linkonce.tb.*)

.tbss
 *(.tbss)

.bss            0x00000000000025d8        0x4
 *(.dynbss)
 .dynbss        0x00000000000025d8        0x4 /home/ayyuce/Desktop/HlnOS/HelenOS/uspace/lib/c/arch/ia32/src/entry.o
                0x00000000000025d8                __syscall_fast_func
 *(COMMON)
 *(.bss)
 .bss           0x00000000000025dc        0x0 /home/ayyuce/Desktop/HlnOS/HelenOS/uspace/lib/c/arch/ia32/src/entry.o
 .bss           0x00000000000025dc        0x0 testwrit.o

/DISCARD/
 *(*)
LOAD testwrit.o
LOAD ../../lib/c/libc.so.0
LOAD ../../lib/softint/libsoftint.so.0
OUTPUT(testwrit elf32-i386)
