
Discarded input sections

 .debug_line    0x0000000000000000       0x53 /home/ayyuce/Desktop/HlnOS/HelenOS/uspace/lib/c/arch/ia32/src/entry.o
 .debug_info    0x0000000000000000       0x6c /home/ayyuce/Desktop/HlnOS/HelenOS/uspace/lib/c/arch/ia32/src/entry.o
 .debug_abbrev  0x0000000000000000       0x14 /home/ayyuce/Desktop/HlnOS/HelenOS/uspace/lib/c/arch/ia32/src/entry.o
 .debug_aranges
                0x0000000000000000       0x20 /home/ayyuce/Desktop/HlnOS/HelenOS/uspace/lib/c/arch/ia32/src/entry.o
 .debug_info    0x0000000000000000      0xe49 inet.o
 .debug_abbrev  0x0000000000000000      0x21d inet.o
 .debug_loc     0x0000000000000000      0x6c3 inet.o
 .debug_aranges
                0x0000000000000000       0x28 inet.o
 .debug_ranges  0x0000000000000000      0x110 inet.o
 .debug_line    0x0000000000000000      0x302 inet.o
 .debug_str     0x0000000000000000      0x986 inet.o
 .comment       0x0000000000000000       0x12 inet.o
 .note.GNU-stack
                0x0000000000000000        0x0 inet.o
 .eh_frame      0x0000000000000000       0x80 inet.o

Memory Configuration

Name             Origin             Length             Attributes
*default*        0x0000000000000000 0xffffffffffffffff

Linker script and memory map

LOAD /home/ayyuce/Desktop/HlnOS/HelenOS/uspace/lib/c/arch/ia32/src/entry.o
                0x00000000000010f4                . = (0x1000 + SIZEOF_HEADERS)

.init           0x00000000000010f4       0x2e
 *(.init)
 .init          0x00000000000010f4       0x2e /home/ayyuce/Desktop/HlnOS/HelenOS/uspace/lib/c/arch/ia32/src/entry.o
                0x00000000000010f4                __entry

.text           0x0000000000001130      0xda4
 *(.text .text.*)
 .text          0x0000000000001130        0x0 /home/ayyuce/Desktop/HlnOS/HelenOS/uspace/lib/c/arch/ia32/src/entry.o
 .text          0x0000000000001130       0x45 inet.o
 *fill*         0x0000000000001175        0xb 
 .text.startup  0x0000000000001180      0x868 inet.o
                0x0000000000001180                main
 *(.rodata .rodata.*)
 .rodata.str1.1
                0x00000000000019e8      0x109 inet.o
 *fill*         0x0000000000001af1        0x3 
 .rodata.str1.4
                0x0000000000001af4      0x3e0 inet.o
                                        0x3de (size before relaxing)

.rel.plt        0x0000000000001ed4       0xc0
 *(.rel.plt)
 .rel.plt       0x0000000000001ed4       0xc0 /home/ayyuce/Desktop/HlnOS/HelenOS/uspace/lib/c/arch/ia32/src/entry.o

.rel.dyn        0x0000000000001f94        0x8
 *(.rel.*)
 .rel.got       0x0000000000001f94        0x0 /home/ayyuce/Desktop/HlnOS/HelenOS/uspace/lib/c/arch/ia32/src/entry.o
 .rel.bss       0x0000000000001f94        0x8 /home/ayyuce/Desktop/HlnOS/HelenOS/uspace/lib/c/arch/ia32/src/entry.o
 .rel.init      0x0000000000001f9c        0x0 /home/ayyuce/Desktop/HlnOS/HelenOS/uspace/lib/c/arch/ia32/src/entry.o
 .rel.text      0x0000000000001f9c        0x0 /home/ayyuce/Desktop/HlnOS/HelenOS/uspace/lib/c/arch/ia32/src/entry.o
 .rel.text.startup
                0x0000000000001f9c        0x0 /home/ayyuce/Desktop/HlnOS/HelenOS/uspace/lib/c/arch/ia32/src/entry.o

.plt            0x0000000000001fa0      0x190
 *(.plt)
 .plt           0x0000000000001fa0      0x190 /home/ayyuce/Desktop/HlnOS/HelenOS/uspace/lib/c/arch/ia32/src/entry.o
                0x0000000000001fb0                __main
                0x0000000000001fc0                inetcfg_init
                0x0000000000001fd0                inetcfg_sroute_get
                0x0000000000001fe0                printf
                0x0000000000001ff0                inetcfg_addr_get_id
                0x0000000000002000                inetcfg_addr_get
                0x0000000000002010                inet_addr_parse
                0x0000000000002020                inetcfg_sroute_get_id
                0x0000000000002030                inet_naddr_parse
                0x0000000000002040                loc_service_get_id
                0x0000000000002050                inetcfg_addr_create_static
                0x0000000000002060                inetcfg_get_sroute_list
                0x0000000000002070                inetcfg_addr_delete
                0x0000000000002080                inet_addr_format
                0x0000000000002090                inetcfg_get_addr_list
                0x00000000000020a0                inetcfg_link_get
                0x00000000000020b0                str_cmp
                0x00000000000020c0                inetcfg_sroute_create
                0x00000000000020d0                inetcfg_sroute_delete
                0x00000000000020e0                str_error
                0x00000000000020f0                inet_naddr_format
                0x0000000000002100                inetcfg_get_link_list
                0x0000000000002110                __syscall_fast
                0x0000000000002120                free

.dynsym         0x0000000000002130      0x1c0
 *(.dynsym)
 .dynsym        0x0000000000002130      0x1c0 /home/ayyuce/Desktop/HlnOS/HelenOS/uspace/lib/c/arch/ia32/src/entry.o

.dynstr         0x00000000000022f0      0x1cd
 *(.dynstr)
 .dynstr        0x00000000000022f0      0x1cd /home/ayyuce/Desktop/HlnOS/HelenOS/uspace/lib/c/arch/ia32/src/entry.o

.hash           0x00000000000024c0       0xbc
 *(.hash)
 .hash          0x00000000000024c0       0xbc /home/ayyuce/Desktop/HlnOS/HelenOS/uspace/lib/c/arch/ia32/src/entry.o

.interp         0x000000000000257c       0x13
 *(.interp)
 .interp        0x000000000000257c       0x13 /home/ayyuce/Desktop/HlnOS/HelenOS/uspace/lib/c/arch/ia32/src/entry.o
                0x000000000000358f                . = (. + 0x1000)

.dynamic        0x0000000000003590       0xa8
 *(.dynamic)
 .dynamic       0x0000000000003590       0xa8 /home/ayyuce/Desktop/HlnOS/HelenOS/uspace/lib/c/arch/ia32/src/entry.o
                0x0000000000003590                _DYNAMIC

.data           0x0000000000003638        0x0
 *(.data)
 .data          0x0000000000003638        0x0 /home/ayyuce/Desktop/HlnOS/HelenOS/uspace/lib/c/arch/ia32/src/entry.o
 .data          0x0000000000003638        0x0 inet.o

.data.rel
 *(.data.rel .data.rel.*)

.got            0x0000000000003638        0x0
 *(.got)
 .got           0x0000000000003638        0x0 /home/ayyuce/Desktop/HlnOS/HelenOS/uspace/lib/c/arch/ia32/src/entry.o

.got.plt        0x0000000000003638       0x6c
 *(.got.plt)
 .got.plt       0x0000000000003638       0x6c /home/ayyuce/Desktop/HlnOS/HelenOS/uspace/lib/c/arch/ia32/src/entry.o
                0x0000000000003638                _GLOBAL_OFFSET_TABLE_

.tdata
 *(.tdata)
 *(.gnu.linkonce.tb.*)

.tbss
 *(.tbss)

.bss            0x00000000000036a8        0x4
 *(.dynbss)
 .dynbss        0x00000000000036a8        0x4 /home/ayyuce/Desktop/HlnOS/HelenOS/uspace/lib/c/arch/ia32/src/entry.o
                0x00000000000036a8                __syscall_fast_func
 *(COMMON)
 *(.bss)
 .bss           0x00000000000036ac        0x0 /home/ayyuce/Desktop/HlnOS/HelenOS/uspace/lib/c/arch/ia32/src/entry.o
 .bss           0x00000000000036ac        0x0 inet.o

/DISCARD/
 *(*)
LOAD inet.o
LOAD ../../lib/c/libc.so.0
LOAD ../../lib/softint/libsoftint.so.0
OUTPUT(inet elf32-i386)
