Archive member included to satisfy reference by file (symbol)

../../../lib/drv/libdrv.a(driver.o)
                              port.o (ddf_fun_get_handle)
../../../lib/drv/libdrv.a(dev_iface.o)
                              ../../../lib/drv/libdrv.a(driver.o) (get_remote_iface)
../../../lib/drv/libdrv.a(remote_audio_mixer.o)
                              ../../../lib/drv/libdrv.a(dev_iface.o) (remote_audio_mixer_iface)
../../../lib/drv/libdrv.a(remote_audio_pcm.o)
                              ../../../lib/drv/libdrv.a(dev_iface.o) (remote_audio_pcm_iface)
../../../lib/drv/libdrv.a(remote_hw_res.o)
                              ../../../lib/drv/libdrv.a(dev_iface.o) (remote_hw_res_iface)
../../../lib/drv/libdrv.a(remote_pio_window.o)
                              ../../../lib/drv/libdrv.a(dev_iface.o) (remote_pio_window_iface)
../../../lib/drv/libdrv.a(remote_char_dev.o)
                              ../../../lib/drv/libdrv.a(dev_iface.o) (remote_char_dev_iface)
../../../lib/drv/libdrv.a(remote_nic.o)
                              ../../../lib/drv/libdrv.a(dev_iface.o) (remote_nic_iface)
../../../lib/drv/libdrv.a(remote_ieee80211.o)
                              ../../../lib/drv/libdrv.a(dev_iface.o) (remote_ieee80211_iface)
../../../lib/drv/libdrv.a(remote_usb.o)
                              ../../../lib/drv/libdrv.a(dev_iface.o) (remote_usb_iface)
../../../lib/drv/libdrv.a(remote_pci.o)
                              ../../../lib/drv/libdrv.a(dev_iface.o) (remote_pci_iface)
../../../lib/drv/libdrv.a(remote_usbhc.o)
                              ../../../lib/drv/libdrv.a(dev_iface.o) (remote_usbhc_iface)
../../../lib/drv/libdrv.a(remote_usbhid.o)
                              ../../../lib/drv/libdrv.a(dev_iface.o) (remote_usbhid_iface)
../../../lib/drv/libdrv.a(remote_clock_dev.o)
                              ../../../lib/drv/libdrv.a(dev_iface.o) (remote_clock_dev_iface)
../../../lib/drv/libdrv.a(remote_led_dev.o)
                              ../../../lib/drv/libdrv.a(dev_iface.o) (remote_led_dev_iface)
../../../lib/drv/libdrv.a(remote_battery_dev.o)
                              ../../../lib/drv/libdrv.a(dev_iface.o) (remote_battery_dev_iface)
../../../lib/drv/libdrv.a(remote_ahci.o)
                              ../../../lib/drv/libdrv.a(dev_iface.o) (remote_ahci_iface)
../../../lib/drv/libdrv.a(log.o)
                              ../../../lib/drv/libdrv.a(remote_audio_pcm.o) (ddf_msg)
../../../lib/graph/libgraph.a(graph.o)
                              port.o (graph_init_visualizer)
../../../lib/softrend/libsoftrend.a(pixconv.o)
                              port.o (pixel2rgb_0888)

Allocating common symbols
Common symbol       size              file

static_assert       0x4               ../../../lib/drv/libdrv.a(remote_usb.o)

Discarded input sections

 .debug_line    0x0000000000000000       0x53 /home/ayyuce/Desktop/HlnOS/HelenOS/uspace/lib/c/arch/ia32/src/entry.o
 .debug_info    0x0000000000000000       0x6c /home/ayyuce/Desktop/HlnOS/HelenOS/uspace/lib/c/arch/ia32/src/entry.o
 .debug_abbrev  0x0000000000000000       0x14 /home/ayyuce/Desktop/HlnOS/HelenOS/uspace/lib/c/arch/ia32/src/entry.o
 .debug_aranges
                0x0000000000000000       0x20 /home/ayyuce/Desktop/HlnOS/HelenOS/uspace/lib/c/arch/ia32/src/entry.o
 .debug_info    0x0000000000000000     0x1202 port.o
 .debug_abbrev  0x0000000000000000      0x328 port.o
 .debug_loc     0x0000000000000000      0x368 port.o
 .debug_aranges
                0x0000000000000000       0x20 port.o
 .debug_ranges  0x0000000000000000       0xe0 port.o
 .debug_line    0x0000000000000000      0x501 port.o
 .debug_str     0x0000000000000000      0xf8c port.o
 .comment       0x0000000000000000       0x12 port.o
 .note.GNU-stack
                0x0000000000000000        0x0 port.o
 .eh_frame      0x0000000000000000      0x144 port.o
 .debug_info    0x0000000000000000      0x684 kfb.o
 .debug_abbrev  0x0000000000000000      0x17e kfb.o
 .debug_aranges
                0x0000000000000000       0x28 kfb.o
 .debug_ranges  0x0000000000000000       0x18 kfb.o
 .debug_line    0x0000000000000000      0x211 kfb.o
 .debug_str     0x0000000000000000      0x97d kfb.o
 .comment       0x0000000000000000       0x12 kfb.o
 .note.GNU-stack
                0x0000000000000000        0x0 kfb.o
 .eh_frame      0x0000000000000000       0x64 kfb.o
 .debug_info    0x0000000000000000     0x2c13 ../../../lib/drv/libdrv.a(driver.o)
 .debug_abbrev  0x0000000000000000      0x43e ../../../lib/drv/libdrv.a(driver.o)
 .debug_loc     0x0000000000000000      0xd65 ../../../lib/drv/libdrv.a(driver.o)
 .debug_aranges
                0x0000000000000000       0x20 ../../../lib/drv/libdrv.a(driver.o)
 .debug_ranges  0x0000000000000000      0x450 ../../../lib/drv/libdrv.a(driver.o)
 .debug_line    0x0000000000000000      0x826 ../../../lib/drv/libdrv.a(driver.o)
 .debug_str     0x0000000000000000     0x16bc ../../../lib/drv/libdrv.a(driver.o)
 .comment       0x0000000000000000       0x12 ../../../lib/drv/libdrv.a(driver.o)
 .note.GNU-stack
                0x0000000000000000        0x0 ../../../lib/drv/libdrv.a(driver.o)
 .eh_frame      0x0000000000000000      0x4a4 ../../../lib/drv/libdrv.a(driver.o)
 .debug_info    0x0000000000000000      0x592 ../../../lib/drv/libdrv.a(dev_iface.o)
 .debug_abbrev  0x0000000000000000      0x190 ../../../lib/drv/libdrv.a(dev_iface.o)
 .debug_loc     0x0000000000000000       0x4a ../../../lib/drv/libdrv.a(dev_iface.o)
 .debug_aranges
                0x0000000000000000       0x20 ../../../lib/drv/libdrv.a(dev_iface.o)
 .debug_line    0x0000000000000000      0x2c0 ../../../lib/drv/libdrv.a(dev_iface.o)
 .debug_str     0x0000000000000000      0x963 ../../../lib/drv/libdrv.a(dev_iface.o)
 .comment       0x0000000000000000       0x12 ../../../lib/drv/libdrv.a(dev_iface.o)
 .note.GNU-stack
                0x0000000000000000        0x0 ../../../lib/drv/libdrv.a(dev_iface.o)
 .eh_frame      0x0000000000000000       0x84 ../../../lib/drv/libdrv.a(dev_iface.o)
 .debug_info    0x0000000000000000      0xc03 ../../../lib/drv/libdrv.a(remote_audio_mixer.o)
 .debug_abbrev  0x0000000000000000      0x254 ../../../lib/drv/libdrv.a(remote_audio_mixer.o)
 .debug_loc     0x0000000000000000      0x3d1 ../../../lib/drv/libdrv.a(remote_audio_mixer.o)
 .debug_aranges
                0x0000000000000000       0x20 ../../../lib/drv/libdrv.a(remote_audio_mixer.o)
 .debug_ranges  0x0000000000000000       0x80 ../../../lib/drv/libdrv.a(remote_audio_mixer.o)
 .debug_line    0x0000000000000000      0x31a ../../../lib/drv/libdrv.a(remote_audio_mixer.o)
 .debug_str     0x0000000000000000      0xb88 ../../../lib/drv/libdrv.a(remote_audio_mixer.o)
 .comment       0x0000000000000000       0x12 ../../../lib/drv/libdrv.a(remote_audio_mixer.o)
 .note.GNU-stack
                0x0000000000000000        0x0 ../../../lib/drv/libdrv.a(remote_audio_mixer.o)
 .eh_frame      0x0000000000000000      0x1c4 ../../../lib/drv/libdrv.a(remote_audio_mixer.o)
 .debug_info    0x0000000000000000     0x2298 ../../../lib/drv/libdrv.a(remote_audio_pcm.o)
 .debug_abbrev  0x0000000000000000      0x3d2 ../../../lib/drv/libdrv.a(remote_audio_pcm.o)
 .debug_loc     0x0000000000000000      0xef5 ../../../lib/drv/libdrv.a(remote_audio_pcm.o)
 .debug_aranges
                0x0000000000000000       0x20 ../../../lib/drv/libdrv.a(remote_audio_pcm.o)
 .debug_ranges  0x0000000000000000       0xb8 ../../../lib/drv/libdrv.a(remote_audio_pcm.o)
 .debug_line    0x0000000000000000      0x647 ../../../lib/drv/libdrv.a(remote_audio_pcm.o)
 .debug_str     0x0000000000000000     0x198d ../../../lib/drv/libdrv.a(remote_audio_pcm.o)
 .comment       0x0000000000000000       0x12 ../../../lib/drv/libdrv.a(remote_audio_pcm.o)
 .note.GNU-stack
                0x0000000000000000        0x0 ../../../lib/drv/libdrv.a(remote_audio_pcm.o)
 .eh_frame      0x0000000000000000      0x63c ../../../lib/drv/libdrv.a(remote_audio_pcm.o)
 .debug_info    0x0000000000000000      0x9fb ../../../lib/drv/libdrv.a(remote_hw_res.o)
 .debug_abbrev  0x0000000000000000      0x1f5 ../../../lib/drv/libdrv.a(remote_hw_res.o)
 .debug_loc     0x0000000000000000      0x255 ../../../lib/drv/libdrv.a(remote_hw_res.o)
 .debug_aranges
                0x0000000000000000       0x20 ../../../lib/drv/libdrv.a(remote_hw_res.o)
 .debug_line    0x0000000000000000      0x26d ../../../lib/drv/libdrv.a(remote_hw_res.o)
 .debug_str     0x0000000000000000      0xb5c ../../../lib/drv/libdrv.a(remote_hw_res.o)
 .comment       0x0000000000000000       0x12 ../../../lib/drv/libdrv.a(remote_hw_res.o)
 .note.GNU-stack
                0x0000000000000000        0x0 ../../../lib/drv/libdrv.a(remote_hw_res.o)
 .eh_frame      0x0000000000000000       0xf0 ../../../lib/drv/libdrv.a(remote_hw_res.o)
 .debug_info    0x0000000000000000      0x624 ../../../lib/drv/libdrv.a(remote_pio_window.o)
 .debug_abbrev  0x0000000000000000      0x1af ../../../lib/drv/libdrv.a(remote_pio_window.o)
 .debug_loc     0x0000000000000000       0x54 ../../../lib/drv/libdrv.a(remote_pio_window.o)
 .debug_aranges
                0x0000000000000000       0x20 ../../../lib/drv/libdrv.a(remote_pio_window.o)
 .debug_line    0x0000000000000000      0x245 ../../../lib/drv/libdrv.a(remote_pio_window.o)
 .debug_str     0x0000000000000000      0x970 ../../../lib/drv/libdrv.a(remote_pio_window.o)
 .comment       0x0000000000000000       0x12 ../../../lib/drv/libdrv.a(remote_pio_window.o)
 .note.GNU-stack
                0x0000000000000000        0x0 ../../../lib/drv/libdrv.a(remote_pio_window.o)
 .eh_frame      0x0000000000000000       0x58 ../../../lib/drv/libdrv.a(remote_pio_window.o)
 .debug_info    0x0000000000000000      0x9f8 ../../../lib/drv/libdrv.a(remote_char_dev.o)
 .debug_abbrev  0x0000000000000000      0x243 ../../../lib/drv/libdrv.a(remote_char_dev.o)
 .debug_loc     0x0000000000000000      0x304 ../../../lib/drv/libdrv.a(remote_char_dev.o)
 .debug_aranges
                0x0000000000000000       0x20 ../../../lib/drv/libdrv.a(remote_char_dev.o)
 .debug_ranges  0x0000000000000000       0x40 ../../../lib/drv/libdrv.a(remote_char_dev.o)
 .debug_line    0x0000000000000000      0x29f ../../../lib/drv/libdrv.a(remote_char_dev.o)
 .debug_str     0x0000000000000000      0xa95 ../../../lib/drv/libdrv.a(remote_char_dev.o)
 .comment       0x0000000000000000       0x12 ../../../lib/drv/libdrv.a(remote_char_dev.o)
 .note.GNU-stack
                0x0000000000000000        0x0 ../../../lib/drv/libdrv.a(remote_char_dev.o)
 .eh_frame      0x0000000000000000      0x120 ../../../lib/drv/libdrv.a(remote_char_dev.o)
 .debug_info    0x0000000000000000     0x55bd ../../../lib/drv/libdrv.a(remote_nic.o)
 .debug_abbrev  0x0000000000000000      0x35f ../../../lib/drv/libdrv.a(remote_nic.o)
 .debug_loc     0x0000000000000000     0x25cf ../../../lib/drv/libdrv.a(remote_nic.o)
 .debug_aranges
                0x0000000000000000       0x20 ../../../lib/drv/libdrv.a(remote_nic.o)
 .debug_ranges  0x0000000000000000      0x180 ../../../lib/drv/libdrv.a(remote_nic.o)
 .debug_line    0x0000000000000000      0xc19 ../../../lib/drv/libdrv.a(remote_nic.o)
 .debug_str     0x0000000000000000     0x261b ../../../lib/drv/libdrv.a(remote_nic.o)
 .comment       0x0000000000000000       0x12 ../../../lib/drv/libdrv.a(remote_nic.o)
 .note.GNU-stack
                0x0000000000000000        0x0 ../../../lib/drv/libdrv.a(remote_nic.o)
 .eh_frame      0x0000000000000000     0x1028 ../../../lib/drv/libdrv.a(remote_nic.o)
 .debug_info    0x0000000000000000     0x1192 ../../../lib/drv/libdrv.a(remote_ieee80211.o)
 .debug_abbrev  0x0000000000000000      0x38d ../../../lib/drv/libdrv.a(remote_ieee80211.o)
 .debug_loc     0x0000000000000000      0x489 ../../../lib/drv/libdrv.a(remote_ieee80211.o)
 .debug_aranges
                0x0000000000000000       0x20 ../../../lib/drv/libdrv.a(remote_ieee80211.o)
 .debug_ranges  0x0000000000000000       0x70 ../../../lib/drv/libdrv.a(remote_ieee80211.o)
 .debug_line    0x0000000000000000      0x408 ../../../lib/drv/libdrv.a(remote_ieee80211.o)
 .debug_str     0x0000000000000000      0xeb5 ../../../lib/drv/libdrv.a(remote_ieee80211.o)
 .comment       0x0000000000000000       0x12 ../../../lib/drv/libdrv.a(remote_ieee80211.o)
 .note.GNU-stack
                0x0000000000000000        0x0 ../../../lib/drv/libdrv.a(remote_ieee80211.o)
 .eh_frame      0x0000000000000000      0x144 ../../../lib/drv/libdrv.a(remote_ieee80211.o)
 .debug_info    0x0000000000000000     0x1888 ../../../lib/drv/libdrv.a(remote_usb.o)
 .debug_abbrev  0x0000000000000000      0x3a7 ../../../lib/drv/libdrv.a(remote_usb.o)
 .debug_loc     0x0000000000000000      0x886 ../../../lib/drv/libdrv.a(remote_usb.o)
 .debug_aranges
                0x0000000000000000       0x20 ../../../lib/drv/libdrv.a(remote_usb.o)
 .debug_ranges  0x0000000000000000       0xd8 ../../../lib/drv/libdrv.a(remote_usb.o)
 .debug_line    0x0000000000000000      0x4aa ../../../lib/drv/libdrv.a(remote_usb.o)
 .debug_str     0x0000000000000000     0x1125 ../../../lib/drv/libdrv.a(remote_usb.o)
 .comment       0x0000000000000000       0x12 ../../../lib/drv/libdrv.a(remote_usb.o)
 .note.GNU-stack
                0x0000000000000000        0x0 ../../../lib/drv/libdrv.a(remote_usb.o)
 .eh_frame      0x0000000000000000      0x4a8 ../../../lib/drv/libdrv.a(remote_usb.o)
 .debug_info    0x0000000000000000     0x10b2 ../../../lib/drv/libdrv.a(remote_pci.o)
 .debug_abbrev  0x0000000000000000      0x260 ../../../lib/drv/libdrv.a(remote_pci.o)
 .debug_loc     0x0000000000000000      0x70c ../../../lib/drv/libdrv.a(remote_pci.o)
 .debug_aranges
                0x0000000000000000       0x20 ../../../lib/drv/libdrv.a(remote_pci.o)
 .debug_line    0x0000000000000000      0x2de ../../../lib/drv/libdrv.a(remote_pci.o)
 .debug_str     0x0000000000000000      0xbdb ../../../lib/drv/libdrv.a(remote_pci.o)
 .comment       0x0000000000000000       0x12 ../../../lib/drv/libdrv.a(remote_pci.o)
 .note.GNU-stack
                0x0000000000000000        0x0 ../../../lib/drv/libdrv.a(remote_pci.o)
 .eh_frame      0x0000000000000000      0x254 ../../../lib/drv/libdrv.a(remote_pci.o)
 .debug_info    0x0000000000000000      0xdc9 ../../../lib/drv/libdrv.a(remote_usbhc.o)
 .debug_abbrev  0x0000000000000000      0x331 ../../../lib/drv/libdrv.a(remote_usbhc.o)
 .debug_loc     0x0000000000000000      0x41d ../../../lib/drv/libdrv.a(remote_usbhc.o)
 .debug_aranges
                0x0000000000000000       0x20 ../../../lib/drv/libdrv.a(remote_usbhc.o)
 .debug_ranges  0x0000000000000000       0xd8 ../../../lib/drv/libdrv.a(remote_usbhc.o)
 .debug_line    0x0000000000000000      0x37d ../../../lib/drv/libdrv.a(remote_usbhc.o)
 .debug_str     0x0000000000000000      0xbd1 ../../../lib/drv/libdrv.a(remote_usbhc.o)
 .comment       0x0000000000000000       0x12 ../../../lib/drv/libdrv.a(remote_usbhc.o)
 .note.GNU-stack
                0x0000000000000000        0x0 ../../../lib/drv/libdrv.a(remote_usbhc.o)
 .eh_frame      0x0000000000000000      0x19c ../../../lib/drv/libdrv.a(remote_usbhc.o)
 .debug_info    0x0000000000000000      0xe2c ../../../lib/drv/libdrv.a(remote_usbhid.o)
 .debug_abbrev  0x0000000000000000      0x2da ../../../lib/drv/libdrv.a(remote_usbhid.o)
 .debug_loc     0x0000000000000000      0x64b ../../../lib/drv/libdrv.a(remote_usbhid.o)
 .debug_aranges
                0x0000000000000000       0x20 ../../../lib/drv/libdrv.a(remote_usbhid.o)
 .debug_ranges  0x0000000000000000       0x18 ../../../lib/drv/libdrv.a(remote_usbhid.o)
 .debug_line    0x0000000000000000      0x347 ../../../lib/drv/libdrv.a(remote_usbhid.o)
 .debug_str     0x0000000000000000      0xcbb ../../../lib/drv/libdrv.a(remote_usbhid.o)
 .comment       0x0000000000000000       0x12 ../../../lib/drv/libdrv.a(remote_usbhid.o)
 .note.GNU-stack
                0x0000000000000000        0x0 ../../../lib/drv/libdrv.a(remote_usbhid.o)
 .eh_frame      0x0000000000000000      0x21c ../../../lib/drv/libdrv.a(remote_usbhid.o)
 .debug_info    0x0000000000000000      0x77c ../../../lib/drv/libdrv.a(remote_clock_dev.o)
 .debug_abbrev  0x0000000000000000      0x1be ../../../lib/drv/libdrv.a(remote_clock_dev.o)
 .debug_loc     0x0000000000000000       0x94 ../../../lib/drv/libdrv.a(remote_clock_dev.o)
 .debug_aranges
                0x0000000000000000       0x20 ../../../lib/drv/libdrv.a(remote_clock_dev.o)
 .debug_line    0x0000000000000000      0x279 ../../../lib/drv/libdrv.a(remote_clock_dev.o)
 .debug_str     0x0000000000000000      0x9f3 ../../../lib/drv/libdrv.a(remote_clock_dev.o)
 .comment       0x0000000000000000       0x12 ../../../lib/drv/libdrv.a(remote_clock_dev.o)
 .note.GNU-stack
                0x0000000000000000        0x0 ../../../lib/drv/libdrv.a(remote_clock_dev.o)
 .eh_frame      0x0000000000000000       0xa4 ../../../lib/drv/libdrv.a(remote_clock_dev.o)
 .debug_info    0x0000000000000000      0x5a6 ../../../lib/drv/libdrv.a(remote_led_dev.o)
 .debug_abbrev  0x0000000000000000      0x192 ../../../lib/drv/libdrv.a(remote_led_dev.o)
 .debug_loc     0x0000000000000000       0x91 ../../../lib/drv/libdrv.a(remote_led_dev.o)
 .debug_aranges
                0x0000000000000000       0x20 ../../../lib/drv/libdrv.a(remote_led_dev.o)
 .debug_line    0x0000000000000000      0x24c ../../../lib/drv/libdrv.a(remote_led_dev.o)
 .debug_str     0x0000000000000000      0x912 ../../../lib/drv/libdrv.a(remote_led_dev.o)
 .comment       0x0000000000000000       0x12 ../../../lib/drv/libdrv.a(remote_led_dev.o)
 .note.GNU-stack
                0x0000000000000000        0x0 ../../../lib/drv/libdrv.a(remote_led_dev.o)
 .eh_frame      0x0000000000000000       0x44 ../../../lib/drv/libdrv.a(remote_led_dev.o)
 .debug_info    0x0000000000000000      0x7f2 ../../../lib/drv/libdrv.a(remote_battery_dev.o)
 .debug_abbrev  0x0000000000000000      0x1bc ../../../lib/drv/libdrv.a(remote_battery_dev.o)
 .debug_loc     0x0000000000000000       0xb6 ../../../lib/drv/libdrv.a(remote_battery_dev.o)
 .debug_aranges
                0x0000000000000000       0x20 ../../../lib/drv/libdrv.a(remote_battery_dev.o)
 .debug_line    0x0000000000000000      0x250 ../../../lib/drv/libdrv.a(remote_battery_dev.o)
 .debug_str     0x0000000000000000      0xa5e ../../../lib/drv/libdrv.a(remote_battery_dev.o)
 .comment       0x0000000000000000       0x12 ../../../lib/drv/libdrv.a(remote_battery_dev.o)
 .note.GNU-stack
                0x0000000000000000        0x0 ../../../lib/drv/libdrv.a(remote_battery_dev.o)
 .eh_frame      0x0000000000000000       0xc0 ../../../lib/drv/libdrv.a(remote_battery_dev.o)
 .debug_info    0x0000000000000000      0xee6 ../../../lib/drv/libdrv.a(remote_ahci.o)
 .debug_abbrev  0x0000000000000000      0x251 ../../../lib/drv/libdrv.a(remote_ahci.o)
 .debug_loc     0x0000000000000000      0x413 ../../../lib/drv/libdrv.a(remote_ahci.o)
 .debug_aranges
                0x0000000000000000       0x20 ../../../lib/drv/libdrv.a(remote_ahci.o)
 .debug_line    0x0000000000000000      0x314 ../../../lib/drv/libdrv.a(remote_ahci.o)
 .debug_str     0x0000000000000000      0xcf0 ../../../lib/drv/libdrv.a(remote_ahci.o)
 .comment       0x0000000000000000       0x12 ../../../lib/drv/libdrv.a(remote_ahci.o)
 .note.GNU-stack
                0x0000000000000000        0x0 ../../../lib/drv/libdrv.a(remote_ahci.o)
 .eh_frame      0x0000000000000000      0x244 ../../../lib/drv/libdrv.a(remote_ahci.o)
 .debug_info    0x0000000000000000      0x183 ../../../lib/drv/libdrv.a(log.o)
 .debug_abbrev  0x0000000000000000      0x108 ../../../lib/drv/libdrv.a(log.o)
 .debug_loc     0x0000000000000000       0x20 ../../../lib/drv/libdrv.a(log.o)
 .debug_aranges
                0x0000000000000000       0x20 ../../../lib/drv/libdrv.a(log.o)
 .debug_line    0x0000000000000000       0xe4 ../../../lib/drv/libdrv.a(log.o)
 .debug_str     0x0000000000000000      0x233 ../../../lib/drv/libdrv.a(log.o)
 .comment       0x0000000000000000       0x12 ../../../lib/drv/libdrv.a(log.o)
 .note.GNU-stack
                0x0000000000000000        0x0 ../../../lib/drv/libdrv.a(log.o)
 .eh_frame      0x0000000000000000       0x58 ../../../lib/drv/libdrv.a(log.o)
 .debug_info    0x0000000000000000     0x2378 ../../../lib/graph/libgraph.a(graph.o)
 .debug_abbrev  0x0000000000000000      0x486 ../../../lib/graph/libgraph.a(graph.o)
 .debug_loc     0x0000000000000000      0xf2a ../../../lib/graph/libgraph.a(graph.o)
 .debug_aranges
                0x0000000000000000       0x28 ../../../lib/graph/libgraph.a(graph.o)
 .debug_ranges  0x0000000000000000      0x238 ../../../lib/graph/libgraph.a(graph.o)
 .debug_line    0x0000000000000000      0x5ab ../../../lib/graph/libgraph.a(graph.o)
 .debug_str     0x0000000000000000     0x11d4 ../../../lib/graph/libgraph.a(graph.o)
 .comment       0x0000000000000000       0x12 ../../../lib/graph/libgraph.a(graph.o)
 .note.GNU-stack
                0x0000000000000000        0x0 ../../../lib/graph/libgraph.a(graph.o)
 .eh_frame      0x0000000000000000      0x2fc ../../../lib/graph/libgraph.a(graph.o)
 .debug_info    0x0000000000000000      0xc08 ../../../lib/softrend/libsoftrend.a(pixconv.o)
 .debug_abbrev  0x0000000000000000      0x1c5 ../../../lib/softrend/libsoftrend.a(pixconv.o)
 .debug_loc     0x0000000000000000      0x159 ../../../lib/softrend/libsoftrend.a(pixconv.o)
 .debug_aranges
                0x0000000000000000       0x20 ../../../lib/softrend/libsoftrend.a(pixconv.o)
 .debug_ranges  0x0000000000000000       0x20 ../../../lib/softrend/libsoftrend.a(pixconv.o)
 .debug_line    0x0000000000000000      0x295 ../../../lib/softrend/libsoftrend.a(pixconv.o)
 .debug_str     0x0000000000000000      0x458 ../../../lib/softrend/libsoftrend.a(pixconv.o)
 .comment       0x0000000000000000       0x12 ../../../lib/softrend/libsoftrend.a(pixconv.o)
 .note.GNU-stack
                0x0000000000000000        0x0 ../../../lib/softrend/libsoftrend.a(pixconv.o)
 .eh_frame      0x0000000000000000      0x520 ../../../lib/softrend/libsoftrend.a(pixconv.o)

Memory Configuration

Name             Origin             Length             Attributes
*default*        0x0000000000000000 0xffffffffffffffff

Linker script and memory map

LOAD /home/ayyuce/Desktop/HlnOS/HelenOS/uspace/lib/c/arch/ia32/src/entry.o
                0x00000000000010f4                . = (0x1000 + SIZEOF_HEADERS)

.init           0x00000000000010f4       0x2e
 *(.init)
 .init          0x00000000000010f4       0x2e /home/ayyuce/Desktop/HlnOS/HelenOS/uspace/lib/c/arch/ia32/src/entry.o
                0x00000000000010f4                __entry

.text           0x0000000000001140     0xcafc
 *(.text .text.*)
 .text          0x0000000000001140        0x0 /home/ayyuce/Desktop/HlnOS/HelenOS/uspace/lib/c/arch/ia32/src/entry.o
 .text          0x0000000000001140      0x6fa port.o
                0x0000000000001350                port_init
 *fill*         0x000000000000183a        0x6 
 .text          0x0000000000001840       0x24 kfb.o
 *fill*         0x0000000000001864        0xc 
 .text.startup  0x0000000000001870       0x34 kfb.o
                0x0000000000001870                main
 *fill*         0x00000000000018a4        0xc 
 .text          0x00000000000018b0     0x118c ../../../lib/drv/libdrv.a(driver.o)
                0x00000000000021b0                ddf_dev_data_alloc
                0x00000000000021f0                ddf_dev_data_get
                0x0000000000002200                ddf_dev_get_handle
                0x0000000000002210                ddf_dev_get_name
                0x0000000000002220                ddf_dev_parent_sess_create
                0x0000000000002260                ddf_dev_parent_sess_get
                0x0000000000002270                ddf_fun_set_name
                0x00000000000022c0                ddf_fun_get_dev
                0x00000000000022d0                ddf_fun_get_handle
                0x00000000000022e0                ddf_fun_create
                0x00000000000023f0                ddf_fun_data_alloc
                0x0000000000002450                ddf_fun_data_get
                0x0000000000002460                ddf_fun_get_name
                0x0000000000002470                ddf_fun_destroy
                0x00000000000025a0                ddf_fun_bind
                0x00000000000026d0                ddf_fun_unbind
                0x0000000000002770                ddf_fun_online
                0x00000000000027a0                ddf_fun_offline
                0x00000000000027d0                ddf_fun_add_match_id
                0x0000000000002890                ddf_fun_set_ops
                0x00000000000028c0                ddf_fun_set_conn_handler
                0x00000000000028f0                ddf_fun_add_to_category
                0x0000000000002940                ddf_driver_main
 *fill*         0x0000000000002a3c        0x4 
 .text          0x0000000000002a40       0x5c ../../../lib/drv/libdrv.a(dev_iface.o)
                0x0000000000002a40                get_remote_iface
                0x0000000000002a70                get_remote_method
                0x0000000000002a90                is_valid_iface_idx
 *fill*         0x0000000000002a9c        0x4 
 .text          0x0000000000002aa0      0x53f ../../../lib/drv/libdrv.a(remote_audio_mixer.o)
                0x0000000000002d60                audio_mixer_get_info
                0x0000000000002e50                audio_mixer_get_item_info
                0x0000000000002f50                audio_mixer_set_item_level
                0x0000000000002f90                audio_mixer_get_item_level
 *fill*         0x0000000000002fdf        0x1 
 .text          0x0000000000002fe0     0x1116 ../../../lib/drv/libdrv.a(remote_audio_pcm.o)
                0x00000000000036a0                audio_pcm_cap_str
                0x00000000000036c0                audio_pcm_event_str
                0x00000000000036e0                audio_pcm_open_default
                0x0000000000003780                audio_pcm_open
                0x00000000000037c0                audio_pcm_open_service
                0x00000000000037e0                audio_pcm_close
                0x0000000000003800                audio_pcm_get_info_str
                0x00000000000038f0                audio_pcm_query_cap
                0x0000000000003950                audio_pcm_get_buffer_pos
                0x00000000000039d0                audio_pcm_test_format
                0x0000000000003b00                audio_pcm_register_event_callback
                0x0000000000003b90                audio_pcm_unregister_event_callback
                0x0000000000003be0                audio_pcm_get_buffer
                0x0000000000003c90                audio_pcm_release_buffer
                0x0000000000003ce0                audio_pcm_start_playback_fragment
                0x0000000000003d70                audio_pcm_last_playback_fragment
                0x0000000000003dc0                audio_pcm_start_playback
                0x0000000000003e50                audio_pcm_stop_playback_immediate
                0x0000000000003ea0                audio_pcm_stop_playback
                0x0000000000003ef0                audio_pcm_start_capture_fragment
                0x0000000000003f80                audio_pcm_start_capture
                0x0000000000004010                audio_pcm_last_capture_fragment
                0x0000000000004060                audio_pcm_stop_capture_immediate
                0x00000000000040b0                audio_pcm_stop_capture
 *fill*         0x00000000000040f6        0xa 
 .text          0x0000000000004100      0x1dd ../../../lib/drv/libdrv.a(remote_hw_res.o)
 *fill*         0x00000000000042dd        0x3 
 .text          0x00000000000042e0       0x95 ../../../lib/drv/libdrv.a(remote_pio_window.o)
 *fill*         0x0000000000004375        0xb 
 .text          0x0000000000004380      0x341 ../../../lib/drv/libdrv.a(remote_char_dev.o)
                0x0000000000004570                char_dev_read
                0x0000000000004620                char_dev_write
 *fill*         0x00000000000046c1        0xf 
 .text          0x00000000000046d0     0x3596 ../../../lib/drv/libdrv.a(remote_nic.o)
                0x00000000000065a0                nic_send_frame
                0x0000000000006630                nic_callback_create
                0x00000000000066d0                nic_get_state
                0x0000000000006740                nic_set_state
                0x0000000000006790                nic_get_address
                0x0000000000006820                nic_set_address
                0x00000000000068b0                nic_get_stats
                0x0000000000006950                nic_get_device_info
                0x00000000000069e0                nic_get_cable_state
                0x0000000000006a50                nic_get_operation_mode
                0x0000000000006ad0                nic_set_operation_mode
                0x0000000000006b20                nic_autoneg_enable
                0x0000000000006b70                nic_autoneg_disable
                0x0000000000006bc0                nic_autoneg_probe
                0x0000000000006c50                nic_autoneg_restart
                0x0000000000006ca0                nic_get_pause
                0x0000000000006d20                nic_set_pause
                0x0000000000006d80                nic_unicast_get_mode
                0x0000000000006e50                nic_unicast_set_mode
                0x0000000000006f30                nic_multicast_get_mode
                0x0000000000007000                nic_multicast_set_mode
                0x00000000000070e0                nic_broadcast_get_mode
                0x0000000000007150                nic_broadcast_set_mode
                0x00000000000071a0                nic_defective_get_mode
                0x0000000000007210                nic_defective_set_mode
                0x0000000000007260                nic_blocked_sources_get
                0x0000000000007300                nic_blocked_sources_set
                0x00000000000073f0                nic_vlan_get_mask
                0x0000000000007490                nic_vlan_set_mask
                0x0000000000007530                nic_vlan_set_tag
                0x00000000000075a0                nic_wol_virtue_add
                0x0000000000007680                nic_wol_virtue_remove
                0x00000000000076d0                nic_wol_virtue_probe
                0x0000000000007790                nic_wol_virtue_list
                0x00000000000078a0                nic_wol_virtue_get_caps
                0x0000000000007920                nic_wol_load_info
                0x00000000000079f0                nic_offload_probe
                0x0000000000007a90                nic_offload_set
                0x0000000000007ae0                nic_poll_get_mode
                0x0000000000007b80                nic_poll_set_mode
                0x0000000000007c20                nic_poll_now
 *fill*         0x0000000000007c66        0xa 
 .text          0x0000000000007c70      0x690 ../../../lib/drv/libdrv.a(remote_ieee80211.o)
                0x0000000000007eb0                ieee80211_get_scan_results
                0x0000000000007f40                ieee80211_connect
                0x0000000000008100                ieee80211_disconnect
 .text          0x0000000000008300      0xb5c ../../../lib/drv/libdrv.a(remote_usb.o)
                0x0000000000008a00                usb_dev_connect
                0x0000000000008a20                usb_dev_connect_to_self
                0x0000000000008a40                usb_dev_disconnect
                0x0000000000008a60                usb_get_my_interface
                0x0000000000008ab0                usb_get_my_device_handle
                0x0000000000008b00                usb_reserve_default_address
                0x0000000000008b40                usb_release_default_address
                0x0000000000008b80                usb_device_enumerate
                0x0000000000008bc0                usb_device_remove
                0x0000000000008c00                usb_register_endpoint
                0x0000000000008c70                usb_unregister_endpoint
                0x0000000000008cb0                usb_read
                0x0000000000008da0                usb_write
 *fill*         0x0000000000008e5c        0x4 
 .text          0x0000000000008e60      0x55a ../../../lib/drv/libdrv.a(remote_pci.o)
                0x0000000000009190                pci_config_space_read_8
                0x00000000000091f0                pci_config_space_read_16
                0x0000000000009250                pci_config_space_read_32
                0x00000000000092b0                pci_config_space_write_8
                0x0000000000009310                pci_config_space_write_16
                0x0000000000009370                pci_config_space_write_32
 *fill*         0x00000000000093ba        0x6 
 .text          0x00000000000093c0      0x5ec ../../../lib/drv/libdrv.a(remote_usbhc.o)
                0x00000000000097e0                usbhc_read
                0x00000000000098e0                usbhc_write
 *fill*         0x00000000000099ac        0x4 
 .text          0x00000000000099b0      0x6fb ../../../lib/drv/libdrv.a(remote_usbhid.o)
                0x0000000000009d40                usbhid_dev_get_event_length
                0x0000000000009db0                usbhid_dev_get_event
                0x0000000000009f20                usbhid_dev_get_report_descriptor_length
                0x0000000000009f90                usbhid_dev_get_report_descriptor
 *fill*         0x000000000000a0ab        0x5 
 .text          0x000000000000a0b0      0x164 ../../../lib/drv/libdrv.a(remote_clock_dev.o)
 *fill*         0x000000000000a214        0xc 
 .text          0x000000000000a220       0x4b ../../../lib/drv/libdrv.a(remote_led_dev.o)
 *fill*         0x000000000000a26b        0x5 
 .text          0x000000000000a270      0x197 ../../../lib/drv/libdrv.a(remote_battery_dev.o)
                0x000000000000a350                battery_status_get
                0x000000000000a3b0                battery_charge_level_get
 *fill*         0x000000000000a407        0x9 
 .text          0x000000000000a410      0x57f ../../../lib/drv/libdrv.a(remote_ahci.o)
                0x000000000000a6b0                ahci_get_sess
                0x000000000000a750                ahci_get_sata_device_name
                0x000000000000a7c0                ahci_get_num_blocks
                0x000000000000a840                ahci_get_block_size
                0x000000000000a8b0                ahci_read_blocks
                0x000000000000a920                ahci_write_blocks
 *fill*         0x000000000000a98f        0x1 
 .text          0x000000000000a990       0x2e ../../../lib/drv/libdrv.a(log.o)
                0x000000000000a990                ddf_log_init
                0x000000000000a9a0                ddf_msg
 *fill*         0x000000000000a9be        0x2 
 .text          0x000000000000a9c0      0x83b ../../../lib/graph/libgraph.a(graph.o)
                0x000000000000a9c0                graph_alloc_visualizer
                0x000000000000a9e0                graph_alloc_renderer
                0x000000000000a9f0                graph_init_visualizer
                0x000000000000aa50                graph_init_renderer
                0x000000000000aa70                graph_register_visualizer
                0x000000000000ab70                graph_register_renderer
                0x000000000000ac70                graph_get_visualizer
                0x000000000000acd0                graph_get_renderer
                0x000000000000ad30                graph_unregister_visualizer
                0x000000000000ad90                graph_unregister_renderer
                0x000000000000adf0                graph_destroy_visualizer
                0x000000000000aef0                graph_destroy_renderer
                0x000000000000af20                graph_notify_mode_change
                0x000000000000af70                graph_notify_disconnect
                0x000000000000afd0                graph_visualizer_connection
                0x000000000000b010                graph_renderer_connection
                0x000000000000b050                graph_client_connection
 .text.unlikely
                0x000000000000b1fb      0x508 ../../../lib/graph/libgraph.a(graph.o)
 *fill*         0x000000000000b703        0xd 
 .text          0x000000000000b710      0x8b0 ../../../lib/softrend/libsoftrend.a(pixconv.o)
                0x000000000000b710                pixel2argb_8888
                0x000000000000b720                pixel2abgr_8888
                0x000000000000b770                pixel2rgba_8888
                0x000000000000b7b0                pixel2bgra_8888
                0x000000000000b7c0                pixel2rgb_0888
                0x000000000000b7f0                pixel2bgr_0888
                0x000000000000b840                pixel2rgb_8880
                0x000000000000b890                pixel2bgr_8880
                0x000000000000b8e0                pixel2rgb_888
                0x000000000000b900                pixel2bgr_888
                0x000000000000b920                pixel2rgb_555_be
                0x000000000000b960                pixel2rgb_555_le
                0x000000000000b9a0                pixel2rgb_565_be
                0x000000000000b9e0                pixel2rgb_565_le
                0x000000000000ba10                pixel2bgr_323
                0x000000000000ba40                pixel2gray_8
                0x000000000000bac0                visual_mask_8888
                0x000000000000bb10                visual_mask_0888
                0x000000000000bb50                visual_mask_8880
                0x000000000000bba0                visual_mask_888
                0x000000000000bbc0                visual_mask_555
                0x000000000000bbf0                visual_mask_565
                0x000000000000bc20                visual_mask_323
                0x000000000000bc60                visual_mask_8
                0x000000000000bce0                argb_8888_2pixel
                0x000000000000bcf0                abgr_8888_2pixel
                0x000000000000bd20                rgba_8888_2pixel
                0x000000000000bd30                bgra_8888_2pixel
                0x000000000000bd40                rgb_0888_2pixel
                0x000000000000bd70                bgr_0888_2pixel
                0x000000000000bdb0                rgb_8880_2pixel
                0x000000000000bdd0                bgr_8880_2pixel
                0x000000000000be00                rgb_888_2pixel
                0x000000000000be30                bgr_888_2pixel
                0x000000000000be60                rgb_555_be_2pixel
                0x000000000000bea0                rgb_555_le_2pixel
                0x000000000000bee0                rgb_565_be_2pixel
                0x000000000000bf20                rgb_565_le_2pixel
                0x000000000000bf60                bgr_323_2pixel
                0x000000000000bfa0                gray_8_2pixel
 *(.rodata .rodata.*)
 .rodata.str1.1
                0x000000000000bfc0       0x5f port.o
                                         0x62 (size before relaxing)
 *fill*         0x000000000000c01f        0x1 
 .rodata        0x000000000000c020       0x50 port.o
 .rodata.str1.1
                0x000000000000c070       0x1f kfb.o
 *fill*         0x000000000000c08f        0x1 
 .rodata.str1.4
                0x000000000000c090       0x27 kfb.o
 .rodata.str1.1
                0x000000000000c0b7      0x156 ../../../lib/drv/libdrv.a(driver.o)
 *fill*         0x000000000000c20d        0x3 
 .rodata.str1.4
                0x000000000000c210      0x1b0 ../../../lib/drv/libdrv.a(driver.o)
 .rodata        0x000000000000c3c0       0x14 ../../../lib/drv/libdrv.a(driver.o)
 .rodata.str1.1
                0x000000000000c3d4       0x14 ../../../lib/drv/libdrv.a(dev_iface.o)
                                         0x2c (size before relaxing)
 *fill*         0x000000000000c3e8       0x18 
 .rodata        0x000000000000c400       0x3c ../../../lib/drv/libdrv.a(dev_iface.o)
 .rodata        0x000000000000c43c       0x18 ../../../lib/drv/libdrv.a(remote_audio_mixer.o)
                0x000000000000c43c                remote_audio_mixer_iface
 .rodata.str1.1
                0x000000000000c454      0x1c4 ../../../lib/drv/libdrv.a(remote_audio_pcm.o)
 .rodata.str1.4
                0x000000000000c618       0x88 ../../../lib/drv/libdrv.a(remote_audio_pcm.o)
 .rodata        0x000000000000c6a0     0x1070 ../../../lib/drv/libdrv.a(remote_audio_pcm.o)
                0x000000000000d6d4                remote_audio_pcm_iface
 .rodata        0x000000000000d710       0x18 ../../../lib/drv/libdrv.a(remote_hw_res.o)
                0x000000000000d710                remote_hw_res_iface
 .rodata        0x000000000000d728        0xc ../../../lib/drv/libdrv.a(remote_pio_window.o)
                0x000000000000d728                remote_pio_window_iface
 .rodata        0x000000000000d734       0x10 ../../../lib/drv/libdrv.a(remote_char_dev.o)
                0x000000000000d734                remote_char_dev_iface
 .rodata.str1.1
                0x000000000000d744       0xd6 ../../../lib/drv/libdrv.a(remote_nic.o)
                                         0xe4 (size before relaxing)
 *fill*         0x000000000000d81a        0x6 
 .rodata        0x000000000000d820       0xc4 ../../../lib/drv/libdrv.a(remote_nic.o)
                0x000000000000d820                remote_nic_iface
 .rodata.str1.1
                0x000000000000d8e4       0x68 ../../../lib/drv/libdrv.a(remote_ieee80211.o)
                                         0x69 (size before relaxing)
 .rodata.str1.4
                0x000000000000d94c       0x22 ../../../lib/drv/libdrv.a(remote_ieee80211.o)
 *fill*         0x000000000000d96e        0x2 
 .rodata        0x000000000000d970       0x14 ../../../lib/drv/libdrv.a(remote_ieee80211.o)
                0x000000000000d970                remote_ieee80211_iface
 .rodata.str1.1
                0x000000000000d984       0x24 ../../../lib/drv/libdrv.a(remote_usb.o)
 *fill*         0x000000000000d9a8       0x18 
 .rodata        0x000000000000d9c0       0x48 ../../../lib/drv/libdrv.a(remote_usb.o)
                0x000000000000d9c0                remote_usb_iface
 .rodata.str1.1
                0x000000000000da08       0x15 ../../../lib/drv/libdrv.a(remote_pci.o)
                                         0x1b (size before relaxing)
 *fill*         0x000000000000da1d        0x3 
 .rodata        0x000000000000da20       0x20 ../../../lib/drv/libdrv.a(remote_pci.o)
                0x000000000000da20                remote_pci_iface
 .rodata.str1.1
                0x000000000000da40       0x17 ../../../lib/drv/libdrv.a(remote_usbhc.o)
                                         0x26 (size before relaxing)
 *fill*         0x000000000000da57        0x1 
 .rodata        0x000000000000da58       0x10 ../../../lib/drv/libdrv.a(remote_usbhc.o)
                0x000000000000da58                remote_usbhc_iface
 .rodata.str1.4
                0x000000000000da68       0x22 ../../../lib/drv/libdrv.a(remote_usbhid.o)
 .rodata.str1.1
                0x000000000000da8a       0x1b ../../../lib/drv/libdrv.a(remote_usbhid.o)
 *fill*         0x000000000000daa5        0x3 
 .rodata        0x000000000000daa8       0x18 ../../../lib/drv/libdrv.a(remote_usbhid.o)
                0x000000000000daa8                remote_usbhid_iface
 .rodata        0x000000000000dac0       0x10 ../../../lib/drv/libdrv.a(remote_clock_dev.o)
                0x000000000000dac0                remote_clock_dev_iface
 .rodata        0x000000000000dad0        0xc ../../../lib/drv/libdrv.a(remote_led_dev.o)
                0x000000000000dad0                remote_led_dev_iface
 .rodata        0x000000000000dadc       0x10 ../../../lib/drv/libdrv.a(remote_battery_dev.o)
                0x000000000000dadc                remote_battery_dev_iface
 .rodata.str1.1
                0x000000000000daec        0x6 ../../../lib/drv/libdrv.a(remote_ahci.o)
 *fill*         0x000000000000daf2        0x2 
 .rodata        0x000000000000daf4       0x1c ../../../lib/drv/libdrv.a(remote_ahci.o)
                0x000000000000daf4                remote_ahci_iface
 .rodata        0x000000000000db10       0x28 ../../../lib/graph/libgraph.a(graph.o)
 .rodata.str1.1
                0x000000000000db38       0xbb ../../../lib/graph/libgraph.a(graph.o)
                                         0xc6 (size before relaxing)
 *fill*         0x000000000000dbf3        0x1 
 .rodata.str1.4
                0x000000000000dbf4       0x48 ../../../lib/graph/libgraph.a(graph.o)
                                         0x47 (size before relaxing)

.rel.plt        0x000000000000dc3c      0x298
 *(.rel.plt)
 .rel.plt       0x000000000000dc3c      0x298 /home/ayyuce/Desktop/HlnOS/HelenOS/uspace/lib/c/arch/ia32/src/entry.o

.rel.dyn        0x000000000000ded4       0x10
 *(.rel.*)
 .rel.got       0x000000000000ded4        0x0 /home/ayyuce/Desktop/HlnOS/HelenOS/uspace/lib/c/arch/ia32/src/entry.o
 .rel.bss       0x000000000000ded4       0x10 /home/ayyuce/Desktop/HlnOS/HelenOS/uspace/lib/c/arch/ia32/src/entry.o
 .rel.init      0x000000000000dee4        0x0 /home/ayyuce/Desktop/HlnOS/HelenOS/uspace/lib/c/arch/ia32/src/entry.o
 .rel.text      0x000000000000dee4        0x0 /home/ayyuce/Desktop/HlnOS/HelenOS/uspace/lib/c/arch/ia32/src/entry.o
 .rel.text.startup
                0x000000000000dee4        0x0 /home/ayyuce/Desktop/HlnOS/HelenOS/uspace/lib/c/arch/ia32/src/entry.o
 .rel.text.unlikely
                0x000000000000dee4        0x0 /home/ayyuce/Desktop/HlnOS/HelenOS/uspace/lib/c/arch/ia32/src/entry.o

.plt            0x000000000000def0      0x540
 *(.plt)
 .plt           0x000000000000def0      0x540 /home/ayyuce/Desktop/HlnOS/HelenOS/uspace/lib/c/arch/ia32/src/entry.o
                0x000000000000df00                __main
                0x000000000000df10                loc_category_get_id
                0x000000000000df20                sysinfo_get_value
                0x000000000000df30                devman_device_connect
                0x000000000000df40                task_retval
                0x000000000000df50                loc_service_connect
                0x000000000000df60                physmem_map
                0x000000000000df70                inetcfg_sroute_get
                0x000000000000df80                printf
                0x000000000000df90                async_hangup
                0x000000000000dfa0                async_wait_for
                0x000000000000dfb0                inetcfg_addr_get
                0x000000000000dfc0                devman_parent_device_connect
                0x000000000000dfd0                snprintf
                0x000000000000dfe0                log_init
                0x000000000000dff0                async_data_write_start
                0x000000000000e000                loc_service_register
                0x000000000000e010                fibril_mutex_is_locked
                0x000000000000e020                devman_drv_fun_online
                0x000000000000e030                async_data_read_finalize
                0x000000000000e040                async_share_in_start
                0x000000000000e050                memcpy
                0x000000000000e060                malloc
                0x000000000000e070                devman_add_device_to_category
                0x000000000000e080                async_share_out_receive
                0x000000000000e090                async_req_fast
                0x000000000000e0a0                as_area_destroy
                0x000000000000e0b0                async_answer_0
                0x000000000000e0c0                async_send_fast
                0x000000000000e0d0                async_data_read
                0x000000000000e0e0                log_msgv
                0x000000000000e0f0                devman_add_function
                0x000000000000e100                async_exchange_end
                0x000000000000e110                assert_abort
                0x000000000000e120                inetcfg_get_sroute_list
                0x000000000000e130                calloc
                0x000000000000e140                inetcfg_addr_delete
                0x000000000000e150                devman_remove_function
                0x000000000000e160                async_share_out_finalize
                0x000000000000e170                str_test_prefix
                0x000000000000e180                async_answer_2
                0x000000000000e190                fibril_mutex_unlock
                0x000000000000e1a0                async_callback_receive_start
                0x000000000000e1b0                str_dup
                0x000000000000e1c0                loc_service_unregister
                0x000000000000e1d0                fibril_mutex_initialize
                0x000000000000e1e0                async_answer_4
                0x000000000000e1f0                inetcfg_get_addr_list
                0x000000000000e200                async_send_slow
                0x000000000000e210                inetcfg_link_get
                0x000000000000e220                devman_drv_fun_offline
                0x000000000000e230                loc_service_add_to_cat
                0x000000000000e240                async_create_callback_port
                0x000000000000e250                dhcp_discover
                0x000000000000e260                devman_driver_register
                0x000000000000e270                memset
                0x000000000000e280                async_data_read_receive
                0x000000000000e290                async_data_read_start
                0x000000000000e2a0                async_share_in_receive
                0x000000000000e2b0                inetcfg_sroute_delete
                0x000000000000e2c0                loc_category_get_svcs
                0x000000000000e2d0                async_get_call_timeout
                0x000000000000e2e0                str_size
                0x000000000000e2f0                str_lcmp
                0x000000000000e300                async_answer_1
                0x000000000000e310                async_exchange_begin
                0x000000000000e320                str_error
                0x000000000000e330                devman_fun_get_handle
                0x000000000000e340                async_share_in_finalize
                0x000000000000e350                async_answer_3
                0x000000000000e360                async_share_out_start
                0x000000000000e370                async_create_port
                0x000000000000e380                async_data_write_finalize
                0x000000000000e390                async_data_write_accept
                0x000000000000e3a0                async_forget
                0x000000000000e3b0                fibril_switch
                0x000000000000e3c0                inetcfg_get_link_list
                0x000000000000e3d0                __syscall_fast
                0x000000000000e3e0                async_set_fallback_port_handler
                0x000000000000e3f0                async_data_write_receive
                0x000000000000e400                free
                0x000000000000e410                devman_fun_get_name
                0x000000000000e420                fibril_mutex_lock

.dynsym         0x000000000000e430      0x580
 *(.dynsym)
 .dynsym        0x000000000000e430      0x580 /home/ayyuce/Desktop/HlnOS/HelenOS/uspace/lib/c/arch/ia32/src/entry.o

.dynstr         0x000000000000e9b0      0x61f
 *(.dynstr)
 .dynstr        0x000000000000e9b0      0x61f /home/ayyuce/Desktop/HlnOS/HelenOS/uspace/lib/c/arch/ia32/src/entry.o

.hash           0x000000000000efd0      0x274
 *(.hash)
 .hash          0x000000000000efd0      0x274 /home/ayyuce/Desktop/HlnOS/HelenOS/uspace/lib/c/arch/ia32/src/entry.o

.interp         0x000000000000f244       0x13
 *(.interp)
 .interp        0x000000000000f244       0x13 /home/ayyuce/Desktop/HlnOS/HelenOS/uspace/lib/c/arch/ia32/src/entry.o
                0x0000000000010257                . = (. + 0x1000)

.dynamic        0x0000000000010258       0xa8
 *(.dynamic)
 .dynamic       0x0000000000010258       0xa8 /home/ayyuce/Desktop/HlnOS/HelenOS/uspace/lib/c/arch/ia32/src/entry.o
                0x0000000000010258                _DYNAMIC

.data           0x0000000000010300       0x7c
 *(.data)
 .data          0x0000000000010300        0x0 /home/ayyuce/Desktop/HlnOS/HelenOS/uspace/lib/c/arch/ia32/src/entry.o
 .data          0x0000000000010300        0x0 port.o
 .data          0x0000000000010300       0x1c kfb.o
 .data          0x000000000001031c       0x30 ../../../lib/drv/libdrv.a(driver.o)
                0x000000000001031c                functions_mutex
                0x000000000001032c                functions
                0x0000000000010334                devices_mutex
                0x0000000000010344                devices
 .data          0x000000000001034c        0x0 ../../../lib/drv/libdrv.a(dev_iface.o)
 .data          0x000000000001034c        0x0 ../../../lib/drv/libdrv.a(remote_audio_mixer.o)
 .data          0x000000000001034c        0x0 ../../../lib/drv/libdrv.a(remote_audio_pcm.o)
 .data          0x000000000001034c        0x0 ../../../lib/drv/libdrv.a(remote_hw_res.o)
 .data          0x000000000001034c        0x0 ../../../lib/drv/libdrv.a(remote_pio_window.o)
 .data          0x000000000001034c        0x0 ../../../lib/drv/libdrv.a(remote_char_dev.o)
 .data          0x000000000001034c        0x0 ../../../lib/drv/libdrv.a(remote_nic.o)
 .data          0x000000000001034c        0x0 ../../../lib/drv/libdrv.a(remote_ieee80211.o)
 .data          0x000000000001034c        0x0 ../../../lib/drv/libdrv.a(remote_usb.o)
 .data          0x000000000001034c        0x0 ../../../lib/drv/libdrv.a(remote_pci.o)
 .data          0x000000000001034c        0x0 ../../../lib/drv/libdrv.a(remote_usbhc.o)
 .data          0x000000000001034c        0x0 ../../../lib/drv/libdrv.a(remote_usbhid.o)
 .data          0x000000000001034c        0x0 ../../../lib/drv/libdrv.a(remote_clock_dev.o)
 .data          0x000000000001034c        0x0 ../../../lib/drv/libdrv.a(remote_led_dev.o)
 .data          0x000000000001034c        0x0 ../../../lib/drv/libdrv.a(remote_battery_dev.o)
 .data          0x000000000001034c        0x0 ../../../lib/drv/libdrv.a(remote_ahci.o)
 .data          0x000000000001034c        0x0 ../../../lib/drv/libdrv.a(log.o)
 .data          0x000000000001034c       0x30 ../../../lib/graph/libgraph.a(graph.o)
 .data          0x000000000001037c        0x0 ../../../lib/softrend/libsoftrend.a(pixconv.o)

.data.rel
 *(.data.rel .data.rel.*)

.got            0x000000000001037c        0x0
 *(.got)
 .got           0x000000000001037c        0x0 /home/ayyuce/Desktop/HlnOS/HelenOS/uspace/lib/c/arch/ia32/src/entry.o

.got.plt        0x000000000001037c      0x158
 *(.got.plt)
 .got.plt       0x000000000001037c      0x158 /home/ayyuce/Desktop/HlnOS/HelenOS/uspace/lib/c/arch/ia32/src/entry.o
                0x000000000001037c                _GLOBAL_OFFSET_TABLE_

.tdata
 *(.tdata)
 *(.gnu.linkonce.tb.*)

.tbss
 *(.tbss)

.bss            0x00000000000104e0       0xa0
 *(.dynbss)
 .dynbss        0x00000000000104e0        0x8 /home/ayyuce/Desktop/HlnOS/HelenOS/uspace/lib/c/arch/ia32/src/entry.o
                0x00000000000104e0                __syscall_fast_func
                0x00000000000104e4                async_futex
 *(COMMON)
 COMMON         0x00000000000104e8        0x4 ../../../lib/drv/libdrv.a(remote_usb.o)
                0x00000000000104e8                static_assert
 *(.bss)
 .bss           0x00000000000104ec        0x0 /home/ayyuce/Desktop/HlnOS/HelenOS/uspace/lib/c/arch/ia32/src/entry.o
 *fill*         0x00000000000104ec       0x14 
 .bss           0x0000000000010500       0x6c port.o
 .bss           0x000000000001056c        0x0 kfb.o
 .bss           0x000000000001056c        0x4 ../../../lib/drv/libdrv.a(driver.o)
 .bss           0x0000000000010570        0x0 ../../../lib/drv/libdrv.a(dev_iface.o)
 .bss           0x0000000000010570        0x0 ../../../lib/drv/libdrv.a(remote_audio_mixer.o)
 .bss           0x0000000000010570        0x5 ../../../lib/drv/libdrv.a(remote_audio_pcm.o)
 .bss           0x0000000000010575        0x0 ../../../lib/drv/libdrv.a(remote_hw_res.o)
 .bss           0x0000000000010575        0x0 ../../../lib/drv/libdrv.a(remote_pio_window.o)
 .bss           0x0000000000010575        0x0 ../../../lib/drv/libdrv.a(remote_char_dev.o)
 .bss           0x0000000000010575        0x0 ../../../lib/drv/libdrv.a(remote_nic.o)
 .bss           0x0000000000010575        0x0 ../../../lib/drv/libdrv.a(remote_ieee80211.o)
 .bss           0x0000000000010575        0x0 ../../../lib/drv/libdrv.a(remote_usb.o)
 .bss           0x0000000000010575        0x0 ../../../lib/drv/libdrv.a(remote_pci.o)
 .bss           0x0000000000010575        0x0 ../../../lib/drv/libdrv.a(remote_usbhc.o)
 .bss           0x0000000000010575        0x0 ../../../lib/drv/libdrv.a(remote_usbhid.o)
 .bss           0x0000000000010575        0x0 ../../../lib/drv/libdrv.a(remote_clock_dev.o)
 .bss           0x0000000000010575        0x0 ../../../lib/drv/libdrv.a(remote_led_dev.o)
 .bss           0x0000000000010575        0x0 ../../../lib/drv/libdrv.a(remote_battery_dev.o)
 .bss           0x0000000000010575        0x0 ../../../lib/drv/libdrv.a(remote_ahci.o)
 .bss           0x0000000000010575        0x0 ../../../lib/drv/libdrv.a(log.o)
 *fill*         0x0000000000010575        0x3 
 .bss           0x0000000000010578        0x8 ../../../lib/graph/libgraph.a(graph.o)
 .bss           0x0000000000010580        0x0 ../../../lib/softrend/libsoftrend.a(pixconv.o)

/DISCARD/
 *(*)
LOAD port.o
LOAD kfb.o
LOAD ../../../lib/drv/libdrv.a
LOAD ../../../lib/graph/libgraph.a
LOAD ../../../lib/softrend/libsoftrend.a
LOAD ../../../lib/c/libc.so.0
LOAD ../../../lib/softint/libsoftint.so.0
OUTPUT(kfb elf32-i386)
