
Allocating common symbols
Common symbol       size              file

winsize             0x8               screen.o
board               0x450             tetris.o
nextshape           0x4               tetris.o
console             0x4               screen.o
score               0x4               tetris.o
Cols                0x4               tetris.o
fallrate            0x4               tetris.o
showpreview         0x4               tetris.o
Rows                0x4               tetris.o
key_msg             0x64              tetris.o
classic             0x4               tetris.o
curshape            0x4               tetris.o

Discarded input sections

 .debug_line    0x0000000000000000       0x53 /home/ayyuce/Desktop/HlnOS/HelenOS/uspace/lib/c/arch/ia32/src/entry.o
 .debug_info    0x0000000000000000       0x6c /home/ayyuce/Desktop/HlnOS/HelenOS/uspace/lib/c/arch/ia32/src/entry.o
 .debug_abbrev  0x0000000000000000       0x14 /home/ayyuce/Desktop/HlnOS/HelenOS/uspace/lib/c/arch/ia32/src/entry.o
 .debug_aranges
                0x0000000000000000       0x20 /home/ayyuce/Desktop/HlnOS/HelenOS/uspace/lib/c/arch/ia32/src/entry.o
 .debug_info    0x0000000000000000      0x232 shapes.o
 .debug_abbrev  0x0000000000000000      0x131 shapes.o
 .debug_loc     0x0000000000000000      0x128 shapes.o
 .debug_aranges
                0x0000000000000000       0x20 shapes.o
 .debug_line    0x0000000000000000       0xc0 shapes.o
 .debug_str     0x0000000000000000      0x20d shapes.o
 .comment       0x0000000000000000       0x12 shapes.o
 .note.GNU-stack
                0x0000000000000000        0x0 shapes.o
 .eh_frame      0x0000000000000000       0x6c shapes.o
 .debug_info    0x0000000000000000      0xe46 scores.o
 .debug_abbrev  0x0000000000000000      0x226 scores.o
 .debug_loc     0x0000000000000000      0x358 scores.o
 .debug_aranges
                0x0000000000000000       0x20 scores.o
 .debug_ranges  0x0000000000000000       0x18 scores.o
 .debug_line    0x0000000000000000      0x326 scores.o
 .debug_str     0x0000000000000000      0xd9a scores.o
 .comment       0x0000000000000000       0x12 scores.o
 .note.GNU-stack
                0x0000000000000000        0x0 scores.o
 .eh_frame      0x0000000000000000      0x10c scores.o
 .debug_info    0x0000000000000000      0xe2d tetris.o
 .debug_abbrev  0x0000000000000000      0x2a8 tetris.o
 .debug_loc     0x0000000000000000      0x5a4 tetris.o
 .debug_aranges
                0x0000000000000000       0x28 tetris.o
 .debug_ranges  0x0000000000000000       0xe0 tetris.o
 .debug_line    0x0000000000000000      0x3ef tetris.o
 .debug_str     0x0000000000000000      0xa0c tetris.o
 .comment       0x0000000000000000       0x12 tetris.o
 .note.GNU-stack
                0x0000000000000000        0x0 tetris.o
 .eh_frame      0x0000000000000000       0xd4 tetris.o
 .debug_info    0x0000000000000000     0x15d6 screen.o
 .debug_abbrev  0x0000000000000000      0x367 screen.o
 .debug_loc     0x0000000000000000      0x739 screen.o
 .debug_aranges
                0x0000000000000000       0x20 screen.o
 .debug_ranges  0x0000000000000000      0x160 screen.o
 .debug_line    0x0000000000000000      0x4cf screen.o
 .debug_str     0x0000000000000000      0xeff screen.o
 .comment       0x0000000000000000       0x12 screen.o
 .note.GNU-stack
                0x0000000000000000        0x0 screen.o
 .eh_frame      0x0000000000000000      0x1ec screen.o

Memory Configuration

Name             Origin             Length             Attributes
*default*        0x0000000000000000 0xffffffffffffffff

Linker script and memory map

LOAD /home/ayyuce/Desktop/HlnOS/HelenOS/uspace/lib/c/arch/ia32/src/entry.o
                0x00000000000010f4                . = (0x1000 + SIZEOF_HEADERS)

.init           0x00000000000010f4       0x2e
 *(.init)
 .init          0x00000000000010f4       0x2e /home/ayyuce/Desktop/HlnOS/HelenOS/uspace/lib/c/arch/ia32/src/entry.o
                0x00000000000010f4                __entry

.text           0x0000000000001140     0x1d84
 *(.text .text.*)
 .text          0x0000000000001140        0x0 /home/ayyuce/Desktop/HlnOS/HelenOS/uspace/lib/c/arch/ia32/src/entry.o
 .text          0x0000000000001140       0xda shapes.o
                0x0000000000001140                fits_in
                0x0000000000001190                place
 *fill*         0x000000000000121a        0x6 
 .text          0x0000000000001220      0x4ff scores.o
                0x0000000000001220                showscores
                0x00000000000012d0                insertscore
                0x00000000000015e0                initscores
                0x0000000000001640                loadscores
                0x00000000000016a0                savescores
 *fill*         0x000000000000171f        0x1 
 .text          0x0000000000001720      0x1d5 tetris.o
 *fill*         0x00000000000018f5        0xb 
 .text.startup  0x0000000000001900      0x6f4 tetris.o
                0x0000000000001900                main
 *fill*         0x0000000000001ff4        0xc 
 .text          0x0000000000002000      0x9a8 screen.o
                0x0000000000002000                clear_screen
                0x0000000000002040                scr_clear
                0x0000000000002090                scr_init
                0x0000000000002110                moveto
                0x0000000000002140                scr_end
                0x0000000000002160                stop
                0x00000000000021a0                scr_set
                0x00000000000022a0                scr_update
                0x00000000000027d0                scr_msg
                0x0000000000002880                tsleep
                0x00000000000028d0                tgetchar
                0x0000000000002960                twait
 *(.rodata .rodata.*)
 *fill*         0x00000000000029a8       0x18 
 .rodata        0x00000000000029c0      0x1c8 shapes.o
                0x00000000000029c0                shapes
 .rodata.str1.4
                0x0000000000002b88       0xc1 scores.o
 .rodata.str1.1
                0x0000000000002c49       0xa2 scores.o
 *fill*         0x0000000000002ceb        0x1 
 .rodata.str1.4
                0x0000000000002cec       0xfe tetris.o
 .rodata.str1.1
                0x0000000000002dea       0x76 tetris.o
                                         0x7c (size before relaxing)
 .rodata.str1.1
                0x0000000000002e60       0x2e screen.o
                                         0x31 (size before relaxing)
 *fill*         0x0000000000002e8e        0x2 
 .rodata.str1.4
                0x0000000000002e90       0x34 screen.o
                                         0x31 (size before relaxing)

.rel.plt        0x0000000000002ec4      0x108
 *(.rel.plt)
 .rel.plt       0x0000000000002ec4      0x108 /home/ayyuce/Desktop/HlnOS/HelenOS/uspace/lib/c/arch/ia32/src/entry.o

.rel.dyn        0x0000000000002fcc       0x30
 *(.rel.*)
 .rel.got       0x0000000000002fcc        0x0 /home/ayyuce/Desktop/HlnOS/HelenOS/uspace/lib/c/arch/ia32/src/entry.o
 .rel.bss       0x0000000000002fcc       0x30 /home/ayyuce/Desktop/HlnOS/HelenOS/uspace/lib/c/arch/ia32/src/entry.o
 .rel.init      0x0000000000002ffc        0x0 /home/ayyuce/Desktop/HlnOS/HelenOS/uspace/lib/c/arch/ia32/src/entry.o
 .rel.text      0x0000000000002ffc        0x0 /home/ayyuce/Desktop/HlnOS/HelenOS/uspace/lib/c/arch/ia32/src/entry.o
 .rel.text.startup
                0x0000000000002ffc        0x0 /home/ayyuce/Desktop/HlnOS/HelenOS/uspace/lib/c/arch/ia32/src/entry.o

.plt            0x0000000000003000      0x220
 *(.plt)
 .plt           0x0000000000003000      0x220 /home/ayyuce/Desktop/HlnOS/HelenOS/uspace/lib/c/arch/ia32/src/entry.o
                0x0000000000003010                console_get_size
                0x0000000000003020                putchar
                0x0000000000003030                __main
                0x0000000000003040                printf
                0x0000000000003050                random
                0x0000000000003060                snprintf
                0x0000000000003070                console_get_color_cap
                0x0000000000003080                str_decode
                0x0000000000003090                puts
                0x00000000000030a0                console_get_event
                0x00000000000030b0                console_cursor_visibility
                0x00000000000030c0                console_init
                0x00000000000030d0                fprintf
                0x00000000000030e0                console_clear
                0x00000000000030f0                fread
                0x0000000000003100                console_set_style
                0x0000000000003110                gettimeofday
                0x0000000000003120                fopen
                0x0000000000003130                getopt
                0x0000000000003140                memset
                0x0000000000003150                fclose
                0x0000000000003160                getchar
                0x0000000000003170                str_cpy
                0x0000000000003180                console_flush
                0x0000000000003190                srandom
                0x00000000000031a0                str_size
                0x00000000000031b0                console_set_pos
                0x00000000000031c0                fwrite
                0x00000000000031d0                console_set_rgb_color
                0x00000000000031e0                exit
                0x00000000000031f0                chr_encode
                0x0000000000003200                __syscall_fast
                0x0000000000003210                console_get_event_timeout

.dynsym         0x0000000000003220      0x2a0
 *(.dynsym)
 .dynsym        0x0000000000003220      0x2a0 /home/ayyuce/Desktop/HlnOS/HelenOS/uspace/lib/c/arch/ia32/src/entry.o

.dynstr         0x00000000000034c0      0x1cc
 *(.dynstr)
 .dynstr        0x00000000000034c0      0x1cc /home/ayyuce/Desktop/HlnOS/HelenOS/uspace/lib/c/arch/ia32/src/entry.o

.hash           0x000000000000368c      0x144
 *(.hash)
 .hash          0x000000000000368c      0x144 /home/ayyuce/Desktop/HlnOS/HelenOS/uspace/lib/c/arch/ia32/src/entry.o

.interp         0x00000000000037d0       0x13
 *(.interp)
 .interp        0x00000000000037d0       0x13 /home/ayyuce/Desktop/HlnOS/HelenOS/uspace/lib/c/arch/ia32/src/entry.o
                0x00000000000047e3                . = (. + 0x1000)

.dynamic        0x00000000000047e4       0xa8
 *(.dynamic)
 .dynamic       0x00000000000047e4       0xa8 /home/ayyuce/Desktop/HlnOS/HelenOS/uspace/lib/c/arch/ia32/src/entry.o
                0x00000000000047e4                _DYNAMIC

.data           0x00000000000048a0       0xa3
 *(.data)
 .data          0x00000000000048a0        0x0 /home/ayyuce/Desktop/HlnOS/HelenOS/uspace/lib/c/arch/ia32/src/entry.o
 .data          0x00000000000048a0        0x0 shapes.o
 .data          0x00000000000048a0        0x0 scores.o
 .data          0x00000000000048a0       0xa3 tetris.o
 .data          0x0000000000004943        0x0 screen.o

.data.rel
 *(.data.rel .data.rel.*)

.got            0x0000000000004944        0x0
 *(.got)
 .got           0x0000000000004944        0x0 /home/ayyuce/Desktop/HlnOS/HelenOS/uspace/lib/c/arch/ia32/src/entry.o

.got.plt        0x0000000000004944       0x90
 *(.got.plt)
 .got.plt       0x0000000000004944       0x90 /home/ayyuce/Desktop/HlnOS/HelenOS/uspace/lib/c/arch/ia32/src/entry.o
                0x0000000000004944                _GLOBAL_OFFSET_TABLE_

.tdata
 *(.tdata)
 *(.gnu.linkonce.tb.*)

.tbss
 *(.tbss)

.bss            0x00000000000049e0      0xd30
 *(.dynbss)
 .dynbss        0x00000000000049e0       0x24 /home/ayyuce/Desktop/HlnOS/HelenOS/uspace/lib/c/arch/ia32/src/entry.o
                0x00000000000049e0                stdout
                0x00000000000049e8                optarg
                0x00000000000049ec                optind
                0x00000000000049f0                stdin
                0x00000000000049f8                __syscall_fast_func
                0x0000000000004a00                stderr
 *(COMMON)
 *fill*         0x0000000000004a04       0x1c 
 COMMON         0x0000000000004a20      0x4ec tetris.o
                0x0000000000004a20                board
                0x0000000000004e70                nextshape
                0x0000000000004e74                score
                0x0000000000004e78                Cols
                0x0000000000004e7c                fallrate
                0x0000000000004e80                showpreview
                0x0000000000004e84                Rows
                0x0000000000004ea0                key_msg
                0x0000000000004f04                classic
                0x0000000000004f08                curshape
 COMMON         0x0000000000004f0c        0xc screen.o
                0x0000000000004f0c                winsize
                0x0000000000004f14                console
 *(.bss)
 .bss           0x0000000000004f18        0x0 /home/ayyuce/Desktop/HlnOS/HelenOS/uspace/lib/c/arch/ia32/src/entry.o
 .bss           0x0000000000004f18        0x0 shapes.o
 *fill*         0x0000000000004f18        0x8 
 .bss           0x0000000000004f20      0x370 scores.o
 .bss           0x0000000000005290        0x0 tetris.o
 *fill*         0x0000000000005290       0x10 
 .bss           0x00000000000052a0      0x470 screen.o

/DISCARD/
 *(*)
LOAD shapes.o
LOAD scores.o
LOAD tetris.o
LOAD screen.o
LOAD ../../lib/c/libc.so.0
LOAD ../../lib/softint/libsoftint.so.0
OUTPUT(tetris elf32-i386)
