Archive member included to satisfy reference by file (symbol)

../../lib/block/libblock.a(block.o)
                              blkdump.o (block_init)

Discarded input sections

 .debug_line    0x0000000000000000       0x53 /home/ayyuce/Desktop/HlnOS/HelenOS/uspace/lib/c/arch/ia32/src/entry.o
 .debug_info    0x0000000000000000       0x6c /home/ayyuce/Desktop/HlnOS/HelenOS/uspace/lib/c/arch/ia32/src/entry.o
 .debug_abbrev  0x0000000000000000       0x14 /home/ayyuce/Desktop/HlnOS/HelenOS/uspace/lib/c/arch/ia32/src/entry.o
 .debug_aranges
                0x0000000000000000       0x20 /home/ayyuce/Desktop/HlnOS/HelenOS/uspace/lib/c/arch/ia32/src/entry.o
 .debug_info    0x0000000000000000      0x8ce blkdump.o
 .debug_abbrev  0x0000000000000000      0x1fc blkdump.o
 .debug_loc     0x0000000000000000      0x801 blkdump.o
 .debug_aranges
                0x0000000000000000       0x20 blkdump.o
 .debug_ranges  0x0000000000000000       0x80 blkdump.o
 .debug_line    0x0000000000000000      0x2e4 blkdump.o
 .debug_str     0x0000000000000000      0x8fd blkdump.o
 .comment       0x0000000000000000       0x12 blkdump.o
 .note.GNU-stack
                0x0000000000000000        0x0 blkdump.o
 .eh_frame      0x0000000000000000       0x60 blkdump.o
 .debug_info    0x0000000000000000     0x2a1c ../../lib/block/libblock.a(block.o)
 .debug_abbrev  0x0000000000000000      0x46d ../../lib/block/libblock.a(block.o)
 .debug_loc     0x0000000000000000     0x1930 ../../lib/block/libblock.a(block.o)
 .debug_aranges
                0x0000000000000000       0x28 ../../lib/block/libblock.a(block.o)
 .debug_ranges  0x0000000000000000      0x5c8 ../../lib/block/libblock.a(block.o)
 .debug_line    0x0000000000000000      0x8ef ../../lib/block/libblock.a(block.o)
 .debug_str     0x0000000000000000     0x11f7 ../../lib/block/libblock.a(block.o)
 .comment       0x0000000000000000       0x12 ../../lib/block/libblock.a(block.o)
 .note.GNU-stack
                0x0000000000000000        0x0 ../../lib/block/libblock.a(block.o)
 .eh_frame      0x0000000000000000      0x444 ../../lib/block/libblock.a(block.o)

Memory Configuration

Name             Origin             Length             Attributes
*default*        0x0000000000000000 0xffffffffffffffff

Linker script and memory map

LOAD /home/ayyuce/Desktop/HlnOS/HelenOS/uspace/lib/c/arch/ia32/src/entry.o
                0x00000000000010f4                . = (0x1000 + SIZEOF_HEADERS)

.init           0x00000000000010f4       0x2e
 *(.init)
 .init          0x00000000000010f4       0x2e /home/ayyuce/Desktop/HlnOS/HelenOS/uspace/lib/c/arch/ia32/src/entry.o
                0x00000000000010f4                __entry

.text           0x0000000000001130     0x23c4
 *(.text .text.*)
 .text          0x0000000000001130        0x0 /home/ayyuce/Desktop/HlnOS/HelenOS/uspace/lib/c/arch/ia32/src/entry.o
 .text          0x0000000000001130        0x0 blkdump.o
 .text.startup  0x0000000000001130      0x604 blkdump.o
                0x0000000000001130                main
 *fill*         0x0000000000001734        0xc 
 .text          0x0000000000001740     0x189f ../../lib/block/libblock.a(block.o)
                0x0000000000001780                block_init
                0x0000000000001950                block_bb_read
                0x0000000000001aa0                block_bb_get
                0x0000000000001b20                block_cache_init
                0x0000000000001c60                block_cache_fini
                0x0000000000001e10                block_fini
                0x0000000000001f30                block_put
                0x0000000000002230                block_get
                0x00000000000027b0                block_seqread
                0x0000000000002970                block_read_direct
                0x0000000000002a50                block_write_direct
                0x0000000000002b30                block_sync_cache
                0x0000000000002be0                block_get_bsize
                0x0000000000002c70                block_get_nblocks
                0x0000000000002d00                block_read_bytes_direct
                0x0000000000002f30                block_read_toc
 .text.unlikely
                0x0000000000002fdf       0x1a ../../lib/block/libblock.a(block.o)
 *(.rodata .rodata.*)
 *fill*         0x0000000000002ff9        0x3 
 .rodata.str1.4
                0x0000000000002ffc      0x308 blkdump.o
 .rodata.str1.1
                0x0000000000003304       0xb9 blkdump.o
                                         0xbd (size before relaxing)
 .rodata.str1.1
                0x00000000000033bd       0x4f ../../lib/block/libblock.a(block.o)
 .rodata.str1.4
                0x000000000000340c       0xe8 ../../lib/block/libblock.a(block.o)
                                         0xe7 (size before relaxing)

.rel.plt        0x00000000000034f4      0x110
 *(.rel.plt)
 .rel.plt       0x00000000000034f4      0x110 /home/ayyuce/Desktop/HlnOS/HelenOS/uspace/lib/c/arch/ia32/src/entry.o

.rel.dyn        0x0000000000003604        0x8
 *(.rel.*)
 .rel.got       0x0000000000003604        0x0 /home/ayyuce/Desktop/HlnOS/HelenOS/uspace/lib/c/arch/ia32/src/entry.o
 .rel.bss       0x0000000000003604        0x8 /home/ayyuce/Desktop/HlnOS/HelenOS/uspace/lib/c/arch/ia32/src/entry.o
 .rel.init      0x000000000000360c        0x0 /home/ayyuce/Desktop/HlnOS/HelenOS/uspace/lib/c/arch/ia32/src/entry.o
 .rel.text.startup
                0x000000000000360c        0x0 /home/ayyuce/Desktop/HlnOS/HelenOS/uspace/lib/c/arch/ia32/src/entry.o
 .rel.text      0x000000000000360c        0x0 /home/ayyuce/Desktop/HlnOS/HelenOS/uspace/lib/c/arch/ia32/src/entry.o
 .rel.text.unlikely
                0x000000000000360c        0x0 /home/ayyuce/Desktop/HlnOS/HelenOS/uspace/lib/c/arch/ia32/src/entry.o

.plt            0x0000000000003610      0x230
 *(.plt)
 .plt           0x0000000000003610      0x230 /home/ayyuce/Desktop/HlnOS/HelenOS/uspace/lib/c/arch/ia32/src/entry.o
                0x0000000000003620                putchar
                0x0000000000003630                __main
                0x0000000000003640                loc_service_connect
                0x0000000000003650                printf
                0x0000000000003660                async_hangup
                0x0000000000003670                hash_table_create
                0x0000000000003680                hash_table_insert
                0x0000000000003690                bd_write_blocks
                0x00000000000036a0                bd_get_num_blocks
                0x00000000000036b0                bd_close
                0x00000000000036c0                memcpy
                0x00000000000036d0                malloc
                0x00000000000036e0                bd_open
                0x00000000000036f0                loc_service_get_id
                0x0000000000003700                stacktrace_print
                0x0000000000003710                __umoddi3
                0x0000000000003720                __udivdi3
                0x0000000000003730                bd_read_blocks
                0x0000000000003740                strtol
                0x0000000000003750                fibril_mutex_trylock
                0x0000000000003760                assert_abort
                0x0000000000003770                bd_read_toc
                0x0000000000003780                fibril_mutex_unlock
                0x0000000000003790                fibril_mutex_initialize
                0x00000000000037a0                str_cmp
                0x00000000000037b0                hash_table_remove_item
                0x00000000000037c0                bd_get_block_size
                0x00000000000037d0                bd_sync_cache
                0x00000000000037e0                hash_table_find
                0x00000000000037f0                fibril_rwlock_initialize
                0x0000000000003800                __syscall_fast
                0x0000000000003810                hash_table_destroy
                0x0000000000003820                free
                0x0000000000003830                fibril_mutex_lock

.dynsym         0x0000000000003840      0x260
 *(.dynsym)
 .dynsym        0x0000000000003840      0x260 /home/ayyuce/Desktop/HlnOS/HelenOS/uspace/lib/c/arch/ia32/src/entry.o

.dynstr         0x0000000000003aa0      0x21c
 *(.dynstr)
 .dynstr        0x0000000000003aa0      0x21c /home/ayyuce/Desktop/HlnOS/HelenOS/uspace/lib/c/arch/ia32/src/entry.o

.hash           0x0000000000003cbc      0x134
 *(.hash)
 .hash          0x0000000000003cbc      0x134 /home/ayyuce/Desktop/HlnOS/HelenOS/uspace/lib/c/arch/ia32/src/entry.o

.interp         0x0000000000003df0       0x13
 *(.interp)
 .interp        0x0000000000003df0       0x13 /home/ayyuce/Desktop/HlnOS/HelenOS/uspace/lib/c/arch/ia32/src/entry.o
                0x0000000000004e03                . = (. + 0x1000)

.dynamic        0x0000000000004e04       0xa8
 *(.dynamic)
 .dynamic       0x0000000000004e04       0xa8 /home/ayyuce/Desktop/HlnOS/HelenOS/uspace/lib/c/arch/ia32/src/entry.o
                0x0000000000004e04                _DYNAMIC

.data           0x0000000000004eac       0x2c
 *(.data)
 .data          0x0000000000004eac        0x0 /home/ayyuce/Desktop/HlnOS/HelenOS/uspace/lib/c/arch/ia32/src/entry.o
 .data          0x0000000000004eac        0x0 blkdump.o
 .data          0x0000000000004eac       0x2c ../../lib/block/libblock.a(block.o)

.data.rel
 *(.data.rel .data.rel.*)

.got            0x0000000000004ed8        0x0
 *(.got)
 .got           0x0000000000004ed8        0x0 /home/ayyuce/Desktop/HlnOS/HelenOS/uspace/lib/c/arch/ia32/src/entry.o

.got.plt        0x0000000000004ed8       0x94
 *(.got.plt)
 .got.plt       0x0000000000004ed8       0x94 /home/ayyuce/Desktop/HlnOS/HelenOS/uspace/lib/c/arch/ia32/src/entry.o
                0x0000000000004ed8                _GLOBAL_OFFSET_TABLE_

.tdata
 *(.tdata)
 *(.gnu.linkonce.tb.*)

.tbss
 *(.tbss)

.bss            0x0000000000004f70        0x9
 *(.dynbss)
 *fill*         0x0000000000004f70        0x0 
 .dynbss        0x0000000000004f70        0x4 /home/ayyuce/Desktop/HlnOS/HelenOS/uspace/lib/c/arch/ia32/src/entry.o
                0x0000000000004f70                __syscall_fast_func
 *(COMMON)
 *(.bss)
 .bss           0x0000000000004f74        0x0 /home/ayyuce/Desktop/HlnOS/HelenOS/uspace/lib/c/arch/ia32/src/entry.o
 .bss           0x0000000000004f74        0x5 blkdump.o
 .bss           0x0000000000004f79        0x0 ../../lib/block/libblock.a(block.o)

/DISCARD/
 *(*)
LOAD blkdump.o
LOAD ../../lib/block/libblock.a
LOAD ../../lib/c/libc.so.0
LOAD ../../lib/softint/libsoftint.so.0
OUTPUT(blkdump elf32-i386)
