Archive member included to satisfy reference by file (symbol)

../../lib/http/libhttp.a(http.o)
                              main.o (http_create)
../../lib/http/libhttp.a(headers.o)
                              main.o (http_headers_append)
../../lib/http/libhttp.a(request.o)
                              main.o (http_request_create)
../../lib/http/libhttp.a(response.o)
                              main.o (http_receive_response)
../../lib/http/libhttp.a(receive-buffer.o)
                              ../../lib/http/libhttp.a(http.o) (recv_buffer_init)
../../lib/uri/liburi.a(uri.o)
                              main.o (uri_parse)

Discarded input sections

 .debug_line    0x0000000000000000       0x53 /home/ayyuce/Desktop/HlnOS/HelenOS/uspace/lib/c/arch/ia32/src/entry.o
 .debug_info    0x0000000000000000       0x6c /home/ayyuce/Desktop/HlnOS/HelenOS/uspace/lib/c/arch/ia32/src/entry.o
 .debug_abbrev  0x0000000000000000       0x14 /home/ayyuce/Desktop/HlnOS/HelenOS/uspace/lib/c/arch/ia32/src/entry.o
 .debug_aranges
                0x0000000000000000       0x20 /home/ayyuce/Desktop/HlnOS/HelenOS/uspace/lib/c/arch/ia32/src/entry.o
 .debug_info    0x0000000000000000      0xd7a main.o
 .debug_abbrev  0x0000000000000000      0x1bd main.o
 .debug_loc     0x0000000000000000      0x2f1 main.o
 .debug_aranges
                0x0000000000000000       0x20 main.o
 .debug_ranges  0x0000000000000000       0x70 main.o
 .debug_line    0x0000000000000000      0x2e1 main.o
 .debug_str     0x0000000000000000      0xa6c main.o
 .comment       0x0000000000000000       0x12 main.o
 .note.GNU-stack
                0x0000000000000000        0x0 main.o
 .eh_frame      0x0000000000000000       0x60 main.o
 .debug_info    0x0000000000000000      0xb69 ../../lib/http/libhttp.a(http.o)
 .debug_abbrev  0x0000000000000000      0x203 ../../lib/http/libhttp.a(http.o)
 .debug_loc     0x0000000000000000       0xa3 ../../lib/http/libhttp.a(http.o)
 .debug_aranges
                0x0000000000000000       0x20 ../../lib/http/libhttp.a(http.o)
 .debug_line    0x0000000000000000      0x24e ../../lib/http/libhttp.a(http.o)
 .debug_str     0x0000000000000000      0x9f3 ../../lib/http/libhttp.a(http.o)
 .comment       0x0000000000000000       0x12 ../../lib/http/libhttp.a(http.o)
 .note.GNU-stack
                0x0000000000000000        0x0 ../../lib/http/libhttp.a(http.o)
 .eh_frame      0x0000000000000000       0xe4 ../../lib/http/libhttp.a(http.o)
 .debug_info    0x0000000000000000     0x163e ../../lib/http/libhttp.a(headers.o)
 .debug_abbrev  0x0000000000000000      0x43b ../../lib/http/libhttp.a(headers.o)
 .debug_loc     0x0000000000000000      0xafa ../../lib/http/libhttp.a(headers.o)
 .debug_aranges
                0x0000000000000000       0x20 ../../lib/http/libhttp.a(headers.o)
 .debug_ranges  0x0000000000000000      0x310 ../../lib/http/libhttp.a(headers.o)
 .debug_line    0x0000000000000000      0x4f4 ../../lib/http/libhttp.a(headers.o)
 .debug_str     0x0000000000000000      0xacb ../../lib/http/libhttp.a(headers.o)
 .comment       0x0000000000000000       0x12 ../../lib/http/libhttp.a(headers.o)
 .note.GNU-stack
                0x0000000000000000        0x0 ../../lib/http/libhttp.a(headers.o)
 .eh_frame      0x0000000000000000      0x330 ../../lib/http/libhttp.a(headers.o)
 .debug_info    0x0000000000000000      0xda6 ../../lib/http/libhttp.a(request.o)
 .debug_abbrev  0x0000000000000000      0x286 ../../lib/http/libhttp.a(request.o)
 .debug_loc     0x0000000000000000      0x408 ../../lib/http/libhttp.a(request.o)
 .debug_aranges
                0x0000000000000000       0x20 ../../lib/http/libhttp.a(request.o)
 .debug_ranges  0x0000000000000000       0x30 ../../lib/http/libhttp.a(request.o)
 .debug_line    0x0000000000000000      0x296 ../../lib/http/libhttp.a(request.o)
 .debug_str     0x0000000000000000      0xa61 ../../lib/http/libhttp.a(request.o)
 .comment       0x0000000000000000       0x12 ../../lib/http/libhttp.a(request.o)
 .note.GNU-stack
                0x0000000000000000        0x0 ../../lib/http/libhttp.a(request.o)
 .eh_frame      0x0000000000000000       0xbc ../../lib/http/libhttp.a(request.o)
 .debug_info    0x0000000000000000      0xcdd ../../lib/http/libhttp.a(response.o)
 .debug_abbrev  0x0000000000000000      0x256 ../../lib/http/libhttp.a(response.o)
 .debug_loc     0x0000000000000000      0x5b6 ../../lib/http/libhttp.a(response.o)
 .debug_aranges
                0x0000000000000000       0x20 ../../lib/http/libhttp.a(response.o)
 .debug_ranges  0x0000000000000000       0x48 ../../lib/http/libhttp.a(response.o)
 .debug_line    0x0000000000000000      0x29b ../../lib/http/libhttp.a(response.o)
 .debug_str     0x0000000000000000      0x92d ../../lib/http/libhttp.a(response.o)
 .comment       0x0000000000000000       0x12 ../../lib/http/libhttp.a(response.o)
 .note.GNU-stack
                0x0000000000000000        0x0 ../../lib/http/libhttp.a(response.o)
 .eh_frame      0x0000000000000000       0xdc ../../lib/http/libhttp.a(response.o)
 .debug_info    0x0000000000000000      0xd72 ../../lib/http/libhttp.a(receive-buffer.o)
 .debug_abbrev  0x0000000000000000      0x3dc ../../lib/http/libhttp.a(receive-buffer.o)
 .debug_loc     0x0000000000000000      0x86d ../../lib/http/libhttp.a(receive-buffer.o)
 .debug_aranges
                0x0000000000000000       0x20 ../../lib/http/libhttp.a(receive-buffer.o)
 .debug_ranges  0x0000000000000000      0x1c0 ../../lib/http/libhttp.a(receive-buffer.o)
 .debug_line    0x0000000000000000      0x2ec ../../lib/http/libhttp.a(receive-buffer.o)
 .debug_str     0x0000000000000000      0x429 ../../lib/http/libhttp.a(receive-buffer.o)
 .comment       0x0000000000000000       0x12 ../../lib/http/libhttp.a(receive-buffer.o)
 .note.GNU-stack
                0x0000000000000000        0x0 ../../lib/http/libhttp.a(receive-buffer.o)
 .eh_frame      0x0000000000000000      0x370 ../../lib/http/libhttp.a(receive-buffer.o)
 .debug_info    0x0000000000000000      0xcbd ../../lib/uri/liburi.a(uri.o)
 .debug_abbrev  0x0000000000000000      0x212 ../../lib/uri/liburi.a(uri.o)
 .debug_loc     0x0000000000000000      0xb3d ../../lib/uri/liburi.a(uri.o)
 .debug_aranges
                0x0000000000000000       0x20 ../../lib/uri/liburi.a(uri.o)
 .debug_ranges  0x0000000000000000      0x1f0 ../../lib/uri/liburi.a(uri.o)
 .debug_line    0x0000000000000000      0x418 ../../lib/uri/liburi.a(uri.o)
 .debug_str     0x0000000000000000      0x39c ../../lib/uri/liburi.a(uri.o)
 .comment       0x0000000000000000       0x12 ../../lib/uri/liburi.a(uri.o)
 .note.GNU-stack
                0x0000000000000000        0x0 ../../lib/uri/liburi.a(uri.o)
 .eh_frame      0x0000000000000000      0x1f4 ../../lib/uri/liburi.a(uri.o)

Memory Configuration

Name             Origin             Length             Attributes
*default*        0x0000000000000000 0xffffffffffffffff

Linker script and memory map

LOAD /home/ayyuce/Desktop/HlnOS/HelenOS/uspace/lib/c/arch/ia32/src/entry.o
                0x00000000000010f4                . = (0x1000 + SIZEOF_HEADERS)

.init           0x00000000000010f4       0x2e
 *(.init)
 .init          0x00000000000010f4       0x2e /home/ayyuce/Desktop/HlnOS/HelenOS/uspace/lib/c/arch/ia32/src/entry.o
                0x00000000000010f4                __entry

.text           0x0000000000001130     0x30d0
 *(.text .text.*)
 .text          0x0000000000001130        0x0 /home/ayyuce/Desktop/HlnOS/HelenOS/uspace/lib/c/arch/ia32/src/entry.o
 .text          0x0000000000001130        0x0 main.o
 .text.startup  0x0000000000001130      0x489 main.o
                0x0000000000001130                main
 *fill*         0x00000000000015b9        0x7 
 .text          0x00000000000015c0      0x1c2 ../../lib/http/libhttp.a(http.o)
                0x00000000000015f0                http_create
                0x0000000000001660                http_connect
                0x0000000000001720                http_close
                0x0000000000001760                http_destroy
 *fill*         0x0000000000001782        0xe 
 .text          0x0000000000001790      0xa38 ../../lib/http/libhttp.a(headers.o)
                0x0000000000001790                http_header_init
                0x00000000000017c0                http_header_create
                0x0000000000001860                http_header_destroy
                0x0000000000001890                http_header_encode
                0x00000000000018e0                http_header_receive_name
                0x0000000000001990                http_header_receive_value
                0x0000000000001ac0                http_header_receive
                0x0000000000001c30                http_header_normalize_value
                0x0000000000001cc0                http_header_name_match
                0x0000000000001ce0                http_headers_init
                0x0000000000001cf0                http_headers_find_single
                0x0000000000001d60                http_headers_append
                0x0000000000001e20                http_headers_set
                0x0000000000001f60                http_headers_get
                0x0000000000001fd0                http_headers_receive
                0x0000000000002150                http_headers_clear
 *fill*         0x00000000000021c8        0x8 
 .text          0x00000000000021d0      0x28a ../../lib/http/libhttp.a(request.o)
                0x00000000000021d0                http_request_create
                0x0000000000002260                http_request_destroy
                0x00000000000022a0                http_request_format
                0x0000000000002410                http_send_request
 *fill*         0x000000000000245a        0x6 
 .text          0x0000000000002460      0x4dd ../../lib/http/libhttp.a(response.o)
                0x0000000000002490                http_receive_status
                0x0000000000002840                http_receive_response
                0x0000000000002910                http_response_destroy
 *fill*         0x000000000000293d        0x3 
 .text          0x0000000000002940      0x775 ../../lib/http/libhttp.a(receive-buffer.o)
                0x0000000000002a30                recv_buffer_init
                0x0000000000002a80                recv_buffer_init_const
                0x0000000000002af0                recv_buffer_fini
                0x0000000000002b10                recv_reset
                0x0000000000002b30                recv_mark
                0x0000000000002b60                recv_unmark
                0x0000000000002b90                recv_mark_update
                0x0000000000002bb0                recv_cut
                0x0000000000002c20                recv_cut_str
                0x0000000000002cd0                recv_char
                0x0000000000002dc0                recv_buffer
                0x0000000000002e20                recv_discard
                0x0000000000002e70                recv_discard_str
                0x0000000000002ef0                recv_while
                0x0000000000002f60                recv_eol
                0x0000000000003000                recv_line
 *fill*         0x00000000000030b5        0xb 
 .text          0x00000000000030c0      0x857 ../../lib/uri/liburi.a(uri.o)
                0x00000000000030c0                uri_parse
                0x00000000000034c0                uri_scheme_parse
                0x0000000000003530                uri_scheme_validate
                0x0000000000003590                uri_percent_parse
                0x0000000000003640                uri_user_info_parse
                0x0000000000003710                uri_user_info_validate
                0x0000000000003740                uri_port_parse
                0x0000000000003780                uri_port_validate
                0x00000000000037b0                uri_validate
                0x00000000000038b0                uri_destroy
 *(.rodata .rodata.*)
 .rodata.str1.1
                0x0000000000003917      0x159 main.o
                                        0x15d (size before relaxing)
 .rodata.str1.4
                0x0000000000003a70      0x14c main.o
                                        0x14b (size before relaxing)
 .rodata.str1.1
                0x0000000000003bbc        0x9 ../../lib/http/libhttp.a(headers.o)
 *fill*         0x0000000000003bc5        0x3 
 .rodata        0x0000000000003bc8      0x57c ../../lib/http/libhttp.a(headers.o)
 .rodata.str1.1
                0x0000000000004144       0x2d ../../lib/http/libhttp.a(request.o)
                                         0x30 (size before relaxing)
 .rodata.str1.1
                0x0000000000004171        0xa ../../lib/http/libhttp.a(response.o)
 .rodata.str1.1
                0x000000000000417b       0x10 ../../lib/uri/liburi.a(uri.o)
 *fill*         0x000000000000418b        0x1 
 .rodata        0x000000000000418c       0x74 ../../lib/uri/liburi.a(uri.o)

.rel.plt        0x0000000000004200       0xf8
 *(.rel.plt)
 .rel.plt       0x0000000000004200       0xf8 /home/ayyuce/Desktop/HlnOS/HelenOS/uspace/lib/c/arch/ia32/src/entry.o

.rel.dyn        0x00000000000042f8       0x18
 *(.rel.*)
 .rel.got       0x00000000000042f8        0x0 /home/ayyuce/Desktop/HlnOS/HelenOS/uspace/lib/c/arch/ia32/src/entry.o
 .rel.bss       0x00000000000042f8       0x18 /home/ayyuce/Desktop/HlnOS/HelenOS/uspace/lib/c/arch/ia32/src/entry.o
 .rel.init      0x0000000000004310        0x0 /home/ayyuce/Desktop/HlnOS/HelenOS/uspace/lib/c/arch/ia32/src/entry.o
 .rel.text.startup
                0x0000000000004310        0x0 /home/ayyuce/Desktop/HlnOS/HelenOS/uspace/lib/c/arch/ia32/src/entry.o
 .rel.text      0x0000000000004310        0x0 /home/ayyuce/Desktop/HlnOS/HelenOS/uspace/lib/c/arch/ia32/src/entry.o

.plt            0x0000000000004310      0x200
 *(.plt)
 .plt           0x0000000000004310      0x200 /home/ayyuce/Desktop/HlnOS/HelenOS/uspace/lib/c/arch/ia32/src/entry.o
                0x0000000000004320                __main
                0x0000000000004330                memmove
                0x0000000000004340                snprintf
                0x0000000000004350                str_ndup
                0x0000000000004360                memcpy
                0x0000000000004370                tcp_conn_send
                0x0000000000004380                malloc
                0x0000000000004390                tcp_conn_wait_connected
                0x00000000000043a0                tcp_conn_create
                0x00000000000043b0                assert_abort
                0x00000000000043c0                stricmp
                0x00000000000043d0                fprintf
                0x00000000000043e0                inet_ep2_init
                0x00000000000043f0                str_uint8_t
                0x0000000000004400                str_dup
                0x0000000000004410                tcp_destroy
                0x0000000000004420                inet_host_plookup_one
                0x0000000000004430                str_cmp
                0x0000000000004440                memset
                0x0000000000004450                asprintf
                0x0000000000004460                printf_size
                0x0000000000004470                str_size
                0x0000000000004480                str_length
                0x0000000000004490                str_error
                0x00000000000044a0                str_uint16_t
                0x00000000000044b0                fwrite
                0x00000000000044c0                tcp_conn_destroy
                0x00000000000044d0                __syscall_fast
                0x00000000000044e0                tcp_create
                0x00000000000044f0                tcp_conn_recv_wait
                0x0000000000004500                free

.dynsym         0x0000000000004510      0x250
 *(.dynsym)
 .dynsym        0x0000000000004510      0x250 /home/ayyuce/Desktop/HlnOS/HelenOS/uspace/lib/c/arch/ia32/src/entry.o

.dynstr         0x0000000000004760      0x1a4
 *(.dynstr)
 .dynstr        0x0000000000004760      0x1a4 /home/ayyuce/Desktop/HlnOS/HelenOS/uspace/lib/c/arch/ia32/src/entry.o

.hash           0x0000000000004904       0xe0
 *(.hash)
 .hash          0x0000000000004904       0xe0 /home/ayyuce/Desktop/HlnOS/HelenOS/uspace/lib/c/arch/ia32/src/entry.o

.interp         0x00000000000049e4       0x13
 *(.interp)
 .interp        0x00000000000049e4       0x13 /home/ayyuce/Desktop/HlnOS/HelenOS/uspace/lib/c/arch/ia32/src/entry.o
                0x00000000000059f7                . = (. + 0x1000)

.dynamic        0x00000000000059f8       0xa8
 *(.dynamic)
 .dynamic       0x00000000000059f8       0xa8 /home/ayyuce/Desktop/HlnOS/HelenOS/uspace/lib/c/arch/ia32/src/entry.o
                0x00000000000059f8                _DYNAMIC

.data           0x0000000000005aa0        0x0
 *(.data)
 .data          0x0000000000005aa0        0x0 /home/ayyuce/Desktop/HlnOS/HelenOS/uspace/lib/c/arch/ia32/src/entry.o
 .data          0x0000000000005aa0        0x0 main.o
 .data          0x0000000000005aa0        0x0 ../../lib/http/libhttp.a(http.o)
 .data          0x0000000000005aa0        0x0 ../../lib/http/libhttp.a(headers.o)
 .data          0x0000000000005aa0        0x0 ../../lib/http/libhttp.a(request.o)
 .data          0x0000000000005aa0        0x0 ../../lib/http/libhttp.a(response.o)
 .data          0x0000000000005aa0        0x0 ../../lib/http/libhttp.a(receive-buffer.o)
 .data          0x0000000000005aa0        0x0 ../../lib/uri/liburi.a(uri.o)

.data.rel
 *(.data.rel .data.rel.*)

.got            0x0000000000005aa0        0x0
 *(.got)
 .got           0x0000000000005aa0        0x0 /home/ayyuce/Desktop/HlnOS/HelenOS/uspace/lib/c/arch/ia32/src/entry.o

.got.plt        0x0000000000005aa0       0x88
 *(.got.plt)
 .got.plt       0x0000000000005aa0       0x88 /home/ayyuce/Desktop/HlnOS/HelenOS/uspace/lib/c/arch/ia32/src/entry.o
                0x0000000000005aa0                _GLOBAL_OFFSET_TABLE_

.tdata
 *(.tdata)
 *(.gnu.linkonce.tb.*)

.tbss
 *(.tbss)

.bss            0x0000000000005b28       0x14
 *(.dynbss)
 *fill*         0x0000000000005b28        0x0 
 .dynbss        0x0000000000005b28       0x14 /home/ayyuce/Desktop/HlnOS/HelenOS/uspace/lib/c/arch/ia32/src/entry.o
                0x0000000000005b28                stdout
                0x0000000000005b30                __syscall_fast_func
                0x0000000000005b38                stderr
 *(COMMON)
 *(.bss)
 .bss           0x0000000000005b3c        0x0 /home/ayyuce/Desktop/HlnOS/HelenOS/uspace/lib/c/arch/ia32/src/entry.o
 .bss           0x0000000000005b3c        0x0 main.o
 .bss           0x0000000000005b3c        0x0 ../../lib/http/libhttp.a(http.o)
 .bss           0x0000000000005b3c        0x0 ../../lib/http/libhttp.a(headers.o)
 .bss           0x0000000000005b3c        0x0 ../../lib/http/libhttp.a(request.o)
 .bss           0x0000000000005b3c        0x0 ../../lib/http/libhttp.a(response.o)
 .bss           0x0000000000005b3c        0x0 ../../lib/http/libhttp.a(receive-buffer.o)
 .bss           0x0000000000005b3c        0x0 ../../lib/uri/liburi.a(uri.o)

/DISCARD/
 *(*)
LOAD main.o
LOAD ../../lib/http/libhttp.a
LOAD ../../lib/uri/liburi.a
LOAD ../../lib/c/libc.so.0
LOAD ../../lib/softint/libsoftint.so.0
OUTPUT(download elf32-i386)
