
Discarded input sections

 .debug_line    0x0000000000000000       0x53 /home/ayyuce/Desktop/HlnOS/HelenOS/uspace/lib/c/arch/ia32/src/entry.o
 .debug_info    0x0000000000000000       0x6c /home/ayyuce/Desktop/HlnOS/HelenOS/uspace/lib/c/arch/ia32/src/entry.o
 .debug_abbrev  0x0000000000000000       0x14 /home/ayyuce/Desktop/HlnOS/HelenOS/uspace/lib/c/arch/ia32/src/entry.o
 .debug_aranges
                0x0000000000000000       0x20 /home/ayyuce/Desktop/HlnOS/HelenOS/uspace/lib/c/arch/ia32/src/entry.o
 .debug_info    0x0000000000000000      0x7ac i8259.o
 .debug_abbrev  0x0000000000000000      0x23c i8259.o
 .debug_loc     0x0000000000000000      0x114 i8259.o
 .debug_aranges
                0x0000000000000000       0x28 i8259.o
 .debug_ranges  0x0000000000000000       0x70 i8259.o
 .debug_line    0x0000000000000000      0x295 i8259.o
 .debug_str     0x0000000000000000      0x963 i8259.o
 .comment       0x0000000000000000       0x12 i8259.o
 .note.GNU-stack
                0x0000000000000000        0x0 i8259.o
 .eh_frame      0x0000000000000000       0x90 i8259.o

Memory Configuration

Name             Origin             Length             Attributes
*default*        0x0000000000000000 0xffffffffffffffff

Linker script and memory map

LOAD /home/ayyuce/Desktop/HlnOS/HelenOS/uspace/lib/c/arch/ia32/src/entry.o
                0x00000000000010f4                . = (0x1000 + SIZEOF_HEADERS)

.init           0x00000000000010f4       0x2e
 *(.init)
 .init          0x00000000000010f4       0x2e /home/ayyuce/Desktop/HlnOS/HelenOS/uspace/lib/c/arch/ia32/src/entry.o
                0x00000000000010f4                __entry

.text           0x0000000000001130      0x2d3
 *(.text .text.*)
 .text          0x0000000000001130        0x0 /home/ayyuce/Desktop/HlnOS/HelenOS/uspace/lib/c/arch/ia32/src/entry.o
 .text          0x0000000000001130      0x138 i8259.o
 *fill*         0x0000000000001268        0x8 
 .text.startup  0x0000000000001270      0x12a i8259.o
                0x0000000000001270                main
 *(.rodata .rodata.*)
 .rodata.str1.1
                0x000000000000139a       0x69 i8259.o

.rel.plt        0x0000000000001404       0x68
 *(.rel.plt)
 .rel.plt       0x0000000000001404       0x68 /home/ayyuce/Desktop/HlnOS/HelenOS/uspace/lib/c/arch/ia32/src/entry.o

.rel.dyn        0x000000000000146c       0x10
 *(.rel.*)
 .rel.got       0x000000000000146c        0x0 /home/ayyuce/Desktop/HlnOS/HelenOS/uspace/lib/c/arch/ia32/src/entry.o
 .rel.bss       0x000000000000146c       0x10 /home/ayyuce/Desktop/HlnOS/HelenOS/uspace/lib/c/arch/ia32/src/entry.o
 .rel.init      0x000000000000147c        0x0 /home/ayyuce/Desktop/HlnOS/HelenOS/uspace/lib/c/arch/ia32/src/entry.o
 .rel.text      0x000000000000147c        0x0 /home/ayyuce/Desktop/HlnOS/HelenOS/uspace/lib/c/arch/ia32/src/entry.o
 .rel.text.startup
                0x000000000000147c        0x0 /home/ayyuce/Desktop/HlnOS/HelenOS/uspace/lib/c/arch/ia32/src/entry.o

.plt            0x0000000000001480       0xe0
 *(.plt)
 .plt           0x0000000000001480       0xe0 /home/ayyuce/Desktop/HlnOS/HelenOS/uspace/lib/c/arch/ia32/src/entry.o
                0x0000000000001490                pio_enable
                0x00000000000014a0                __main
                0x00000000000014b0                sysinfo_get_value
                0x00000000000014c0                task_retval
                0x00000000000014d0                printf
                0x00000000000014e0                async_answer_0
                0x00000000000014f0                pio_read_8
                0x0000000000001500                pio_write_8
                0x0000000000001510                async_get_call_timeout
                0x0000000000001520                fibril_switch
                0x0000000000001530                __syscall_fast
                0x0000000000001540                async_set_fallback_port_handler
                0x0000000000001550                service_register

.dynsym         0x0000000000001560      0x120
 *(.dynsym)
 .dynsym        0x0000000000001560      0x120 /home/ayyuce/Desktop/HlnOS/HelenOS/uspace/lib/c/arch/ia32/src/entry.o

.dynstr         0x0000000000001680      0x105
 *(.dynstr)
 .dynstr        0x0000000000001680      0x105 /home/ayyuce/Desktop/HlnOS/HelenOS/uspace/lib/c/arch/ia32/src/entry.o

.hash           0x0000000000001788       0x94
 *(.hash)
 .hash          0x0000000000001788       0x94 /home/ayyuce/Desktop/HlnOS/HelenOS/uspace/lib/c/arch/ia32/src/entry.o

.interp         0x000000000000181c       0x13
 *(.interp)
 .interp        0x000000000000181c       0x13 /home/ayyuce/Desktop/HlnOS/HelenOS/uspace/lib/c/arch/ia32/src/entry.o
                0x000000000000282f                . = (. + 0x1000)

.dynamic        0x0000000000002830       0xa8
 *(.dynamic)
 .dynamic       0x0000000000002830       0xa8 /home/ayyuce/Desktop/HlnOS/HelenOS/uspace/lib/c/arch/ia32/src/entry.o
                0x0000000000002830                _DYNAMIC

.data           0x00000000000028d8        0x0
 *(.data)
 .data          0x00000000000028d8        0x0 /home/ayyuce/Desktop/HlnOS/HelenOS/uspace/lib/c/arch/ia32/src/entry.o
 .data          0x00000000000028d8        0x0 i8259.o

.data.rel
 *(.data.rel .data.rel.*)

.got            0x00000000000028d8        0x0
 *(.got)
 .got           0x00000000000028d8        0x0 /home/ayyuce/Desktop/HlnOS/HelenOS/uspace/lib/c/arch/ia32/src/entry.o

.got.plt        0x00000000000028d8       0x40
 *(.got.plt)
 .got.plt       0x00000000000028d8       0x40 /home/ayyuce/Desktop/HlnOS/HelenOS/uspace/lib/c/arch/ia32/src/entry.o
                0x00000000000028d8                _GLOBAL_OFFSET_TABLE_

.tdata
 *(.tdata)
 *(.gnu.linkonce.tb.*)

.tbss
 *(.tbss)

.bss            0x0000000000002918       0x10
 *(.dynbss)
 *fill*         0x0000000000002918        0x0 
 .dynbss        0x0000000000002918        0x8 /home/ayyuce/Desktop/HlnOS/HelenOS/uspace/lib/c/arch/ia32/src/entry.o
                0x0000000000002918                __syscall_fast_func
                0x000000000000291c                async_futex
 *(COMMON)
 *(.bss)
 .bss           0x0000000000002920        0x0 /home/ayyuce/Desktop/HlnOS/HelenOS/uspace/lib/c/arch/ia32/src/entry.o
 .bss           0x0000000000002920        0x8 i8259.o

/DISCARD/
 *(*)
LOAD i8259.o
LOAD ../../../../lib/c/libc.so.0
LOAD ../../../../lib/softint/libsoftint.so.0
OUTPUT(i8259 elf32-i386)
