Archive member included to satisfy reference by file (symbol)

../../../lib/drv/libdrv.a(driver.o)
                              main.o (ddf_dev_data_alloc)
../../../lib/drv/libdrv.a(dev_iface.o)
                              ../../../lib/drv/libdrv.a(driver.o) (get_remote_iface)
../../../lib/drv/libdrv.a(log.o)
                              main.o (ddf_log_init)
../../../lib/drv/libdrv.a(remote_audio_mixer.o)
                              ../../../lib/drv/libdrv.a(dev_iface.o) (remote_audio_mixer_iface)
../../../lib/drv/libdrv.a(remote_audio_pcm.o)
                              ../../../lib/drv/libdrv.a(dev_iface.o) (remote_audio_pcm_iface)
../../../lib/drv/libdrv.a(remote_hw_res.o)
                              ../../../lib/drv/libdrv.a(dev_iface.o) (remote_hw_res_iface)
../../../lib/drv/libdrv.a(remote_pio_window.o)
                              ../../../lib/drv/libdrv.a(dev_iface.o) (remote_pio_window_iface)
../../../lib/drv/libdrv.a(remote_char_dev.o)
                              ../../../lib/drv/libdrv.a(dev_iface.o) (remote_char_dev_iface)
../../../lib/drv/libdrv.a(remote_nic.o)
                              ../../../lib/drv/libdrv.a(dev_iface.o) (remote_nic_iface)
../../../lib/drv/libdrv.a(remote_ieee80211.o)
                              ../../../lib/drv/libdrv.a(dev_iface.o) (remote_ieee80211_iface)
../../../lib/drv/libdrv.a(remote_usb.o)
                              ../../../lib/drv/libdrv.a(dev_iface.o) (remote_usb_iface)
../../../lib/drv/libdrv.a(remote_pci.o)
                              ../../../lib/drv/libdrv.a(dev_iface.o) (remote_pci_iface)
../../../lib/drv/libdrv.a(remote_usbhc.o)
                              ../../../lib/drv/libdrv.a(dev_iface.o) (remote_usbhc_iface)
../../../lib/drv/libdrv.a(remote_usbhid.o)
                              ../../../lib/drv/libdrv.a(dev_iface.o) (remote_usbhid_iface)
../../../lib/drv/libdrv.a(remote_clock_dev.o)
                              ../../../lib/drv/libdrv.a(dev_iface.o) (remote_clock_dev_iface)
../../../lib/drv/libdrv.a(remote_led_dev.o)
                              ../../../lib/drv/libdrv.a(dev_iface.o) (remote_led_dev_iface)
../../../lib/drv/libdrv.a(remote_battery_dev.o)
                              ../../../lib/drv/libdrv.a(dev_iface.o) (remote_battery_dev_iface)
../../../lib/drv/libdrv.a(remote_ahci.o)
                              ../../../lib/drv/libdrv.a(dev_iface.o) (remote_ahci_iface)

Allocating common symbols
Common symbol       size              file

static_assert       0x4               ../../../lib/drv/libdrv.a(remote_usb.o)

Discarded input sections

 .debug_line    0x0000000000000000       0x53 /home/ayyuce/Desktop/HlnOS/HelenOS/uspace/lib/c/arch/ia32/src/entry.o
 .debug_info    0x0000000000000000       0x6c /home/ayyuce/Desktop/HlnOS/HelenOS/uspace/lib/c/arch/ia32/src/entry.o
 .debug_abbrev  0x0000000000000000       0x14 /home/ayyuce/Desktop/HlnOS/HelenOS/uspace/lib/c/arch/ia32/src/entry.o
 .debug_aranges
                0x0000000000000000       0x20 /home/ayyuce/Desktop/HlnOS/HelenOS/uspace/lib/c/arch/ia32/src/entry.o
 .debug_info    0x0000000000000000     0x37d1 ata_bd.o
 .debug_abbrev  0x0000000000000000      0x40f ata_bd.o
 .debug_loc     0x0000000000000000     0x2f2c ata_bd.o
 .debug_aranges
                0x0000000000000000       0x20 ata_bd.o
 .debug_ranges  0x0000000000000000      0x448 ata_bd.o
 .debug_line    0x0000000000000000      0x8e2 ata_bd.o
 .debug_str     0x0000000000000000     0x1614 ata_bd.o
 .comment       0x0000000000000000       0x12 ata_bd.o
 .note.GNU-stack
                0x0000000000000000        0x0 ata_bd.o
 .eh_frame      0x0000000000000000      0x2c0 ata_bd.o
 .debug_info    0x0000000000000000     0x1793 main.o
 .debug_abbrev  0x0000000000000000      0x342 main.o
 .debug_loc     0x0000000000000000      0x525 main.o
 .debug_aranges
                0x0000000000000000       0x28 main.o
 .debug_ranges  0x0000000000000000       0x30 main.o
 .debug_line    0x0000000000000000      0x443 main.o
 .debug_str     0x0000000000000000     0x10b6 main.o
 .comment       0x0000000000000000       0x12 main.o
 .note.GNU-stack
                0x0000000000000000        0x0 main.o
 .eh_frame      0x0000000000000000      0x228 main.o
 .debug_info    0x0000000000000000     0x2c13 ../../../lib/drv/libdrv.a(driver.o)
 .debug_abbrev  0x0000000000000000      0x43e ../../../lib/drv/libdrv.a(driver.o)
 .debug_loc     0x0000000000000000      0xd65 ../../../lib/drv/libdrv.a(driver.o)
 .debug_aranges
                0x0000000000000000       0x20 ../../../lib/drv/libdrv.a(driver.o)
 .debug_ranges  0x0000000000000000      0x450 ../../../lib/drv/libdrv.a(driver.o)
 .debug_line    0x0000000000000000      0x826 ../../../lib/drv/libdrv.a(driver.o)
 .debug_str     0x0000000000000000     0x16bc ../../../lib/drv/libdrv.a(driver.o)
 .comment       0x0000000000000000       0x12 ../../../lib/drv/libdrv.a(driver.o)
 .note.GNU-stack
                0x0000000000000000        0x0 ../../../lib/drv/libdrv.a(driver.o)
 .eh_frame      0x0000000000000000      0x4a4 ../../../lib/drv/libdrv.a(driver.o)
 .debug_info    0x0000000000000000      0x592 ../../../lib/drv/libdrv.a(dev_iface.o)
 .debug_abbrev  0x0000000000000000      0x190 ../../../lib/drv/libdrv.a(dev_iface.o)
 .debug_loc     0x0000000000000000       0x4a ../../../lib/drv/libdrv.a(dev_iface.o)
 .debug_aranges
                0x0000000000000000       0x20 ../../../lib/drv/libdrv.a(dev_iface.o)
 .debug_line    0x0000000000000000      0x2c0 ../../../lib/drv/libdrv.a(dev_iface.o)
 .debug_str     0x0000000000000000      0x963 ../../../lib/drv/libdrv.a(dev_iface.o)
 .comment       0x0000000000000000       0x12 ../../../lib/drv/libdrv.a(dev_iface.o)
 .note.GNU-stack
                0x0000000000000000        0x0 ../../../lib/drv/libdrv.a(dev_iface.o)
 .eh_frame      0x0000000000000000       0x84 ../../../lib/drv/libdrv.a(dev_iface.o)
 .debug_info    0x0000000000000000      0x183 ../../../lib/drv/libdrv.a(log.o)
 .debug_abbrev  0x0000000000000000      0x108 ../../../lib/drv/libdrv.a(log.o)
 .debug_loc     0x0000000000000000       0x20 ../../../lib/drv/libdrv.a(log.o)
 .debug_aranges
                0x0000000000000000       0x20 ../../../lib/drv/libdrv.a(log.o)
 .debug_line    0x0000000000000000       0xe4 ../../../lib/drv/libdrv.a(log.o)
 .debug_str     0x0000000000000000      0x233 ../../../lib/drv/libdrv.a(log.o)
 .comment       0x0000000000000000       0x12 ../../../lib/drv/libdrv.a(log.o)
 .note.GNU-stack
                0x0000000000000000        0x0 ../../../lib/drv/libdrv.a(log.o)
 .eh_frame      0x0000000000000000       0x58 ../../../lib/drv/libdrv.a(log.o)
 .debug_info    0x0000000000000000      0xc03 ../../../lib/drv/libdrv.a(remote_audio_mixer.o)
 .debug_abbrev  0x0000000000000000      0x254 ../../../lib/drv/libdrv.a(remote_audio_mixer.o)
 .debug_loc     0x0000000000000000      0x3d1 ../../../lib/drv/libdrv.a(remote_audio_mixer.o)
 .debug_aranges
                0x0000000000000000       0x20 ../../../lib/drv/libdrv.a(remote_audio_mixer.o)
 .debug_ranges  0x0000000000000000       0x80 ../../../lib/drv/libdrv.a(remote_audio_mixer.o)
 .debug_line    0x0000000000000000      0x31a ../../../lib/drv/libdrv.a(remote_audio_mixer.o)
 .debug_str     0x0000000000000000      0xb88 ../../../lib/drv/libdrv.a(remote_audio_mixer.o)
 .comment       0x0000000000000000       0x12 ../../../lib/drv/libdrv.a(remote_audio_mixer.o)
 .note.GNU-stack
                0x0000000000000000        0x0 ../../../lib/drv/libdrv.a(remote_audio_mixer.o)
 .eh_frame      0x0000000000000000      0x1c4 ../../../lib/drv/libdrv.a(remote_audio_mixer.o)
 .debug_info    0x0000000000000000     0x2298 ../../../lib/drv/libdrv.a(remote_audio_pcm.o)
 .debug_abbrev  0x0000000000000000      0x3d2 ../../../lib/drv/libdrv.a(remote_audio_pcm.o)
 .debug_loc     0x0000000000000000      0xef5 ../../../lib/drv/libdrv.a(remote_audio_pcm.o)
 .debug_aranges
                0x0000000000000000       0x20 ../../../lib/drv/libdrv.a(remote_audio_pcm.o)
 .debug_ranges  0x0000000000000000       0xb8 ../../../lib/drv/libdrv.a(remote_audio_pcm.o)
 .debug_line    0x0000000000000000      0x647 ../../../lib/drv/libdrv.a(remote_audio_pcm.o)
 .debug_str     0x0000000000000000     0x198d ../../../lib/drv/libdrv.a(remote_audio_pcm.o)
 .comment       0x0000000000000000       0x12 ../../../lib/drv/libdrv.a(remote_audio_pcm.o)
 .note.GNU-stack
                0x0000000000000000        0x0 ../../../lib/drv/libdrv.a(remote_audio_pcm.o)
 .eh_frame      0x0000000000000000      0x63c ../../../lib/drv/libdrv.a(remote_audio_pcm.o)
 .debug_info    0x0000000000000000      0x9fb ../../../lib/drv/libdrv.a(remote_hw_res.o)
 .debug_abbrev  0x0000000000000000      0x1f5 ../../../lib/drv/libdrv.a(remote_hw_res.o)
 .debug_loc     0x0000000000000000      0x255 ../../../lib/drv/libdrv.a(remote_hw_res.o)
 .debug_aranges
                0x0000000000000000       0x20 ../../../lib/drv/libdrv.a(remote_hw_res.o)
 .debug_line    0x0000000000000000      0x26d ../../../lib/drv/libdrv.a(remote_hw_res.o)
 .debug_str     0x0000000000000000      0xb5c ../../../lib/drv/libdrv.a(remote_hw_res.o)
 .comment       0x0000000000000000       0x12 ../../../lib/drv/libdrv.a(remote_hw_res.o)
 .note.GNU-stack
                0x0000000000000000        0x0 ../../../lib/drv/libdrv.a(remote_hw_res.o)
 .eh_frame      0x0000000000000000       0xf0 ../../../lib/drv/libdrv.a(remote_hw_res.o)
 .debug_info    0x0000000000000000      0x624 ../../../lib/drv/libdrv.a(remote_pio_window.o)
 .debug_abbrev  0x0000000000000000      0x1af ../../../lib/drv/libdrv.a(remote_pio_window.o)
 .debug_loc     0x0000000000000000       0x54 ../../../lib/drv/libdrv.a(remote_pio_window.o)
 .debug_aranges
                0x0000000000000000       0x20 ../../../lib/drv/libdrv.a(remote_pio_window.o)
 .debug_line    0x0000000000000000      0x245 ../../../lib/drv/libdrv.a(remote_pio_window.o)
 .debug_str     0x0000000000000000      0x970 ../../../lib/drv/libdrv.a(remote_pio_window.o)
 .comment       0x0000000000000000       0x12 ../../../lib/drv/libdrv.a(remote_pio_window.o)
 .note.GNU-stack
                0x0000000000000000        0x0 ../../../lib/drv/libdrv.a(remote_pio_window.o)
 .eh_frame      0x0000000000000000       0x58 ../../../lib/drv/libdrv.a(remote_pio_window.o)
 .debug_info    0x0000000000000000      0x9f8 ../../../lib/drv/libdrv.a(remote_char_dev.o)
 .debug_abbrev  0x0000000000000000      0x243 ../../../lib/drv/libdrv.a(remote_char_dev.o)
 .debug_loc     0x0000000000000000      0x304 ../../../lib/drv/libdrv.a(remote_char_dev.o)
 .debug_aranges
                0x0000000000000000       0x20 ../../../lib/drv/libdrv.a(remote_char_dev.o)
 .debug_ranges  0x0000000000000000       0x40 ../../../lib/drv/libdrv.a(remote_char_dev.o)
 .debug_line    0x0000000000000000      0x29f ../../../lib/drv/libdrv.a(remote_char_dev.o)
 .debug_str     0x0000000000000000      0xa95 ../../../lib/drv/libdrv.a(remote_char_dev.o)
 .comment       0x0000000000000000       0x12 ../../../lib/drv/libdrv.a(remote_char_dev.o)
 .note.GNU-stack
                0x0000000000000000        0x0 ../../../lib/drv/libdrv.a(remote_char_dev.o)
 .eh_frame      0x0000000000000000      0x120 ../../../lib/drv/libdrv.a(remote_char_dev.o)
 .debug_info    0x0000000000000000     0x55bd ../../../lib/drv/libdrv.a(remote_nic.o)
 .debug_abbrev  0x0000000000000000      0x35f ../../../lib/drv/libdrv.a(remote_nic.o)
 .debug_loc     0x0000000000000000     0x25cf ../../../lib/drv/libdrv.a(remote_nic.o)
 .debug_aranges
                0x0000000000000000       0x20 ../../../lib/drv/libdrv.a(remote_nic.o)
 .debug_ranges  0x0000000000000000      0x180 ../../../lib/drv/libdrv.a(remote_nic.o)
 .debug_line    0x0000000000000000      0xc19 ../../../lib/drv/libdrv.a(remote_nic.o)
 .debug_str     0x0000000000000000     0x261b ../../../lib/drv/libdrv.a(remote_nic.o)
 .comment       0x0000000000000000       0x12 ../../../lib/drv/libdrv.a(remote_nic.o)
 .note.GNU-stack
                0x0000000000000000        0x0 ../../../lib/drv/libdrv.a(remote_nic.o)
 .eh_frame      0x0000000000000000     0x1028 ../../../lib/drv/libdrv.a(remote_nic.o)
 .debug_info    0x0000000000000000     0x1192 ../../../lib/drv/libdrv.a(remote_ieee80211.o)
 .debug_abbrev  0x0000000000000000      0x38d ../../../lib/drv/libdrv.a(remote_ieee80211.o)
 .debug_loc     0x0000000000000000      0x489 ../../../lib/drv/libdrv.a(remote_ieee80211.o)
 .debug_aranges
                0x0000000000000000       0x20 ../../../lib/drv/libdrv.a(remote_ieee80211.o)
 .debug_ranges  0x0000000000000000       0x70 ../../../lib/drv/libdrv.a(remote_ieee80211.o)
 .debug_line    0x0000000000000000      0x408 ../../../lib/drv/libdrv.a(remote_ieee80211.o)
 .debug_str     0x0000000000000000      0xeb5 ../../../lib/drv/libdrv.a(remote_ieee80211.o)
 .comment       0x0000000000000000       0x12 ../../../lib/drv/libdrv.a(remote_ieee80211.o)
 .note.GNU-stack
                0x0000000000000000        0x0 ../../../lib/drv/libdrv.a(remote_ieee80211.o)
 .eh_frame      0x0000000000000000      0x144 ../../../lib/drv/libdrv.a(remote_ieee80211.o)
 .debug_info    0x0000000000000000     0x1888 ../../../lib/drv/libdrv.a(remote_usb.o)
 .debug_abbrev  0x0000000000000000      0x3a7 ../../../lib/drv/libdrv.a(remote_usb.o)
 .debug_loc     0x0000000000000000      0x886 ../../../lib/drv/libdrv.a(remote_usb.o)
 .debug_aranges
                0x0000000000000000       0x20 ../../../lib/drv/libdrv.a(remote_usb.o)
 .debug_ranges  0x0000000000000000       0xd8 ../../../lib/drv/libdrv.a(remote_usb.o)
 .debug_line    0x0000000000000000      0x4aa ../../../lib/drv/libdrv.a(remote_usb.o)
 .debug_str     0x0000000000000000     0x1125 ../../../lib/drv/libdrv.a(remote_usb.o)
 .comment       0x0000000000000000       0x12 ../../../lib/drv/libdrv.a(remote_usb.o)
 .note.GNU-stack
                0x0000000000000000        0x0 ../../../lib/drv/libdrv.a(remote_usb.o)
 .eh_frame      0x0000000000000000      0x4a8 ../../../lib/drv/libdrv.a(remote_usb.o)
 .debug_info    0x0000000000000000     0x10b2 ../../../lib/drv/libdrv.a(remote_pci.o)
 .debug_abbrev  0x0000000000000000      0x260 ../../../lib/drv/libdrv.a(remote_pci.o)
 .debug_loc     0x0000000000000000      0x70c ../../../lib/drv/libdrv.a(remote_pci.o)
 .debug_aranges
                0x0000000000000000       0x20 ../../../lib/drv/libdrv.a(remote_pci.o)
 .debug_line    0x0000000000000000      0x2de ../../../lib/drv/libdrv.a(remote_pci.o)
 .debug_str     0x0000000000000000      0xbdb ../../../lib/drv/libdrv.a(remote_pci.o)
 .comment       0x0000000000000000       0x12 ../../../lib/drv/libdrv.a(remote_pci.o)
 .note.GNU-stack
                0x0000000000000000        0x0 ../../../lib/drv/libdrv.a(remote_pci.o)
 .eh_frame      0x0000000000000000      0x254 ../../../lib/drv/libdrv.a(remote_pci.o)
 .debug_info    0x0000000000000000      0xdc9 ../../../lib/drv/libdrv.a(remote_usbhc.o)
 .debug_abbrev  0x0000000000000000      0x331 ../../../lib/drv/libdrv.a(remote_usbhc.o)
 .debug_loc     0x0000000000000000      0x41d ../../../lib/drv/libdrv.a(remote_usbhc.o)
 .debug_aranges
                0x0000000000000000       0x20 ../../../lib/drv/libdrv.a(remote_usbhc.o)
 .debug_ranges  0x0000000000000000       0xd8 ../../../lib/drv/libdrv.a(remote_usbhc.o)
 .debug_line    0x0000000000000000      0x37d ../../../lib/drv/libdrv.a(remote_usbhc.o)
 .debug_str     0x0000000000000000      0xbd1 ../../../lib/drv/libdrv.a(remote_usbhc.o)
 .comment       0x0000000000000000       0x12 ../../../lib/drv/libdrv.a(remote_usbhc.o)
 .note.GNU-stack
                0x0000000000000000        0x0 ../../../lib/drv/libdrv.a(remote_usbhc.o)
 .eh_frame      0x0000000000000000      0x19c ../../../lib/drv/libdrv.a(remote_usbhc.o)
 .debug_info    0x0000000000000000      0xe2c ../../../lib/drv/libdrv.a(remote_usbhid.o)
 .debug_abbrev  0x0000000000000000      0x2da ../../../lib/drv/libdrv.a(remote_usbhid.o)
 .debug_loc     0x0000000000000000      0x64b ../../../lib/drv/libdrv.a(remote_usbhid.o)
 .debug_aranges
                0x0000000000000000       0x20 ../../../lib/drv/libdrv.a(remote_usbhid.o)
 .debug_ranges  0x0000000000000000       0x18 ../../../lib/drv/libdrv.a(remote_usbhid.o)
 .debug_line    0x0000000000000000      0x347 ../../../lib/drv/libdrv.a(remote_usbhid.o)
 .debug_str     0x0000000000000000      0xcbb ../../../lib/drv/libdrv.a(remote_usbhid.o)
 .comment       0x0000000000000000       0x12 ../../../lib/drv/libdrv.a(remote_usbhid.o)
 .note.GNU-stack
                0x0000000000000000        0x0 ../../../lib/drv/libdrv.a(remote_usbhid.o)
 .eh_frame      0x0000000000000000      0x21c ../../../lib/drv/libdrv.a(remote_usbhid.o)
 .debug_info    0x0000000000000000      0x77c ../../../lib/drv/libdrv.a(remote_clock_dev.o)
 .debug_abbrev  0x0000000000000000      0x1be ../../../lib/drv/libdrv.a(remote_clock_dev.o)
 .debug_loc     0x0000000000000000       0x94 ../../../lib/drv/libdrv.a(remote_clock_dev.o)
 .debug_aranges
                0x0000000000000000       0x20 ../../../lib/drv/libdrv.a(remote_clock_dev.o)
 .debug_line    0x0000000000000000      0x279 ../../../lib/drv/libdrv.a(remote_clock_dev.o)
 .debug_str     0x0000000000000000      0x9f3 ../../../lib/drv/libdrv.a(remote_clock_dev.o)
 .comment       0x0000000000000000       0x12 ../../../lib/drv/libdrv.a(remote_clock_dev.o)
 .note.GNU-stack
                0x0000000000000000        0x0 ../../../lib/drv/libdrv.a(remote_clock_dev.o)
 .eh_frame      0x0000000000000000       0xa4 ../../../lib/drv/libdrv.a(remote_clock_dev.o)
 .debug_info    0x0000000000000000      0x5a6 ../../../lib/drv/libdrv.a(remote_led_dev.o)
 .debug_abbrev  0x0000000000000000      0x192 ../../../lib/drv/libdrv.a(remote_led_dev.o)
 .debug_loc     0x0000000000000000       0x91 ../../../lib/drv/libdrv.a(remote_led_dev.o)
 .debug_aranges
                0x0000000000000000       0x20 ../../../lib/drv/libdrv.a(remote_led_dev.o)
 .debug_line    0x0000000000000000      0x24c ../../../lib/drv/libdrv.a(remote_led_dev.o)
 .debug_str     0x0000000000000000      0x912 ../../../lib/drv/libdrv.a(remote_led_dev.o)
 .comment       0x0000000000000000       0x12 ../../../lib/drv/libdrv.a(remote_led_dev.o)
 .note.GNU-stack
                0x0000000000000000        0x0 ../../../lib/drv/libdrv.a(remote_led_dev.o)
 .eh_frame      0x0000000000000000       0x44 ../../../lib/drv/libdrv.a(remote_led_dev.o)
 .debug_info    0x0000000000000000      0x7f2 ../../../lib/drv/libdrv.a(remote_battery_dev.o)
 .debug_abbrev  0x0000000000000000      0x1bc ../../../lib/drv/libdrv.a(remote_battery_dev.o)
 .debug_loc     0x0000000000000000       0xb6 ../../../lib/drv/libdrv.a(remote_battery_dev.o)
 .debug_aranges
                0x0000000000000000       0x20 ../../../lib/drv/libdrv.a(remote_battery_dev.o)
 .debug_line    0x0000000000000000      0x250 ../../../lib/drv/libdrv.a(remote_battery_dev.o)
 .debug_str     0x0000000000000000      0xa5e ../../../lib/drv/libdrv.a(remote_battery_dev.o)
 .comment       0x0000000000000000       0x12 ../../../lib/drv/libdrv.a(remote_battery_dev.o)
 .note.GNU-stack
                0x0000000000000000        0x0 ../../../lib/drv/libdrv.a(remote_battery_dev.o)
 .eh_frame      0x0000000000000000       0xc0 ../../../lib/drv/libdrv.a(remote_battery_dev.o)
 .debug_info    0x0000000000000000      0xee6 ../../../lib/drv/libdrv.a(remote_ahci.o)
 .debug_abbrev  0x0000000000000000      0x251 ../../../lib/drv/libdrv.a(remote_ahci.o)
 .debug_loc     0x0000000000000000      0x413 ../../../lib/drv/libdrv.a(remote_ahci.o)
 .debug_aranges
                0x0000000000000000       0x20 ../../../lib/drv/libdrv.a(remote_ahci.o)
 .debug_line    0x0000000000000000      0x314 ../../../lib/drv/libdrv.a(remote_ahci.o)
 .debug_str     0x0000000000000000      0xcf0 ../../../lib/drv/libdrv.a(remote_ahci.o)
 .comment       0x0000000000000000       0x12 ../../../lib/drv/libdrv.a(remote_ahci.o)
 .note.GNU-stack
                0x0000000000000000        0x0 ../../../lib/drv/libdrv.a(remote_ahci.o)
 .eh_frame      0x0000000000000000      0x244 ../../../lib/drv/libdrv.a(remote_ahci.o)

Memory Configuration

Name             Origin             Length             Attributes
*default*        0x0000000000000000 0xffffffffffffffff

Linker script and memory map

LOAD /home/ayyuce/Desktop/HlnOS/HelenOS/uspace/lib/c/arch/ia32/src/entry.o
                0x00000000000010f4                . = (0x1000 + SIZEOF_HEADERS)

.init           0x00000000000010f4       0x2e
 *(.init)
 .init          0x00000000000010f4       0x2e /home/ayyuce/Desktop/HlnOS/HelenOS/uspace/lib/c/arch/ia32/src/entry.o
                0x00000000000010f4                __entry

.text           0x0000000000001140     0xd450
 *(.text .text.*)
 .text          0x0000000000001140        0x0 /home/ayyuce/Desktop/HlnOS/HelenOS/uspace/lib/c/arch/ia32/src/entry.o
 .text          0x0000000000001140     0x1f0f ata_bd.o
                0x0000000000002ba0                ata_ctrl_init
                0x0000000000002f30                ata_ctrl_remove
                0x0000000000002fc0                ata_ctrl_gone
 *fill*         0x000000000000304f        0x1 
 .text          0x0000000000003050      0x5ed main.o
                0x00000000000032a0                ata_fun_create
                0x0000000000003420                ata_fun_remove
                0x0000000000003550                ata_fun_unbind
 *fill*         0x000000000000363d        0x3 
 .text.startup  0x0000000000003640       0x3b main.o
                0x0000000000003640                main
 *fill*         0x000000000000367b        0x5 
 .text          0x0000000000003680     0x118c ../../../lib/drv/libdrv.a(driver.o)
                0x0000000000003f80                ddf_dev_data_alloc
                0x0000000000003fc0                ddf_dev_data_get
                0x0000000000003fd0                ddf_dev_get_handle
                0x0000000000003fe0                ddf_dev_get_name
                0x0000000000003ff0                ddf_dev_parent_sess_create
                0x0000000000004030                ddf_dev_parent_sess_get
                0x0000000000004040                ddf_fun_set_name
                0x0000000000004090                ddf_fun_get_dev
                0x00000000000040a0                ddf_fun_get_handle
                0x00000000000040b0                ddf_fun_create
                0x00000000000041c0                ddf_fun_data_alloc
                0x0000000000004220                ddf_fun_data_get
                0x0000000000004230                ddf_fun_get_name
                0x0000000000004240                ddf_fun_destroy
                0x0000000000004370                ddf_fun_bind
                0x00000000000044a0                ddf_fun_unbind
                0x0000000000004540                ddf_fun_online
                0x0000000000004570                ddf_fun_offline
                0x00000000000045a0                ddf_fun_add_match_id
                0x0000000000004660                ddf_fun_set_ops
                0x0000000000004690                ddf_fun_set_conn_handler
                0x00000000000046c0                ddf_fun_add_to_category
                0x0000000000004710                ddf_driver_main
 *fill*         0x000000000000480c        0x4 
 .text          0x0000000000004810       0x5c ../../../lib/drv/libdrv.a(dev_iface.o)
                0x0000000000004810                get_remote_iface
                0x0000000000004840                get_remote_method
                0x0000000000004860                is_valid_iface_idx
 *fill*         0x000000000000486c        0x4 
 .text          0x0000000000004870       0x2e ../../../lib/drv/libdrv.a(log.o)
                0x0000000000004870                ddf_log_init
                0x0000000000004880                ddf_msg
 *fill*         0x000000000000489e        0x2 
 .text          0x00000000000048a0      0x53f ../../../lib/drv/libdrv.a(remote_audio_mixer.o)
                0x0000000000004b60                audio_mixer_get_info
                0x0000000000004c50                audio_mixer_get_item_info
                0x0000000000004d50                audio_mixer_set_item_level
                0x0000000000004d90                audio_mixer_get_item_level
 *fill*         0x0000000000004ddf        0x1 
 .text          0x0000000000004de0     0x1116 ../../../lib/drv/libdrv.a(remote_audio_pcm.o)
                0x00000000000054a0                audio_pcm_cap_str
                0x00000000000054c0                audio_pcm_event_str
                0x00000000000054e0                audio_pcm_open_default
                0x0000000000005580                audio_pcm_open
                0x00000000000055c0                audio_pcm_open_service
                0x00000000000055e0                audio_pcm_close
                0x0000000000005600                audio_pcm_get_info_str
                0x00000000000056f0                audio_pcm_query_cap
                0x0000000000005750                audio_pcm_get_buffer_pos
                0x00000000000057d0                audio_pcm_test_format
                0x0000000000005900                audio_pcm_register_event_callback
                0x0000000000005990                audio_pcm_unregister_event_callback
                0x00000000000059e0                audio_pcm_get_buffer
                0x0000000000005a90                audio_pcm_release_buffer
                0x0000000000005ae0                audio_pcm_start_playback_fragment
                0x0000000000005b70                audio_pcm_last_playback_fragment
                0x0000000000005bc0                audio_pcm_start_playback
                0x0000000000005c50                audio_pcm_stop_playback_immediate
                0x0000000000005ca0                audio_pcm_stop_playback
                0x0000000000005cf0                audio_pcm_start_capture_fragment
                0x0000000000005d80                audio_pcm_start_capture
                0x0000000000005e10                audio_pcm_last_capture_fragment
                0x0000000000005e60                audio_pcm_stop_capture_immediate
                0x0000000000005eb0                audio_pcm_stop_capture
 *fill*         0x0000000000005ef6        0xa 
 .text          0x0000000000005f00      0x1dd ../../../lib/drv/libdrv.a(remote_hw_res.o)
 *fill*         0x00000000000060dd        0x3 
 .text          0x00000000000060e0       0x95 ../../../lib/drv/libdrv.a(remote_pio_window.o)
 *fill*         0x0000000000006175        0xb 
 .text          0x0000000000006180      0x341 ../../../lib/drv/libdrv.a(remote_char_dev.o)
                0x0000000000006370                char_dev_read
                0x0000000000006420                char_dev_write
 *fill*         0x00000000000064c1        0xf 
 .text          0x00000000000064d0     0x3596 ../../../lib/drv/libdrv.a(remote_nic.o)
                0x00000000000083a0                nic_send_frame
                0x0000000000008430                nic_callback_create
                0x00000000000084d0                nic_get_state
                0x0000000000008540                nic_set_state
                0x0000000000008590                nic_get_address
                0x0000000000008620                nic_set_address
                0x00000000000086b0                nic_get_stats
                0x0000000000008750                nic_get_device_info
                0x00000000000087e0                nic_get_cable_state
                0x0000000000008850                nic_get_operation_mode
                0x00000000000088d0                nic_set_operation_mode
                0x0000000000008920                nic_autoneg_enable
                0x0000000000008970                nic_autoneg_disable
                0x00000000000089c0                nic_autoneg_probe
                0x0000000000008a50                nic_autoneg_restart
                0x0000000000008aa0                nic_get_pause
                0x0000000000008b20                nic_set_pause
                0x0000000000008b80                nic_unicast_get_mode
                0x0000000000008c50                nic_unicast_set_mode
                0x0000000000008d30                nic_multicast_get_mode
                0x0000000000008e00                nic_multicast_set_mode
                0x0000000000008ee0                nic_broadcast_get_mode
                0x0000000000008f50                nic_broadcast_set_mode
                0x0000000000008fa0                nic_defective_get_mode
                0x0000000000009010                nic_defective_set_mode
                0x0000000000009060                nic_blocked_sources_get
                0x0000000000009100                nic_blocked_sources_set
                0x00000000000091f0                nic_vlan_get_mask
                0x0000000000009290                nic_vlan_set_mask
                0x0000000000009330                nic_vlan_set_tag
                0x00000000000093a0                nic_wol_virtue_add
                0x0000000000009480                nic_wol_virtue_remove
                0x00000000000094d0                nic_wol_virtue_probe
                0x0000000000009590                nic_wol_virtue_list
                0x00000000000096a0                nic_wol_virtue_get_caps
                0x0000000000009720                nic_wol_load_info
                0x00000000000097f0                nic_offload_probe
                0x0000000000009890                nic_offload_set
                0x00000000000098e0                nic_poll_get_mode
                0x0000000000009980                nic_poll_set_mode
                0x0000000000009a20                nic_poll_now
 *fill*         0x0000000000009a66        0xa 
 .text          0x0000000000009a70      0x690 ../../../lib/drv/libdrv.a(remote_ieee80211.o)
                0x0000000000009cb0                ieee80211_get_scan_results
                0x0000000000009d40                ieee80211_connect
                0x0000000000009f00                ieee80211_disconnect
 .text          0x000000000000a100      0xb5c ../../../lib/drv/libdrv.a(remote_usb.o)
                0x000000000000a800                usb_dev_connect
                0x000000000000a820                usb_dev_connect_to_self
                0x000000000000a840                usb_dev_disconnect
                0x000000000000a860                usb_get_my_interface
                0x000000000000a8b0                usb_get_my_device_handle
                0x000000000000a900                usb_reserve_default_address
                0x000000000000a940                usb_release_default_address
                0x000000000000a980                usb_device_enumerate
                0x000000000000a9c0                usb_device_remove
                0x000000000000aa00                usb_register_endpoint
                0x000000000000aa70                usb_unregister_endpoint
                0x000000000000aab0                usb_read
                0x000000000000aba0                usb_write
 *fill*         0x000000000000ac5c        0x4 
 .text          0x000000000000ac60      0x55a ../../../lib/drv/libdrv.a(remote_pci.o)
                0x000000000000af90                pci_config_space_read_8
                0x000000000000aff0                pci_config_space_read_16
                0x000000000000b050                pci_config_space_read_32
                0x000000000000b0b0                pci_config_space_write_8
                0x000000000000b110                pci_config_space_write_16
                0x000000000000b170                pci_config_space_write_32
 *fill*         0x000000000000b1ba        0x6 
 .text          0x000000000000b1c0      0x5ec ../../../lib/drv/libdrv.a(remote_usbhc.o)
                0x000000000000b5e0                usbhc_read
                0x000000000000b6e0                usbhc_write
 *fill*         0x000000000000b7ac        0x4 
 .text          0x000000000000b7b0      0x6fb ../../../lib/drv/libdrv.a(remote_usbhid.o)
                0x000000000000bb40                usbhid_dev_get_event_length
                0x000000000000bbb0                usbhid_dev_get_event
                0x000000000000bd20                usbhid_dev_get_report_descriptor_length
                0x000000000000bd90                usbhid_dev_get_report_descriptor
 *fill*         0x000000000000beab        0x5 
 .text          0x000000000000beb0      0x164 ../../../lib/drv/libdrv.a(remote_clock_dev.o)
 *fill*         0x000000000000c014        0xc 
 .text          0x000000000000c020       0x4b ../../../lib/drv/libdrv.a(remote_led_dev.o)
 *fill*         0x000000000000c06b        0x5 
 .text          0x000000000000c070      0x197 ../../../lib/drv/libdrv.a(remote_battery_dev.o)
                0x000000000000c150                battery_status_get
                0x000000000000c1b0                battery_charge_level_get
 *fill*         0x000000000000c207        0x9 
 .text          0x000000000000c210      0x57f ../../../lib/drv/libdrv.a(remote_ahci.o)
                0x000000000000c4b0                ahci_get_sess
                0x000000000000c550                ahci_get_sata_device_name
                0x000000000000c5c0                ahci_get_num_blocks
                0x000000000000c640                ahci_get_block_size
                0x000000000000c6b0                ahci_read_blocks
                0x000000000000c720                ahci_write_blocks
 *(.rodata .rodata.*)
 .rodata.str1.1
                0x000000000000c78f       0xfd ata_bd.o
 .rodata.str1.4
                0x000000000000c88c       0xe5 ata_bd.o
 .rodata.str1.1
                0x000000000000c971       0xf1 main.o
 *fill*         0x000000000000ca62        0x2 
 .rodata.str1.4
                0x000000000000ca64       0xd3 main.o
 .rodata.str1.1
                0x000000000000cb37      0x156 ../../../lib/drv/libdrv.a(driver.o)
 *fill*         0x000000000000cc8d        0x3 
 .rodata.str1.4
                0x000000000000cc90      0x1b0 ../../../lib/drv/libdrv.a(driver.o)
 .rodata        0x000000000000ce40       0x14 ../../../lib/drv/libdrv.a(driver.o)
 .rodata.str1.1
                0x000000000000ce54       0x14 ../../../lib/drv/libdrv.a(dev_iface.o)
                                         0x2c (size before relaxing)
 *fill*         0x000000000000ce68       0x18 
 .rodata        0x000000000000ce80       0x3c ../../../lib/drv/libdrv.a(dev_iface.o)
 .rodata        0x000000000000cebc       0x18 ../../../lib/drv/libdrv.a(remote_audio_mixer.o)
                0x000000000000cebc                remote_audio_mixer_iface
 .rodata.str1.1
                0x000000000000ced4      0x1c4 ../../../lib/drv/libdrv.a(remote_audio_pcm.o)
 .rodata.str1.4
                0x000000000000d098       0x88 ../../../lib/drv/libdrv.a(remote_audio_pcm.o)
 .rodata        0x000000000000d120     0x1070 ../../../lib/drv/libdrv.a(remote_audio_pcm.o)
                0x000000000000e154                remote_audio_pcm_iface
 .rodata        0x000000000000e190       0x18 ../../../lib/drv/libdrv.a(remote_hw_res.o)
                0x000000000000e190                remote_hw_res_iface
 .rodata        0x000000000000e1a8        0xc ../../../lib/drv/libdrv.a(remote_pio_window.o)
                0x000000000000e1a8                remote_pio_window_iface
 .rodata        0x000000000000e1b4       0x10 ../../../lib/drv/libdrv.a(remote_char_dev.o)
                0x000000000000e1b4                remote_char_dev_iface
 .rodata.str1.1
                0x000000000000e1c4       0xd6 ../../../lib/drv/libdrv.a(remote_nic.o)
                                         0xe4 (size before relaxing)
 *fill*         0x000000000000e29a        0x6 
 .rodata        0x000000000000e2a0       0xc4 ../../../lib/drv/libdrv.a(remote_nic.o)
                0x000000000000e2a0                remote_nic_iface
 .rodata.str1.1
                0x000000000000e364       0x68 ../../../lib/drv/libdrv.a(remote_ieee80211.o)
                                         0x69 (size before relaxing)
 .rodata.str1.4
                0x000000000000e3cc       0x22 ../../../lib/drv/libdrv.a(remote_ieee80211.o)
 *fill*         0x000000000000e3ee        0x2 
 .rodata        0x000000000000e3f0       0x14 ../../../lib/drv/libdrv.a(remote_ieee80211.o)
                0x000000000000e3f0                remote_ieee80211_iface
 .rodata.str1.1
                0x000000000000e404       0x24 ../../../lib/drv/libdrv.a(remote_usb.o)
 *fill*         0x000000000000e428       0x18 
 .rodata        0x000000000000e440       0x48 ../../../lib/drv/libdrv.a(remote_usb.o)
                0x000000000000e440                remote_usb_iface
 .rodata.str1.1
                0x000000000000e488       0x15 ../../../lib/drv/libdrv.a(remote_pci.o)
                                         0x1b (size before relaxing)
 *fill*         0x000000000000e49d        0x3 
 .rodata        0x000000000000e4a0       0x20 ../../../lib/drv/libdrv.a(remote_pci.o)
                0x000000000000e4a0                remote_pci_iface
 .rodata.str1.1
                0x000000000000e4c0       0x17 ../../../lib/drv/libdrv.a(remote_usbhc.o)
                                         0x26 (size before relaxing)
 *fill*         0x000000000000e4d7        0x1 
 .rodata        0x000000000000e4d8       0x10 ../../../lib/drv/libdrv.a(remote_usbhc.o)
                0x000000000000e4d8                remote_usbhc_iface
 .rodata.str1.4
                0x000000000000e4e8       0x24 ../../../lib/drv/libdrv.a(remote_usbhid.o)
                                         0x22 (size before relaxing)
 .rodata.str1.1
                0x000000000000e50c       0x1b ../../../lib/drv/libdrv.a(remote_usbhid.o)
 *fill*         0x000000000000e527        0x1 
 .rodata        0x000000000000e528       0x18 ../../../lib/drv/libdrv.a(remote_usbhid.o)
                0x000000000000e528                remote_usbhid_iface
 .rodata        0x000000000000e540       0x10 ../../../lib/drv/libdrv.a(remote_clock_dev.o)
                0x000000000000e540                remote_clock_dev_iface
 .rodata        0x000000000000e550        0xc ../../../lib/drv/libdrv.a(remote_led_dev.o)
                0x000000000000e550                remote_led_dev_iface
 .rodata        0x000000000000e55c       0x10 ../../../lib/drv/libdrv.a(remote_battery_dev.o)
                0x000000000000e55c                remote_battery_dev_iface
 .rodata.str1.1
                0x000000000000e56c        0x6 ../../../lib/drv/libdrv.a(remote_ahci.o)
 *fill*         0x000000000000e572        0x2 
 .rodata        0x000000000000e574       0x1c ../../../lib/drv/libdrv.a(remote_ahci.o)
                0x000000000000e574                remote_ahci_iface

.rel.plt        0x000000000000e590      0x2c8
 *(.rel.plt)
 .rel.plt       0x000000000000e590      0x2c8 /home/ayyuce/Desktop/HlnOS/HelenOS/uspace/lib/c/arch/ia32/src/entry.o

.rel.dyn        0x000000000000e858       0x10
 *(.rel.*)
 .rel.got       0x000000000000e858        0x0 /home/ayyuce/Desktop/HlnOS/HelenOS/uspace/lib/c/arch/ia32/src/entry.o
 .rel.bss       0x000000000000e858       0x10 /home/ayyuce/Desktop/HlnOS/HelenOS/uspace/lib/c/arch/ia32/src/entry.o
 .rel.init      0x000000000000e868        0x0 /home/ayyuce/Desktop/HlnOS/HelenOS/uspace/lib/c/arch/ia32/src/entry.o
 .rel.text      0x000000000000e868        0x0 /home/ayyuce/Desktop/HlnOS/HelenOS/uspace/lib/c/arch/ia32/src/entry.o
 .rel.text.startup
                0x000000000000e868        0x0 /home/ayyuce/Desktop/HlnOS/HelenOS/uspace/lib/c/arch/ia32/src/entry.o

.plt            0x000000000000e870      0x5a0
 *(.plt)
 .plt           0x000000000000e870      0x5a0 /home/ayyuce/Desktop/HlnOS/HelenOS/uspace/lib/c/arch/ia32/src/entry.o
                0x000000000000e880                pio_enable
                0x000000000000e890                __main
                0x000000000000e8a0                loc_category_get_id
                0x000000000000e8b0                devman_device_connect
                0x000000000000e8c0                task_retval
                0x000000000000e8d0                loc_service_connect
                0x000000000000e8e0                inetcfg_sroute_get
                0x000000000000e8f0                printf
                0x000000000000e900                async_hangup
                0x000000000000e910                async_wait_for
                0x000000000000e920                inetcfg_addr_get
                0x000000000000e930                devman_parent_device_connect
                0x000000000000e940                log_init
                0x000000000000e950                async_data_write_start
                0x000000000000e960                fibril_mutex_is_locked
                0x000000000000e970                devman_drv_fun_online
                0x000000000000e980                async_data_read_finalize
                0x000000000000e990                async_share_in_start
                0x000000000000e9a0                memcpy
                0x000000000000e9b0                malloc
                0x000000000000e9c0                devman_add_device_to_category
                0x000000000000e9d0                async_share_out_receive
                0x000000000000e9e0                async_req_fast
                0x000000000000e9f0                async_answer_0
                0x000000000000ea00                async_send_fast
                0x000000000000ea10                bd_conn
                0x000000000000ea20                __umoddi3
                0x000000000000ea30                __udivdi3
                0x000000000000ea40                async_data_read
                0x000000000000ea50                log_msgv
                0x000000000000ea60                devman_add_function
                0x000000000000ea70                pio_read_8
                0x000000000000ea80                async_exchange_end
                0x000000000000ea90                assert_abort
                0x000000000000eaa0                inetcfg_get_sroute_list
                0x000000000000eab0                calloc
                0x000000000000eac0                pio_write_16
                0x000000000000ead0                inetcfg_addr_delete
                0x000000000000eae0                devman_remove_function
                0x000000000000eaf0                pio_write_8
                0x000000000000eb00                async_share_out_finalize
                0x000000000000eb10                str_test_prefix
                0x000000000000eb20                bd_srvs_init
                0x000000000000eb30                async_answer_2
                0x000000000000eb40                fibril_mutex_unlock
                0x000000000000eb50                async_callback_receive_start
                0x000000000000eb60                str_dup
                0x000000000000eb70                fibril_mutex_initialize
                0x000000000000eb80                async_answer_4
                0x000000000000eb90                inetcfg_get_addr_list
                0x000000000000eba0                async_send_slow
                0x000000000000ebb0                inetcfg_link_get
                0x000000000000ebc0                devman_drv_fun_offline
                0x000000000000ebd0                pio_read_16
                0x000000000000ebe0                async_create_callback_port
                0x000000000000ebf0                dhcp_discover
                0x000000000000ec00                devman_driver_register
                0x000000000000ec10                memset
                0x000000000000ec20                async_data_read_receive
                0x000000000000ec30                async_data_read_start
                0x000000000000ec40                async_share_in_receive
                0x000000000000ec50                async_usleep
                0x000000000000ec60                asprintf
                0x000000000000ec70                inetcfg_sroute_delete
                0x000000000000ec80                loc_category_get_svcs
                0x000000000000ec90                async_get_call_timeout
                0x000000000000eca0                str_size
                0x000000000000ecb0                str_lcmp
                0x000000000000ecc0                async_answer_1
                0x000000000000ecd0                async_exchange_begin
                0x000000000000ece0                str_error
                0x000000000000ecf0                devman_fun_get_handle
                0x000000000000ed00                async_share_in_finalize
                0x000000000000ed10                async_answer_3
                0x000000000000ed20                async_share_out_start
                0x000000000000ed30                async_create_port
                0x000000000000ed40                async_data_write_finalize
                0x000000000000ed50                async_data_write_accept
                0x000000000000ed60                async_forget
                0x000000000000ed70                hw_res_get_list_parsed
                0x000000000000ed80                chr_encode
                0x000000000000ed90                fibril_switch
                0x000000000000eda0                inetcfg_get_link_list
                0x000000000000edb0                __syscall_fast
                0x000000000000edc0                async_set_fallback_port_handler
                0x000000000000edd0                async_data_write_receive
                0x000000000000ede0                free
                0x000000000000edf0                devman_fun_get_name
                0x000000000000ee00                fibril_mutex_lock

.dynsym         0x000000000000ee10      0x5e0
 *(.dynsym)
 .dynsym        0x000000000000ee10      0x5e0 /home/ayyuce/Desktop/HlnOS/HelenOS/uspace/lib/c/arch/ia32/src/entry.o

.dynstr         0x000000000000f3f0      0x641
 *(.dynstr)
 .dynstr        0x000000000000f3f0      0x641 /home/ayyuce/Desktop/HlnOS/HelenOS/uspace/lib/c/arch/ia32/src/entry.o

.hash           0x000000000000fa34      0x28c
 *(.hash)
 .hash          0x000000000000fa34      0x28c /home/ayyuce/Desktop/HlnOS/HelenOS/uspace/lib/c/arch/ia32/src/entry.o

.interp         0x000000000000fcc0       0x13
 *(.interp)
 .interp        0x000000000000fcc0       0x13 /home/ayyuce/Desktop/HlnOS/HelenOS/uspace/lib/c/arch/ia32/src/entry.o
                0x0000000000010cd3                . = (. + 0x1000)

.dynamic        0x0000000000010cd4       0xa8
 *(.dynamic)
 .dynamic       0x0000000000010cd4       0xa8 /home/ayyuce/Desktop/HlnOS/HelenOS/uspace/lib/c/arch/ia32/src/entry.o
                0x0000000000010cd4                _DYNAMIC

.data           0x0000000000010d80       0x6c
 *(.data)
 .data          0x0000000000010d80        0x0 /home/ayyuce/Desktop/HlnOS/HelenOS/uspace/lib/c/arch/ia32/src/entry.o
 .data          0x0000000000010d80       0x20 ata_bd.o
                0x0000000000010d80                ata_bd_ops
 .data          0x0000000000010da0       0x1c main.o
 .data          0x0000000000010dbc       0x30 ../../../lib/drv/libdrv.a(driver.o)
                0x0000000000010dbc                functions_mutex
                0x0000000000010dcc                functions
                0x0000000000010dd4                devices_mutex
                0x0000000000010de4                devices
 .data          0x0000000000010dec        0x0 ../../../lib/drv/libdrv.a(dev_iface.o)
 .data          0x0000000000010dec        0x0 ../../../lib/drv/libdrv.a(log.o)
 .data          0x0000000000010dec        0x0 ../../../lib/drv/libdrv.a(remote_audio_mixer.o)
 .data          0x0000000000010dec        0x0 ../../../lib/drv/libdrv.a(remote_audio_pcm.o)
 .data          0x0000000000010dec        0x0 ../../../lib/drv/libdrv.a(remote_hw_res.o)
 .data          0x0000000000010dec        0x0 ../../../lib/drv/libdrv.a(remote_pio_window.o)
 .data          0x0000000000010dec        0x0 ../../../lib/drv/libdrv.a(remote_char_dev.o)
 .data          0x0000000000010dec        0x0 ../../../lib/drv/libdrv.a(remote_nic.o)
 .data          0x0000000000010dec        0x0 ../../../lib/drv/libdrv.a(remote_ieee80211.o)
 .data          0x0000000000010dec        0x0 ../../../lib/drv/libdrv.a(remote_usb.o)
 .data          0x0000000000010dec        0x0 ../../../lib/drv/libdrv.a(remote_pci.o)
 .data          0x0000000000010dec        0x0 ../../../lib/drv/libdrv.a(remote_usbhc.o)
 .data          0x0000000000010dec        0x0 ../../../lib/drv/libdrv.a(remote_usbhid.o)
 .data          0x0000000000010dec        0x0 ../../../lib/drv/libdrv.a(remote_clock_dev.o)
 .data          0x0000000000010dec        0x0 ../../../lib/drv/libdrv.a(remote_led_dev.o)
 .data          0x0000000000010dec        0x0 ../../../lib/drv/libdrv.a(remote_battery_dev.o)
 .data          0x0000000000010dec        0x0 ../../../lib/drv/libdrv.a(remote_ahci.o)

.data.rel
 *(.data.rel .data.rel.*)

.got            0x0000000000010dec        0x0
 *(.got)
 .got           0x0000000000010dec        0x0 /home/ayyuce/Desktop/HlnOS/HelenOS/uspace/lib/c/arch/ia32/src/entry.o

.got.plt        0x0000000000010dec      0x170
 *(.got.plt)
 .got.plt       0x0000000000010dec      0x170 /home/ayyuce/Desktop/HlnOS/HelenOS/uspace/lib/c/arch/ia32/src/entry.o
                0x0000000000010dec                _GLOBAL_OFFSET_TABLE_

.tdata
 *(.tdata)
 *(.gnu.linkonce.tb.*)

.tbss
 *(.tbss)

.bss            0x0000000000010f60       0x15
 *(.dynbss)
 *fill*         0x0000000000010f60        0x0 
 .dynbss        0x0000000000010f60        0x8 /home/ayyuce/Desktop/HlnOS/HelenOS/uspace/lib/c/arch/ia32/src/entry.o
                0x0000000000010f60                __syscall_fast_func
                0x0000000000010f64                async_futex
 *(COMMON)
 COMMON         0x0000000000010f68        0x4 ../../../lib/drv/libdrv.a(remote_usb.o)
                0x0000000000010f68                static_assert
 *(.bss)
 .bss           0x0000000000010f6c        0x0 /home/ayyuce/Desktop/HlnOS/HelenOS/uspace/lib/c/arch/ia32/src/entry.o
 .bss           0x0000000000010f6c        0x0 ata_bd.o
 .bss           0x0000000000010f6c        0x0 main.o
 .bss           0x0000000000010f6c        0x4 ../../../lib/drv/libdrv.a(driver.o)
 .bss           0x0000000000010f70        0x0 ../../../lib/drv/libdrv.a(dev_iface.o)
 .bss           0x0000000000010f70        0x0 ../../../lib/drv/libdrv.a(log.o)
 .bss           0x0000000000010f70        0x0 ../../../lib/drv/libdrv.a(remote_audio_mixer.o)
 .bss           0x0000000000010f70        0x5 ../../../lib/drv/libdrv.a(remote_audio_pcm.o)
 .bss           0x0000000000010f75        0x0 ../../../lib/drv/libdrv.a(remote_hw_res.o)
 .bss           0x0000000000010f75        0x0 ../../../lib/drv/libdrv.a(remote_pio_window.o)
 .bss           0x0000000000010f75        0x0 ../../../lib/drv/libdrv.a(remote_char_dev.o)
 .bss           0x0000000000010f75        0x0 ../../../lib/drv/libdrv.a(remote_nic.o)
 .bss           0x0000000000010f75        0x0 ../../../lib/drv/libdrv.a(remote_ieee80211.o)
 .bss           0x0000000000010f75        0x0 ../../../lib/drv/libdrv.a(remote_usb.o)
 .bss           0x0000000000010f75        0x0 ../../../lib/drv/libdrv.a(remote_pci.o)
 .bss           0x0000000000010f75        0x0 ../../../lib/drv/libdrv.a(remote_usbhc.o)
 .bss           0x0000000000010f75        0x0 ../../../lib/drv/libdrv.a(remote_usbhid.o)
 .bss           0x0000000000010f75        0x0 ../../../lib/drv/libdrv.a(remote_clock_dev.o)
 .bss           0x0000000000010f75        0x0 ../../../lib/drv/libdrv.a(remote_led_dev.o)
 .bss           0x0000000000010f75        0x0 ../../../lib/drv/libdrv.a(remote_battery_dev.o)
 .bss           0x0000000000010f75        0x0 ../../../lib/drv/libdrv.a(remote_ahci.o)

/DISCARD/
 *(*)
LOAD ata_bd.o
LOAD main.o
LOAD ../../../lib/drv/libdrv.a
LOAD ../../../lib/scsi/libscsi.a
LOAD ../../../lib/c/libc.so.0
LOAD ../../../lib/softint/libsoftint.so.0
OUTPUT(ata_bd elf32-i386)
