Archive member included to satisfy reference by file (symbol)

../../../lib/drv/libdrv.a(remote_nic.o)
                              ethip_nic.o (nic_send_frame)

Discarded input sections

 .debug_line    0x0000000000000000       0x53 /home/ayyuce/Desktop/HlnOS/HelenOS/uspace/lib/c/arch/ia32/src/entry.o
 .debug_info    0x0000000000000000       0x6c /home/ayyuce/Desktop/HlnOS/HelenOS/uspace/lib/c/arch/ia32/src/entry.o
 .debug_abbrev  0x0000000000000000       0x14 /home/ayyuce/Desktop/HlnOS/HelenOS/uspace/lib/c/arch/ia32/src/entry.o
 .debug_aranges
                0x0000000000000000       0x20 /home/ayyuce/Desktop/HlnOS/HelenOS/uspace/lib/c/arch/ia32/src/entry.o
 .debug_info    0x0000000000000000      0xd03 arp.o
 .debug_abbrev  0x0000000000000000      0x226 arp.o
 .debug_loc     0x0000000000000000      0x17a arp.o
 .debug_aranges
                0x0000000000000000       0x20 arp.o
 .debug_line    0x0000000000000000      0x2a7 arp.o
 .debug_str     0x0000000000000000      0xad1 arp.o
 .comment       0x0000000000000000       0x12 arp.o
 .note.GNU-stack
                0x0000000000000000        0x0 arp.o
 .eh_frame      0x0000000000000000       0xc8 arp.o
 .debug_info    0x0000000000000000      0xcf4 atrans.o
 .debug_abbrev  0x0000000000000000      0x27d atrans.o
 .debug_loc     0x0000000000000000      0x2e9 atrans.o
 .debug_aranges
                0x0000000000000000       0x20 atrans.o
 .debug_ranges  0x0000000000000000       0x68 atrans.o
 .debug_line    0x0000000000000000      0x2d8 atrans.o
 .debug_str     0x0000000000000000      0xa6b atrans.o
 .comment       0x0000000000000000       0x12 atrans.o
 .note.GNU-stack
                0x0000000000000000        0x0 atrans.o
 .eh_frame      0x0000000000000000       0xe8 atrans.o
 .debug_info    0x0000000000000000     0x133b ethip.o
 .debug_abbrev  0x0000000000000000      0x329 ethip.o
 .debug_loc     0x0000000000000000      0x3f8 ethip.o
 .debug_aranges
                0x0000000000000000       0x28 ethip.o
 .debug_ranges  0x0000000000000000       0x68 ethip.o
 .debug_line    0x0000000000000000      0x3fe ethip.o
 .debug_str     0x0000000000000000      0xd62 ethip.o
 .comment       0x0000000000000000       0x12 ethip.o
 .note.GNU-stack
                0x0000000000000000        0x0 ethip.o
 .eh_frame      0x0000000000000000      0x240 ethip.o
 .debug_info    0x0000000000000000     0x1b1f ethip_nic.o
 .debug_abbrev  0x0000000000000000      0x443 ethip_nic.o
 .debug_loc     0x0000000000000000      0xa01 ethip_nic.o
 .debug_aranges
                0x0000000000000000       0x20 ethip_nic.o
 .debug_ranges  0x0000000000000000      0x1b8 ethip_nic.o
 .debug_line    0x0000000000000000      0x509 ethip_nic.o
 .debug_str     0x0000000000000000     0x13a4 ethip_nic.o
 .comment       0x0000000000000000       0x12 ethip_nic.o
 .note.GNU-stack
                0x0000000000000000        0x0 ethip_nic.o
 .eh_frame      0x0000000000000000      0x224 ethip_nic.o
 .debug_info    0x0000000000000000      0x894 pdu.o
 .debug_abbrev  0x0000000000000000      0x1b8 pdu.o
 .debug_loc     0x0000000000000000      0x19d pdu.o
 .debug_aranges
                0x0000000000000000       0x20 pdu.o
 .debug_ranges  0x0000000000000000       0x80 pdu.o
 .debug_line    0x0000000000000000      0x2b5 pdu.o
 .debug_str     0x0000000000000000      0x8ca pdu.o
 .comment       0x0000000000000000       0x12 pdu.o
 .note.GNU-stack
                0x0000000000000000        0x0 pdu.o
 .eh_frame      0x0000000000000000       0xe8 pdu.o
 .debug_info    0x0000000000000000     0x55bd ../../../lib/drv/libdrv.a(remote_nic.o)
 .debug_abbrev  0x0000000000000000      0x35f ../../../lib/drv/libdrv.a(remote_nic.o)
 .debug_loc     0x0000000000000000     0x25cf ../../../lib/drv/libdrv.a(remote_nic.o)
 .debug_aranges
                0x0000000000000000       0x20 ../../../lib/drv/libdrv.a(remote_nic.o)
 .debug_ranges  0x0000000000000000      0x180 ../../../lib/drv/libdrv.a(remote_nic.o)
 .debug_line    0x0000000000000000      0xc19 ../../../lib/drv/libdrv.a(remote_nic.o)
 .debug_str     0x0000000000000000     0x261b ../../../lib/drv/libdrv.a(remote_nic.o)
 .comment       0x0000000000000000       0x12 ../../../lib/drv/libdrv.a(remote_nic.o)
 .note.GNU-stack
                0x0000000000000000        0x0 ../../../lib/drv/libdrv.a(remote_nic.o)
 .eh_frame      0x0000000000000000     0x1028 ../../../lib/drv/libdrv.a(remote_nic.o)

Memory Configuration

Name             Origin             Length             Attributes
*default*        0x0000000000000000 0xffffffffffffffff

Linker script and memory map

LOAD /home/ayyuce/Desktop/HlnOS/HelenOS/uspace/lib/c/arch/ia32/src/entry.o
                0x00000000000010f4                . = (0x1000 + SIZEOF_HEADERS)

.init           0x00000000000010f4       0x2e
 *(.init)
 .init          0x00000000000010f4       0x2e /home/ayyuce/Desktop/HlnOS/HelenOS/uspace/lib/c/arch/ia32/src/entry.o
                0x00000000000010f4                __entry

.text           0x0000000000001140     0x5a84
 *(.text .text.*)
 .text          0x0000000000001140        0x0 /home/ayyuce/Desktop/HlnOS/HelenOS/uspace/lib/c/arch/ia32/src/entry.o
 .text          0x0000000000001140      0x289 arp.o
                0x0000000000001220                arp_received
                0x0000000000001320                arp_translate
 *fill*         0x00000000000013c9        0x7 
 .text          0x00000000000013d0      0x300 atrans.o
                0x0000000000001410                atrans_add
                0x00000000000014f0                atrans_remove
                0x0000000000001590                atrans_lookup
                0x0000000000001600                atrans_lookup_timeout
 .text          0x00000000000016d0      0x56f ethip.o
                0x00000000000019c0                ethip_iplink_init
                0x0000000000001ae0                ethip_received
 *fill*         0x0000000000001c3f        0x1 
 .text.startup  0x0000000000001c40       0xf6 ethip.o
                0x0000000000001c40                main
 *fill*         0x0000000000001d36        0xa 
 .text          0x0000000000001d40      0xa82 ethip_nic.o
                0x00000000000024f0                ethip_nic_discovery_start
                0x0000000000002530                ethip_nic_find_by_iplink_sid
                0x00000000000025c0                ethip_nic_send
                0x0000000000002610                ethip_nic_addr_add
                0x00000000000026a0                ethip_nic_addr_remove
                0x0000000000002760                ethip_nic_addr_find
 *fill*         0x00000000000027c2        0xe 
 .text          0x00000000000027d0      0x3c6 pdu.o
                0x00000000000027d0                eth_pdu_encode
                0x0000000000002870                eth_pdu_decode
                0x0000000000002940                arp_pdu_encode
                0x0000000000002a10                arp_pdu_decode
 *fill*         0x0000000000002b96        0xa 
 .text          0x0000000000002ba0     0x3596 ../../../lib/drv/libdrv.a(remote_nic.o)
                0x0000000000004a70                nic_send_frame
                0x0000000000004b00                nic_callback_create
                0x0000000000004ba0                nic_get_state
                0x0000000000004c10                nic_set_state
                0x0000000000004c60                nic_get_address
                0x0000000000004cf0                nic_set_address
                0x0000000000004d80                nic_get_stats
                0x0000000000004e20                nic_get_device_info
                0x0000000000004eb0                nic_get_cable_state
                0x0000000000004f20                nic_get_operation_mode
                0x0000000000004fa0                nic_set_operation_mode
                0x0000000000004ff0                nic_autoneg_enable
                0x0000000000005040                nic_autoneg_disable
                0x0000000000005090                nic_autoneg_probe
                0x0000000000005120                nic_autoneg_restart
                0x0000000000005170                nic_get_pause
                0x00000000000051f0                nic_set_pause
                0x0000000000005250                nic_unicast_get_mode
                0x0000000000005320                nic_unicast_set_mode
                0x0000000000005400                nic_multicast_get_mode
                0x00000000000054d0                nic_multicast_set_mode
                0x00000000000055b0                nic_broadcast_get_mode
                0x0000000000005620                nic_broadcast_set_mode
                0x0000000000005670                nic_defective_get_mode
                0x00000000000056e0                nic_defective_set_mode
                0x0000000000005730                nic_blocked_sources_get
                0x00000000000057d0                nic_blocked_sources_set
                0x00000000000058c0                nic_vlan_get_mask
                0x0000000000005960                nic_vlan_set_mask
                0x0000000000005a00                nic_vlan_set_tag
                0x0000000000005a70                nic_wol_virtue_add
                0x0000000000005b50                nic_wol_virtue_remove
                0x0000000000005ba0                nic_wol_virtue_probe
                0x0000000000005c60                nic_wol_virtue_list
                0x0000000000005d70                nic_wol_virtue_get_caps
                0x0000000000005df0                nic_wol_load_info
                0x0000000000005ec0                nic_offload_probe
                0x0000000000005f60                nic_offload_set
                0x0000000000005fb0                nic_poll_get_mode
                0x0000000000006050                nic_poll_set_mode
                0x00000000000060f0                nic_poll_now
 *(.rodata .rodata.*)
 .rodata.str1.1
                0x0000000000006136       0x3d arp.o
 *fill*         0x0000000000006173        0x1 
 .rodata.str1.4
                0x0000000000006174       0x23 arp.o
 .rodata.str1.1
                0x0000000000006197      0x1a0 ethip.o
 *fill*         0x0000000000006337        0x1 
 .rodata.str1.4
                0x0000000000006338       0xdb ethip.o
 .rodata.str1.1
                0x0000000000006413      0x1f2 ethip_nic.o
 *fill*         0x0000000000006605        0x3 
 .rodata.str1.4
                0x0000000000006608      0x2c0 ethip_nic.o
 .rodata.str1.4
                0x00000000000068c8       0x90 pdu.o
 .rodata.str1.1
                0x0000000000006958       0xbc pdu.o
                                         0xd0 (size before relaxing)
 .rodata.str1.1
                0x0000000000006a14       0xd0 ../../../lib/drv/libdrv.a(remote_nic.o)
                                         0xe4 (size before relaxing)
 *fill*         0x0000000000006ae4       0x1c 
 .rodata        0x0000000000006b00       0xc4 ../../../lib/drv/libdrv.a(remote_nic.o)
                0x0000000000006b00                remote_nic_iface

.rel.plt        0x0000000000006bc4      0x1f0
 *(.rel.plt)
 .rel.plt       0x0000000000006bc4      0x1f0 /home/ayyuce/Desktop/HlnOS/HelenOS/uspace/lib/c/arch/ia32/src/entry.o

.rel.dyn        0x0000000000006db4       0x20
 *(.rel.*)
 .rel.got       0x0000000000006db4        0x0 /home/ayyuce/Desktop/HlnOS/HelenOS/uspace/lib/c/arch/ia32/src/entry.o
 .rel.bss       0x0000000000006db4       0x20 /home/ayyuce/Desktop/HlnOS/HelenOS/uspace/lib/c/arch/ia32/src/entry.o
 .rel.init      0x0000000000006dd4        0x0 /home/ayyuce/Desktop/HlnOS/HelenOS/uspace/lib/c/arch/ia32/src/entry.o
 .rel.text      0x0000000000006dd4        0x0 /home/ayyuce/Desktop/HlnOS/HelenOS/uspace/lib/c/arch/ia32/src/entry.o
 .rel.text.startup
                0x0000000000006dd4        0x0 /home/ayyuce/Desktop/HlnOS/HelenOS/uspace/lib/c/arch/ia32/src/entry.o

.plt            0x0000000000006de0      0x3f0
 *(.plt)
 .plt           0x0000000000006de0      0x3f0 /home/ayyuce/Desktop/HlnOS/HelenOS/uspace/lib/c/arch/ia32/src/entry.o
                0x0000000000006df0                __main
                0x0000000000006e00                loc_category_get_id
                0x0000000000006e10                task_retval
                0x0000000000006e20                loc_service_connect
                0x0000000000006e30                printf
                0x0000000000006e40                async_hangup
                0x0000000000006e50                addr48_solicited_node
                0x0000000000006e60                async_wait_for
                0x0000000000006e70                log_init
                0x0000000000006e80                async_data_write_start
                0x0000000000006e90                loc_service_register
                0x0000000000006ea0                async_data_read_finalize
                0x0000000000006eb0                fibril_timer_clear
                0x0000000000006ec0                memcpy
                0x0000000000006ed0                iplink_ev_recv
                0x0000000000006ee0                malloc
                0x0000000000006ef0                async_req_fast
                0x0000000000006f00                async_answer_0
                0x0000000000006f10                addr48_compare
                0x0000000000006f20                fibril_condvar_wait
                0x0000000000006f30                async_send_fast
                0x0000000000006f40                log_msg
                0x0000000000006f50                fibril_timer_destroy
                0x0000000000006f60                async_exchange_end
                0x0000000000006f70                loc_service_get_name
                0x0000000000006f80                assert_abort
                0x0000000000006f90                calloc
                0x0000000000006fa0                fibril_timer_set
                0x0000000000006fb0                loc_register_cat_change_cb
                0x0000000000006fc0                fibril_condvar_broadcast
                0x0000000000006fd0                iplink_ev_change_addr
                0x0000000000006fe0                inet_addr_set
                0x0000000000006ff0                async_answer_2
                0x0000000000007000                fibril_mutex_unlock
                0x0000000000007010                async_answer_4
                0x0000000000007020                iplink_conn
                0x0000000000007030                loc_service_add_to_cat
                0x0000000000007040                async_create_callback_port
                0x0000000000007050                inet_addr_get
                0x0000000000007060                iplink_srv_init
                0x0000000000007070                memset
                0x0000000000007080                async_data_read_receive
                0x0000000000007090                async_data_read_start
                0x00000000000070a0                asprintf
                0x00000000000070b0                loc_server_register
                0x00000000000070c0                inet_addr_compare
                0x00000000000070d0                loc_category_get_svcs
                0x00000000000070e0                async_get_call_timeout
                0x00000000000070f0                async_answer_1
                0x0000000000007100                async_exchange_begin
                0x0000000000007110                addr48
                0x0000000000007120                async_answer_3
                0x0000000000007130                async_data_write_finalize
                0x0000000000007140                async_data_write_accept
                0x0000000000007150                async_forget
                0x0000000000007160                fibril_switch
                0x0000000000007170                __syscall_fast
                0x0000000000007180                fibril_timer_create
                0x0000000000007190                async_set_fallback_port_handler
                0x00000000000071a0                async_data_write_receive
                0x00000000000071b0                free
                0x00000000000071c0                fibril_mutex_lock

.dynsym         0x00000000000071d0      0x450
 *(.dynsym)
 .dynsym        0x00000000000071d0      0x450 /home/ayyuce/Desktop/HlnOS/HelenOS/uspace/lib/c/arch/ia32/src/entry.o

.dynstr         0x0000000000007620      0x486
 *(.dynstr)
 .dynstr        0x0000000000007620      0x486 /home/ayyuce/Desktop/HlnOS/HelenOS/uspace/lib/c/arch/ia32/src/entry.o

.hash           0x0000000000007aa8      0x228
 *(.hash)
 .hash          0x0000000000007aa8      0x228 /home/ayyuce/Desktop/HlnOS/HelenOS/uspace/lib/c/arch/ia32/src/entry.o

.interp         0x0000000000007cd0       0x13
 *(.interp)
 .interp        0x0000000000007cd0       0x13 /home/ayyuce/Desktop/HlnOS/HelenOS/uspace/lib/c/arch/ia32/src/entry.o
                0x0000000000008ce3                . = (. + 0x1000)

.dynamic        0x0000000000008ce4       0xa8
 *(.dynamic)
 .dynamic       0x0000000000008ce4       0xa8 /home/ayyuce/Desktop/HlnOS/HelenOS/uspace/lib/c/arch/ia32/src/entry.o
                0x0000000000008ce4                _DYNAMIC

.data           0x0000000000008da0       0x5c
 *(.data)
 .data          0x0000000000008da0        0x0 /home/ayyuce/Desktop/HlnOS/HelenOS/uspace/lib/c/arch/ia32/src/entry.o
 .data          0x0000000000008da0        0x0 arp.o
 .data          0x0000000000008da0       0x20 atrans.o
 .data          0x0000000000008dc0       0x24 ethip.o
 .data          0x0000000000008de4       0x18 ethip_nic.o
 .data          0x0000000000008dfc        0x0 pdu.o
 .data          0x0000000000008dfc        0x0 ../../../lib/drv/libdrv.a(remote_nic.o)

.data.rel
 *(.data.rel .data.rel.*)

.got            0x0000000000008dfc        0x0
 *(.got)
 .got           0x0000000000008dfc        0x0 /home/ayyuce/Desktop/HlnOS/HelenOS/uspace/lib/c/arch/ia32/src/entry.o

.got.plt        0x0000000000008dfc      0x104
 *(.got.plt)
 .got.plt       0x0000000000008dfc      0x104 /home/ayyuce/Desktop/HlnOS/HelenOS/uspace/lib/c/arch/ia32/src/entry.o
                0x0000000000008dfc                _GLOBAL_OFFSET_TABLE_

.tdata
 *(.tdata)
 *(.gnu.linkonce.tb.*)

.tbss
 *(.tbss)

.bss            0x0000000000008f00       0x18
 *(.dynbss)
 .dynbss        0x0000000000008f00       0x14 /home/ayyuce/Desktop/HlnOS/HelenOS/uspace/lib/c/arch/ia32/src/entry.o
                0x0000000000008f00                addr48_broadcast
                0x0000000000008f08                __syscall_fast_func
                0x0000000000008f0c                async_futex
                0x0000000000008f10                addr32_broadcast_all_hosts
 *(COMMON)
 *(.bss)
 .bss           0x0000000000008f14        0x0 /home/ayyuce/Desktop/HlnOS/HelenOS/uspace/lib/c/arch/ia32/src/entry.o
 .bss           0x0000000000008f14        0x0 arp.o
 .bss           0x0000000000008f14        0x0 atrans.o
 .bss           0x0000000000008f14        0x4 ethip.o
 .bss           0x0000000000008f18        0x0 ethip_nic.o
 .bss           0x0000000000008f18        0x0 pdu.o
 .bss           0x0000000000008f18        0x0 ../../../lib/drv/libdrv.a(remote_nic.o)

/DISCARD/
 *(*)
LOAD arp.o
LOAD atrans.o
LOAD ethip.o
LOAD ethip_nic.o
LOAD pdu.o
LOAD ../../../lib/drv/libdrv.a
LOAD ../../../lib/c/libc.so.0
LOAD ../../../lib/softint/libsoftint.so.0
OUTPUT(ethip elf32-i386)
