Archive member included to satisfy reference by file (symbol)

../../../lib/drv/libdrv.a(driver.o)
                              main.o (ddf_dev_data_alloc)
../../../lib/drv/libdrv.a(dev_iface.o)
                              ../../../lib/drv/libdrv.a(driver.o) (get_remote_iface)
../../../lib/drv/libdrv.a(interrupt.o)
                              i8042.o (register_interrupt_handler)
../../../lib/drv/libdrv.a(log.o)
                              main.o (ddf_log_init)
../../../lib/drv/libdrv.a(remote_audio_mixer.o)
                              ../../../lib/drv/libdrv.a(dev_iface.o) (remote_audio_mixer_iface)
../../../lib/drv/libdrv.a(remote_audio_pcm.o)
                              ../../../lib/drv/libdrv.a(dev_iface.o) (remote_audio_pcm_iface)
../../../lib/drv/libdrv.a(remote_hw_res.o)
                              ../../../lib/drv/libdrv.a(dev_iface.o) (remote_hw_res_iface)
../../../lib/drv/libdrv.a(remote_pio_window.o)
                              ../../../lib/drv/libdrv.a(dev_iface.o) (remote_pio_window_iface)
../../../lib/drv/libdrv.a(remote_char_dev.o)
                              ../../../lib/drv/libdrv.a(dev_iface.o) (remote_char_dev_iface)
../../../lib/drv/libdrv.a(remote_nic.o)
                              ../../../lib/drv/libdrv.a(dev_iface.o) (remote_nic_iface)
../../../lib/drv/libdrv.a(remote_ieee80211.o)
                              ../../../lib/drv/libdrv.a(dev_iface.o) (remote_ieee80211_iface)
../../../lib/drv/libdrv.a(remote_usb.o)
                              ../../../lib/drv/libdrv.a(dev_iface.o) (remote_usb_iface)
../../../lib/drv/libdrv.a(remote_pci.o)
                              ../../../lib/drv/libdrv.a(dev_iface.o) (remote_pci_iface)
../../../lib/drv/libdrv.a(remote_usbhc.o)
                              ../../../lib/drv/libdrv.a(dev_iface.o) (remote_usbhc_iface)
../../../lib/drv/libdrv.a(remote_usbhid.o)
                              ../../../lib/drv/libdrv.a(dev_iface.o) (remote_usbhid_iface)
../../../lib/drv/libdrv.a(remote_clock_dev.o)
                              ../../../lib/drv/libdrv.a(dev_iface.o) (remote_clock_dev_iface)
../../../lib/drv/libdrv.a(remote_led_dev.o)
                              ../../../lib/drv/libdrv.a(dev_iface.o) (remote_led_dev_iface)
../../../lib/drv/libdrv.a(remote_battery_dev.o)
                              ../../../lib/drv/libdrv.a(dev_iface.o) (remote_battery_dev_iface)
../../../lib/drv/libdrv.a(remote_ahci.o)
                              ../../../lib/drv/libdrv.a(dev_iface.o) (remote_ahci_iface)

Allocating common symbols
Common symbol       size              file

static_assert       0x4               ../../../lib/drv/libdrv.a(remote_usb.o)

Discarded input sections

 .debug_line    0x0000000000000000       0x53 /home/ayyuce/Desktop/HlnOS/HelenOS/uspace/lib/c/arch/ia32/src/entry.o
 .debug_info    0x0000000000000000       0x6c /home/ayyuce/Desktop/HlnOS/HelenOS/uspace/lib/c/arch/ia32/src/entry.o
 .debug_abbrev  0x0000000000000000       0x14 /home/ayyuce/Desktop/HlnOS/HelenOS/uspace/lib/c/arch/ia32/src/entry.o
 .debug_aranges
                0x0000000000000000       0x20 /home/ayyuce/Desktop/HlnOS/HelenOS/uspace/lib/c/arch/ia32/src/entry.o
 .debug_info    0x0000000000000000     0x1515 i8042.o
 .debug_abbrev  0x0000000000000000      0x36d i8042.o
 .debug_loc     0x0000000000000000      0x66f i8042.o
 .debug_aranges
                0x0000000000000000       0x20 i8042.o
 .debug_ranges  0x0000000000000000       0x70 i8042.o
 .debug_line    0x0000000000000000      0x4f6 i8042.o
 .debug_str     0x0000000000000000      0xfcf i8042.o
 .comment       0x0000000000000000       0x12 i8042.o
 .note.GNU-stack
                0x0000000000000000        0x0 i8042.o
 .eh_frame      0x0000000000000000      0x154 i8042.o
 .debug_info    0x0000000000000000      0xf43 main.o
 .debug_abbrev  0x0000000000000000      0x225 main.o
 .debug_loc     0x0000000000000000      0x311 main.o
 .debug_aranges
                0x0000000000000000       0x28 main.o
 .debug_ranges  0x0000000000000000       0x70 main.o
 .debug_line    0x0000000000000000      0x36a main.o
 .debug_str     0x0000000000000000      0xdae main.o
 .comment       0x0000000000000000       0x12 main.o
 .note.GNU-stack
                0x0000000000000000        0x0 main.o
 .eh_frame      0x0000000000000000       0x90 main.o
 .debug_info    0x0000000000000000     0x2c13 ../../../lib/drv/libdrv.a(driver.o)
 .debug_abbrev  0x0000000000000000      0x43e ../../../lib/drv/libdrv.a(driver.o)
 .debug_loc     0x0000000000000000      0xd65 ../../../lib/drv/libdrv.a(driver.o)
 .debug_aranges
                0x0000000000000000       0x20 ../../../lib/drv/libdrv.a(driver.o)
 .debug_ranges  0x0000000000000000      0x450 ../../../lib/drv/libdrv.a(driver.o)
 .debug_line    0x0000000000000000      0x826 ../../../lib/drv/libdrv.a(driver.o)
 .debug_str     0x0000000000000000     0x16bc ../../../lib/drv/libdrv.a(driver.o)
 .comment       0x0000000000000000       0x12 ../../../lib/drv/libdrv.a(driver.o)
 .note.GNU-stack
                0x0000000000000000        0x0 ../../../lib/drv/libdrv.a(driver.o)
 .eh_frame      0x0000000000000000      0x4a4 ../../../lib/drv/libdrv.a(driver.o)
 .debug_info    0x0000000000000000      0x592 ../../../lib/drv/libdrv.a(dev_iface.o)
 .debug_abbrev  0x0000000000000000      0x190 ../../../lib/drv/libdrv.a(dev_iface.o)
 .debug_loc     0x0000000000000000       0x4a ../../../lib/drv/libdrv.a(dev_iface.o)
 .debug_aranges
                0x0000000000000000       0x20 ../../../lib/drv/libdrv.a(dev_iface.o)
 .debug_line    0x0000000000000000      0x2c0 ../../../lib/drv/libdrv.a(dev_iface.o)
 .debug_str     0x0000000000000000      0x963 ../../../lib/drv/libdrv.a(dev_iface.o)
 .comment       0x0000000000000000       0x12 ../../../lib/drv/libdrv.a(dev_iface.o)
 .note.GNU-stack
                0x0000000000000000        0x0 ../../../lib/drv/libdrv.a(dev_iface.o)
 .eh_frame      0x0000000000000000       0x84 ../../../lib/drv/libdrv.a(dev_iface.o)
 .debug_info    0x0000000000000000      0x632 ../../../lib/drv/libdrv.a(interrupt.o)
 .debug_abbrev  0x0000000000000000      0x161 ../../../lib/drv/libdrv.a(interrupt.o)
 .debug_loc     0x0000000000000000       0x33 ../../../lib/drv/libdrv.a(interrupt.o)
 .debug_aranges
                0x0000000000000000       0x20 ../../../lib/drv/libdrv.a(interrupt.o)
 .debug_line    0x0000000000000000      0x1f2 ../../../lib/drv/libdrv.a(interrupt.o)
 .debug_str     0x0000000000000000      0x8cf ../../../lib/drv/libdrv.a(interrupt.o)
 .comment       0x0000000000000000       0x12 ../../../lib/drv/libdrv.a(interrupt.o)
 .note.GNU-stack
                0x0000000000000000        0x0 ../../../lib/drv/libdrv.a(interrupt.o)
 .eh_frame      0x0000000000000000       0x58 ../../../lib/drv/libdrv.a(interrupt.o)
 .debug_info    0x0000000000000000      0x183 ../../../lib/drv/libdrv.a(log.o)
 .debug_abbrev  0x0000000000000000      0x108 ../../../lib/drv/libdrv.a(log.o)
 .debug_loc     0x0000000000000000       0x20 ../../../lib/drv/libdrv.a(log.o)
 .debug_aranges
                0x0000000000000000       0x20 ../../../lib/drv/libdrv.a(log.o)
 .debug_line    0x0000000000000000       0xe4 ../../../lib/drv/libdrv.a(log.o)
 .debug_str     0x0000000000000000      0x233 ../../../lib/drv/libdrv.a(log.o)
 .comment       0x0000000000000000       0x12 ../../../lib/drv/libdrv.a(log.o)
 .note.GNU-stack
                0x0000000000000000        0x0 ../../../lib/drv/libdrv.a(log.o)
 .eh_frame      0x0000000000000000       0x58 ../../../lib/drv/libdrv.a(log.o)
 .debug_info    0x0000000000000000      0xc03 ../../../lib/drv/libdrv.a(remote_audio_mixer.o)
 .debug_abbrev  0x0000000000000000      0x254 ../../../lib/drv/libdrv.a(remote_audio_mixer.o)
 .debug_loc     0x0000000000000000      0x3d1 ../../../lib/drv/libdrv.a(remote_audio_mixer.o)
 .debug_aranges
                0x0000000000000000       0x20 ../../../lib/drv/libdrv.a(remote_audio_mixer.o)
 .debug_ranges  0x0000000000000000       0x80 ../../../lib/drv/libdrv.a(remote_audio_mixer.o)
 .debug_line    0x0000000000000000      0x31a ../../../lib/drv/libdrv.a(remote_audio_mixer.o)
 .debug_str     0x0000000000000000      0xb88 ../../../lib/drv/libdrv.a(remote_audio_mixer.o)
 .comment       0x0000000000000000       0x12 ../../../lib/drv/libdrv.a(remote_audio_mixer.o)
 .note.GNU-stack
                0x0000000000000000        0x0 ../../../lib/drv/libdrv.a(remote_audio_mixer.o)
 .eh_frame      0x0000000000000000      0x1c4 ../../../lib/drv/libdrv.a(remote_audio_mixer.o)
 .debug_info    0x0000000000000000     0x2298 ../../../lib/drv/libdrv.a(remote_audio_pcm.o)
 .debug_abbrev  0x0000000000000000      0x3d2 ../../../lib/drv/libdrv.a(remote_audio_pcm.o)
 .debug_loc     0x0000000000000000      0xef5 ../../../lib/drv/libdrv.a(remote_audio_pcm.o)
 .debug_aranges
                0x0000000000000000       0x20 ../../../lib/drv/libdrv.a(remote_audio_pcm.o)
 .debug_ranges  0x0000000000000000       0xb8 ../../../lib/drv/libdrv.a(remote_audio_pcm.o)
 .debug_line    0x0000000000000000      0x647 ../../../lib/drv/libdrv.a(remote_audio_pcm.o)
 .debug_str     0x0000000000000000     0x198d ../../../lib/drv/libdrv.a(remote_audio_pcm.o)
 .comment       0x0000000000000000       0x12 ../../../lib/drv/libdrv.a(remote_audio_pcm.o)
 .note.GNU-stack
                0x0000000000000000        0x0 ../../../lib/drv/libdrv.a(remote_audio_pcm.o)
 .eh_frame      0x0000000000000000      0x63c ../../../lib/drv/libdrv.a(remote_audio_pcm.o)
 .debug_info    0x0000000000000000      0x9fb ../../../lib/drv/libdrv.a(remote_hw_res.o)
 .debug_abbrev  0x0000000000000000      0x1f5 ../../../lib/drv/libdrv.a(remote_hw_res.o)
 .debug_loc     0x0000000000000000      0x255 ../../../lib/drv/libdrv.a(remote_hw_res.o)
 .debug_aranges
                0x0000000000000000       0x20 ../../../lib/drv/libdrv.a(remote_hw_res.o)
 .debug_line    0x0000000000000000      0x26d ../../../lib/drv/libdrv.a(remote_hw_res.o)
 .debug_str     0x0000000000000000      0xb5c ../../../lib/drv/libdrv.a(remote_hw_res.o)
 .comment       0x0000000000000000       0x12 ../../../lib/drv/libdrv.a(remote_hw_res.o)
 .note.GNU-stack
                0x0000000000000000        0x0 ../../../lib/drv/libdrv.a(remote_hw_res.o)
 .eh_frame      0x0000000000000000       0xf0 ../../../lib/drv/libdrv.a(remote_hw_res.o)
 .debug_info    0x0000000000000000      0x624 ../../../lib/drv/libdrv.a(remote_pio_window.o)
 .debug_abbrev  0x0000000000000000      0x1af ../../../lib/drv/libdrv.a(remote_pio_window.o)
 .debug_loc     0x0000000000000000       0x54 ../../../lib/drv/libdrv.a(remote_pio_window.o)
 .debug_aranges
                0x0000000000000000       0x20 ../../../lib/drv/libdrv.a(remote_pio_window.o)
 .debug_line    0x0000000000000000      0x245 ../../../lib/drv/libdrv.a(remote_pio_window.o)
 .debug_str     0x0000000000000000      0x970 ../../../lib/drv/libdrv.a(remote_pio_window.o)
 .comment       0x0000000000000000       0x12 ../../../lib/drv/libdrv.a(remote_pio_window.o)
 .note.GNU-stack
                0x0000000000000000        0x0 ../../../lib/drv/libdrv.a(remote_pio_window.o)
 .eh_frame      0x0000000000000000       0x58 ../../../lib/drv/libdrv.a(remote_pio_window.o)
 .debug_info    0x0000000000000000      0x9f8 ../../../lib/drv/libdrv.a(remote_char_dev.o)
 .debug_abbrev  0x0000000000000000      0x243 ../../../lib/drv/libdrv.a(remote_char_dev.o)
 .debug_loc     0x0000000000000000      0x304 ../../../lib/drv/libdrv.a(remote_char_dev.o)
 .debug_aranges
                0x0000000000000000       0x20 ../../../lib/drv/libdrv.a(remote_char_dev.o)
 .debug_ranges  0x0000000000000000       0x40 ../../../lib/drv/libdrv.a(remote_char_dev.o)
 .debug_line    0x0000000000000000      0x29f ../../../lib/drv/libdrv.a(remote_char_dev.o)
 .debug_str     0x0000000000000000      0xa95 ../../../lib/drv/libdrv.a(remote_char_dev.o)
 .comment       0x0000000000000000       0x12 ../../../lib/drv/libdrv.a(remote_char_dev.o)
 .note.GNU-stack
                0x0000000000000000        0x0 ../../../lib/drv/libdrv.a(remote_char_dev.o)
 .eh_frame      0x0000000000000000      0x120 ../../../lib/drv/libdrv.a(remote_char_dev.o)
 .debug_info    0x0000000000000000     0x55bd ../../../lib/drv/libdrv.a(remote_nic.o)
 .debug_abbrev  0x0000000000000000      0x35f ../../../lib/drv/libdrv.a(remote_nic.o)
 .debug_loc     0x0000000000000000     0x25cf ../../../lib/drv/libdrv.a(remote_nic.o)
 .debug_aranges
                0x0000000000000000       0x20 ../../../lib/drv/libdrv.a(remote_nic.o)
 .debug_ranges  0x0000000000000000      0x180 ../../../lib/drv/libdrv.a(remote_nic.o)
 .debug_line    0x0000000000000000      0xc19 ../../../lib/drv/libdrv.a(remote_nic.o)
 .debug_str     0x0000000000000000     0x261b ../../../lib/drv/libdrv.a(remote_nic.o)
 .comment       0x0000000000000000       0x12 ../../../lib/drv/libdrv.a(remote_nic.o)
 .note.GNU-stack
                0x0000000000000000        0x0 ../../../lib/drv/libdrv.a(remote_nic.o)
 .eh_frame      0x0000000000000000     0x1028 ../../../lib/drv/libdrv.a(remote_nic.o)
 .debug_info    0x0000000000000000     0x1192 ../../../lib/drv/libdrv.a(remote_ieee80211.o)
 .debug_abbrev  0x0000000000000000      0x38d ../../../lib/drv/libdrv.a(remote_ieee80211.o)
 .debug_loc     0x0000000000000000      0x489 ../../../lib/drv/libdrv.a(remote_ieee80211.o)
 .debug_aranges
                0x0000000000000000       0x20 ../../../lib/drv/libdrv.a(remote_ieee80211.o)
 .debug_ranges  0x0000000000000000       0x70 ../../../lib/drv/libdrv.a(remote_ieee80211.o)
 .debug_line    0x0000000000000000      0x408 ../../../lib/drv/libdrv.a(remote_ieee80211.o)
 .debug_str     0x0000000000000000      0xeb5 ../../../lib/drv/libdrv.a(remote_ieee80211.o)
 .comment       0x0000000000000000       0x12 ../../../lib/drv/libdrv.a(remote_ieee80211.o)
 .note.GNU-stack
                0x0000000000000000        0x0 ../../../lib/drv/libdrv.a(remote_ieee80211.o)
 .eh_frame      0x0000000000000000      0x144 ../../../lib/drv/libdrv.a(remote_ieee80211.o)
 .debug_info    0x0000000000000000     0x1888 ../../../lib/drv/libdrv.a(remote_usb.o)
 .debug_abbrev  0x0000000000000000      0x3a7 ../../../lib/drv/libdrv.a(remote_usb.o)
 .debug_loc     0x0000000000000000      0x886 ../../../lib/drv/libdrv.a(remote_usb.o)
 .debug_aranges
                0x0000000000000000       0x20 ../../../lib/drv/libdrv.a(remote_usb.o)
 .debug_ranges  0x0000000000000000       0xd8 ../../../lib/drv/libdrv.a(remote_usb.o)
 .debug_line    0x0000000000000000      0x4aa ../../../lib/drv/libdrv.a(remote_usb.o)
 .debug_str     0x0000000000000000     0x1125 ../../../lib/drv/libdrv.a(remote_usb.o)
 .comment       0x0000000000000000       0x12 ../../../lib/drv/libdrv.a(remote_usb.o)
 .note.GNU-stack
                0x0000000000000000        0x0 ../../../lib/drv/libdrv.a(remote_usb.o)
 .eh_frame      0x0000000000000000      0x4a8 ../../../lib/drv/libdrv.a(remote_usb.o)
 .debug_info    0x0000000000000000     0x10b2 ../../../lib/drv/libdrv.a(remote_pci.o)
 .debug_abbrev  0x0000000000000000      0x260 ../../../lib/drv/libdrv.a(remote_pci.o)
 .debug_loc     0x0000000000000000      0x70c ../../../lib/drv/libdrv.a(remote_pci.o)
 .debug_aranges
                0x0000000000000000       0x20 ../../../lib/drv/libdrv.a(remote_pci.o)
 .debug_line    0x0000000000000000      0x2de ../../../lib/drv/libdrv.a(remote_pci.o)
 .debug_str     0x0000000000000000      0xbdb ../../../lib/drv/libdrv.a(remote_pci.o)
 .comment       0x0000000000000000       0x12 ../../../lib/drv/libdrv.a(remote_pci.o)
 .note.GNU-stack
                0x0000000000000000        0x0 ../../../lib/drv/libdrv.a(remote_pci.o)
 .eh_frame      0x0000000000000000      0x254 ../../../lib/drv/libdrv.a(remote_pci.o)
 .debug_info    0x0000000000000000      0xdc9 ../../../lib/drv/libdrv.a(remote_usbhc.o)
 .debug_abbrev  0x0000000000000000      0x331 ../../../lib/drv/libdrv.a(remote_usbhc.o)
 .debug_loc     0x0000000000000000      0x41d ../../../lib/drv/libdrv.a(remote_usbhc.o)
 .debug_aranges
                0x0000000000000000       0x20 ../../../lib/drv/libdrv.a(remote_usbhc.o)
 .debug_ranges  0x0000000000000000       0xd8 ../../../lib/drv/libdrv.a(remote_usbhc.o)
 .debug_line    0x0000000000000000      0x37d ../../../lib/drv/libdrv.a(remote_usbhc.o)
 .debug_str     0x0000000000000000      0xbd1 ../../../lib/drv/libdrv.a(remote_usbhc.o)
 .comment       0x0000000000000000       0x12 ../../../lib/drv/libdrv.a(remote_usbhc.o)
 .note.GNU-stack
                0x0000000000000000        0x0 ../../../lib/drv/libdrv.a(remote_usbhc.o)
 .eh_frame      0x0000000000000000      0x19c ../../../lib/drv/libdrv.a(remote_usbhc.o)
 .debug_info    0x0000000000000000      0xe2c ../../../lib/drv/libdrv.a(remote_usbhid.o)
 .debug_abbrev  0x0000000000000000      0x2da ../../../lib/drv/libdrv.a(remote_usbhid.o)
 .debug_loc     0x0000000000000000      0x64b ../../../lib/drv/libdrv.a(remote_usbhid.o)
 .debug_aranges
                0x0000000000000000       0x20 ../../../lib/drv/libdrv.a(remote_usbhid.o)
 .debug_ranges  0x0000000000000000       0x18 ../../../lib/drv/libdrv.a(remote_usbhid.o)
 .debug_line    0x0000000000000000      0x347 ../../../lib/drv/libdrv.a(remote_usbhid.o)
 .debug_str     0x0000000000000000      0xcbb ../../../lib/drv/libdrv.a(remote_usbhid.o)
 .comment       0x0000000000000000       0x12 ../../../lib/drv/libdrv.a(remote_usbhid.o)
 .note.GNU-stack
                0x0000000000000000        0x0 ../../../lib/drv/libdrv.a(remote_usbhid.o)
 .eh_frame      0x0000000000000000      0x21c ../../../lib/drv/libdrv.a(remote_usbhid.o)
 .debug_info    0x0000000000000000      0x77c ../../../lib/drv/libdrv.a(remote_clock_dev.o)
 .debug_abbrev  0x0000000000000000      0x1be ../../../lib/drv/libdrv.a(remote_clock_dev.o)
 .debug_loc     0x0000000000000000       0x94 ../../../lib/drv/libdrv.a(remote_clock_dev.o)
 .debug_aranges
                0x0000000000000000       0x20 ../../../lib/drv/libdrv.a(remote_clock_dev.o)
 .debug_line    0x0000000000000000      0x279 ../../../lib/drv/libdrv.a(remote_clock_dev.o)
 .debug_str     0x0000000000000000      0x9f3 ../../../lib/drv/libdrv.a(remote_clock_dev.o)
 .comment       0x0000000000000000       0x12 ../../../lib/drv/libdrv.a(remote_clock_dev.o)
 .note.GNU-stack
                0x0000000000000000        0x0 ../../../lib/drv/libdrv.a(remote_clock_dev.o)
 .eh_frame      0x0000000000000000       0xa4 ../../../lib/drv/libdrv.a(remote_clock_dev.o)
 .debug_info    0x0000000000000000      0x5a6 ../../../lib/drv/libdrv.a(remote_led_dev.o)
 .debug_abbrev  0x0000000000000000      0x192 ../../../lib/drv/libdrv.a(remote_led_dev.o)
 .debug_loc     0x0000000000000000       0x91 ../../../lib/drv/libdrv.a(remote_led_dev.o)
 .debug_aranges
                0x0000000000000000       0x20 ../../../lib/drv/libdrv.a(remote_led_dev.o)
 .debug_line    0x0000000000000000      0x24c ../../../lib/drv/libdrv.a(remote_led_dev.o)
 .debug_str     0x0000000000000000      0x912 ../../../lib/drv/libdrv.a(remote_led_dev.o)
 .comment       0x0000000000000000       0x12 ../../../lib/drv/libdrv.a(remote_led_dev.o)
 .note.GNU-stack
                0x0000000000000000        0x0 ../../../lib/drv/libdrv.a(remote_led_dev.o)
 .eh_frame      0x0000000000000000       0x44 ../../../lib/drv/libdrv.a(remote_led_dev.o)
 .debug_info    0x0000000000000000      0x7f2 ../../../lib/drv/libdrv.a(remote_battery_dev.o)
 .debug_abbrev  0x0000000000000000      0x1bc ../../../lib/drv/libdrv.a(remote_battery_dev.o)
 .debug_loc     0x0000000000000000       0xb6 ../../../lib/drv/libdrv.a(remote_battery_dev.o)
 .debug_aranges
                0x0000000000000000       0x20 ../../../lib/drv/libdrv.a(remote_battery_dev.o)
 .debug_line    0x0000000000000000      0x250 ../../../lib/drv/libdrv.a(remote_battery_dev.o)
 .debug_str     0x0000000000000000      0xa5e ../../../lib/drv/libdrv.a(remote_battery_dev.o)
 .comment       0x0000000000000000       0x12 ../../../lib/drv/libdrv.a(remote_battery_dev.o)
 .note.GNU-stack
                0x0000000000000000        0x0 ../../../lib/drv/libdrv.a(remote_battery_dev.o)
 .eh_frame      0x0000000000000000       0xc0 ../../../lib/drv/libdrv.a(remote_battery_dev.o)
 .debug_info    0x0000000000000000      0xee6 ../../../lib/drv/libdrv.a(remote_ahci.o)
 .debug_abbrev  0x0000000000000000      0x251 ../../../lib/drv/libdrv.a(remote_ahci.o)
 .debug_loc     0x0000000000000000      0x413 ../../../lib/drv/libdrv.a(remote_ahci.o)
 .debug_aranges
                0x0000000000000000       0x20 ../../../lib/drv/libdrv.a(remote_ahci.o)
 .debug_line    0x0000000000000000      0x314 ../../../lib/drv/libdrv.a(remote_ahci.o)
 .debug_str     0x0000000000000000      0xcf0 ../../../lib/drv/libdrv.a(remote_ahci.o)
 .comment       0x0000000000000000       0x12 ../../../lib/drv/libdrv.a(remote_ahci.o)
 .note.GNU-stack
                0x0000000000000000        0x0 ../../../lib/drv/libdrv.a(remote_ahci.o)
 .eh_frame      0x0000000000000000      0x244 ../../../lib/drv/libdrv.a(remote_ahci.o)

Memory Configuration

Name             Origin             Length             Attributes
*default*        0x0000000000000000 0xffffffffffffffff

Linker script and memory map

LOAD /home/ayyuce/Desktop/HlnOS/HelenOS/uspace/lib/c/arch/ia32/src/entry.o
                0x00000000000010f4                . = (0x1000 + SIZEOF_HEADERS)

.init           0x00000000000010f4       0x2e
 *(.init)
 .init          0x00000000000010f4       0x2e /home/ayyuce/Desktop/HlnOS/HelenOS/uspace/lib/c/arch/ia32/src/entry.o
                0x00000000000010f4                __entry

.text           0x0000000000001140     0xb770
 *(.text .text.*)
 .text          0x0000000000001140        0x0 /home/ayyuce/Desktop/HlnOS/HelenOS/uspace/lib/c/arch/ia32/src/entry.o
 .text          0x0000000000001140      0x73b i8042.o
                0x0000000000001470                i8042_init
 *fill*         0x000000000000187b        0x5 
 .text          0x0000000000001880      0x205 main.o
 *fill*         0x0000000000001a85        0xb 
 .text.startup  0x0000000000001a90       0x40 main.o
                0x0000000000001a90                main
 .text          0x0000000000001ad0     0x118c ../../../lib/drv/libdrv.a(driver.o)
                0x00000000000023d0                ddf_dev_data_alloc
                0x0000000000002410                ddf_dev_data_get
                0x0000000000002420                ddf_dev_get_handle
                0x0000000000002430                ddf_dev_get_name
                0x0000000000002440                ddf_dev_parent_sess_create
                0x0000000000002480                ddf_dev_parent_sess_get
                0x0000000000002490                ddf_fun_set_name
                0x00000000000024e0                ddf_fun_get_dev
                0x00000000000024f0                ddf_fun_get_handle
                0x0000000000002500                ddf_fun_create
                0x0000000000002610                ddf_fun_data_alloc
                0x0000000000002670                ddf_fun_data_get
                0x0000000000002680                ddf_fun_get_name
                0x0000000000002690                ddf_fun_destroy
                0x00000000000027c0                ddf_fun_bind
                0x00000000000028f0                ddf_fun_unbind
                0x0000000000002990                ddf_fun_online
                0x00000000000029c0                ddf_fun_offline
                0x00000000000029f0                ddf_fun_add_match_id
                0x0000000000002ab0                ddf_fun_set_ops
                0x0000000000002ae0                ddf_fun_set_conn_handler
                0x0000000000002b10                ddf_fun_add_to_category
                0x0000000000002b60                ddf_driver_main
 *fill*         0x0000000000002c5c        0x4 
 .text          0x0000000000002c60       0x5c ../../../lib/drv/libdrv.a(dev_iface.o)
                0x0000000000002c60                get_remote_iface
                0x0000000000002c90                get_remote_method
                0x0000000000002cb0                is_valid_iface_idx
 *fill*         0x0000000000002cbc        0x4 
 .text          0x0000000000002cc0       0x37 ../../../lib/drv/libdrv.a(interrupt.o)
                0x0000000000002cc0                register_interrupt_handler
                0x0000000000002ce0                unregister_interrupt_handler
 *fill*         0x0000000000002cf7        0x9 
 .text          0x0000000000002d00       0x2e ../../../lib/drv/libdrv.a(log.o)
                0x0000000000002d00                ddf_log_init
                0x0000000000002d10                ddf_msg
 *fill*         0x0000000000002d2e        0x2 
 .text          0x0000000000002d30      0x53f ../../../lib/drv/libdrv.a(remote_audio_mixer.o)
                0x0000000000002ff0                audio_mixer_get_info
                0x00000000000030e0                audio_mixer_get_item_info
                0x00000000000031e0                audio_mixer_set_item_level
                0x0000000000003220                audio_mixer_get_item_level
 *fill*         0x000000000000326f        0x1 
 .text          0x0000000000003270     0x1116 ../../../lib/drv/libdrv.a(remote_audio_pcm.o)
                0x0000000000003930                audio_pcm_cap_str
                0x0000000000003950                audio_pcm_event_str
                0x0000000000003970                audio_pcm_open_default
                0x0000000000003a10                audio_pcm_open
                0x0000000000003a50                audio_pcm_open_service
                0x0000000000003a70                audio_pcm_close
                0x0000000000003a90                audio_pcm_get_info_str
                0x0000000000003b80                audio_pcm_query_cap
                0x0000000000003be0                audio_pcm_get_buffer_pos
                0x0000000000003c60                audio_pcm_test_format
                0x0000000000003d90                audio_pcm_register_event_callback
                0x0000000000003e20                audio_pcm_unregister_event_callback
                0x0000000000003e70                audio_pcm_get_buffer
                0x0000000000003f20                audio_pcm_release_buffer
                0x0000000000003f70                audio_pcm_start_playback_fragment
                0x0000000000004000                audio_pcm_last_playback_fragment
                0x0000000000004050                audio_pcm_start_playback
                0x00000000000040e0                audio_pcm_stop_playback_immediate
                0x0000000000004130                audio_pcm_stop_playback
                0x0000000000004180                audio_pcm_start_capture_fragment
                0x0000000000004210                audio_pcm_start_capture
                0x00000000000042a0                audio_pcm_last_capture_fragment
                0x00000000000042f0                audio_pcm_stop_capture_immediate
                0x0000000000004340                audio_pcm_stop_capture
 *fill*         0x0000000000004386        0xa 
 .text          0x0000000000004390      0x1dd ../../../lib/drv/libdrv.a(remote_hw_res.o)
 *fill*         0x000000000000456d        0x3 
 .text          0x0000000000004570       0x95 ../../../lib/drv/libdrv.a(remote_pio_window.o)
 *fill*         0x0000000000004605        0xb 
 .text          0x0000000000004610      0x341 ../../../lib/drv/libdrv.a(remote_char_dev.o)
                0x0000000000004800                char_dev_read
                0x00000000000048b0                char_dev_write
 *fill*         0x0000000000004951        0xf 
 .text          0x0000000000004960     0x3596 ../../../lib/drv/libdrv.a(remote_nic.o)
                0x0000000000006830                nic_send_frame
                0x00000000000068c0                nic_callback_create
                0x0000000000006960                nic_get_state
                0x00000000000069d0                nic_set_state
                0x0000000000006a20                nic_get_address
                0x0000000000006ab0                nic_set_address
                0x0000000000006b40                nic_get_stats
                0x0000000000006be0                nic_get_device_info
                0x0000000000006c70                nic_get_cable_state
                0x0000000000006ce0                nic_get_operation_mode
                0x0000000000006d60                nic_set_operation_mode
                0x0000000000006db0                nic_autoneg_enable
                0x0000000000006e00                nic_autoneg_disable
                0x0000000000006e50                nic_autoneg_probe
                0x0000000000006ee0                nic_autoneg_restart
                0x0000000000006f30                nic_get_pause
                0x0000000000006fb0                nic_set_pause
                0x0000000000007010                nic_unicast_get_mode
                0x00000000000070e0                nic_unicast_set_mode
                0x00000000000071c0                nic_multicast_get_mode
                0x0000000000007290                nic_multicast_set_mode
                0x0000000000007370                nic_broadcast_get_mode
                0x00000000000073e0                nic_broadcast_set_mode
                0x0000000000007430                nic_defective_get_mode
                0x00000000000074a0                nic_defective_set_mode
                0x00000000000074f0                nic_blocked_sources_get
                0x0000000000007590                nic_blocked_sources_set
                0x0000000000007680                nic_vlan_get_mask
                0x0000000000007720                nic_vlan_set_mask
                0x00000000000077c0                nic_vlan_set_tag
                0x0000000000007830                nic_wol_virtue_add
                0x0000000000007910                nic_wol_virtue_remove
                0x0000000000007960                nic_wol_virtue_probe
                0x0000000000007a20                nic_wol_virtue_list
                0x0000000000007b30                nic_wol_virtue_get_caps
                0x0000000000007bb0                nic_wol_load_info
                0x0000000000007c80                nic_offload_probe
                0x0000000000007d20                nic_offload_set
                0x0000000000007d70                nic_poll_get_mode
                0x0000000000007e10                nic_poll_set_mode
                0x0000000000007eb0                nic_poll_now
 *fill*         0x0000000000007ef6        0xa 
 .text          0x0000000000007f00      0x690 ../../../lib/drv/libdrv.a(remote_ieee80211.o)
                0x0000000000008140                ieee80211_get_scan_results
                0x00000000000081d0                ieee80211_connect
                0x0000000000008390                ieee80211_disconnect
 .text          0x0000000000008590      0xb5c ../../../lib/drv/libdrv.a(remote_usb.o)
                0x0000000000008c90                usb_dev_connect
                0x0000000000008cb0                usb_dev_connect_to_self
                0x0000000000008cd0                usb_dev_disconnect
                0x0000000000008cf0                usb_get_my_interface
                0x0000000000008d40                usb_get_my_device_handle
                0x0000000000008d90                usb_reserve_default_address
                0x0000000000008dd0                usb_release_default_address
                0x0000000000008e10                usb_device_enumerate
                0x0000000000008e50                usb_device_remove
                0x0000000000008e90                usb_register_endpoint
                0x0000000000008f00                usb_unregister_endpoint
                0x0000000000008f40                usb_read
                0x0000000000009030                usb_write
 *fill*         0x00000000000090ec        0x4 
 .text          0x00000000000090f0      0x55a ../../../lib/drv/libdrv.a(remote_pci.o)
                0x0000000000009420                pci_config_space_read_8
                0x0000000000009480                pci_config_space_read_16
                0x00000000000094e0                pci_config_space_read_32
                0x0000000000009540                pci_config_space_write_8
                0x00000000000095a0                pci_config_space_write_16
                0x0000000000009600                pci_config_space_write_32
 *fill*         0x000000000000964a        0x6 
 .text          0x0000000000009650      0x5ec ../../../lib/drv/libdrv.a(remote_usbhc.o)
                0x0000000000009a70                usbhc_read
                0x0000000000009b70                usbhc_write
 *fill*         0x0000000000009c3c        0x4 
 .text          0x0000000000009c40      0x6fb ../../../lib/drv/libdrv.a(remote_usbhid.o)
                0x0000000000009fd0                usbhid_dev_get_event_length
                0x000000000000a040                usbhid_dev_get_event
                0x000000000000a1b0                usbhid_dev_get_report_descriptor_length
                0x000000000000a220                usbhid_dev_get_report_descriptor
 *fill*         0x000000000000a33b        0x5 
 .text          0x000000000000a340      0x164 ../../../lib/drv/libdrv.a(remote_clock_dev.o)
 *fill*         0x000000000000a4a4        0xc 
 .text          0x000000000000a4b0       0x4b ../../../lib/drv/libdrv.a(remote_led_dev.o)
 *fill*         0x000000000000a4fb        0x5 
 .text          0x000000000000a500      0x197 ../../../lib/drv/libdrv.a(remote_battery_dev.o)
                0x000000000000a5e0                battery_status_get
                0x000000000000a640                battery_charge_level_get
 *fill*         0x000000000000a697        0x9 
 .text          0x000000000000a6a0      0x57f ../../../lib/drv/libdrv.a(remote_ahci.o)
                0x000000000000a940                ahci_get_sess
                0x000000000000a9e0                ahci_get_sata_device_name
                0x000000000000aa50                ahci_get_num_blocks
                0x000000000000aad0                ahci_get_block_size
                0x000000000000ab40                ahci_read_blocks
                0x000000000000abb0                ahci_write_blocks
 *(.rodata .rodata.*)
 .rodata.str1.1
                0x000000000000ac1f       0x53 i8042.o
 *fill*         0x000000000000ac72        0x2 
 .rodata.str1.4
                0x000000000000ac74       0xb1 i8042.o
 *fill*         0x000000000000ad25       0x1b 
 .rodata        0x000000000000ad40       0x6c i8042.o
 .rodata.str1.4
                0x000000000000adac       0x5f main.o
 .rodata.str1.1
                0x000000000000ae0b       0x63 main.o
 .rodata.str1.1
                0x000000000000ae6e      0x156 ../../../lib/drv/libdrv.a(driver.o)
 .rodata.str1.4
                0x000000000000afc4      0x1b0 ../../../lib/drv/libdrv.a(driver.o)
 .rodata        0x000000000000b174       0x14 ../../../lib/drv/libdrv.a(driver.o)
 .rodata.str1.1
                0x000000000000b188       0x14 ../../../lib/drv/libdrv.a(dev_iface.o)
                                         0x2c (size before relaxing)
 *fill*         0x000000000000b19c        0x4 
 .rodata        0x000000000000b1a0       0x3c ../../../lib/drv/libdrv.a(dev_iface.o)
 .rodata        0x000000000000b1dc       0x18 ../../../lib/drv/libdrv.a(remote_audio_mixer.o)
                0x000000000000b1dc                remote_audio_mixer_iface
 .rodata.str1.1
                0x000000000000b1f4      0x1c4 ../../../lib/drv/libdrv.a(remote_audio_pcm.o)
 .rodata.str1.4
                0x000000000000b3b8       0x88 ../../../lib/drv/libdrv.a(remote_audio_pcm.o)
 .rodata        0x000000000000b440     0x1070 ../../../lib/drv/libdrv.a(remote_audio_pcm.o)
                0x000000000000c474                remote_audio_pcm_iface
 .rodata        0x000000000000c4b0       0x18 ../../../lib/drv/libdrv.a(remote_hw_res.o)
                0x000000000000c4b0                remote_hw_res_iface
 .rodata        0x000000000000c4c8        0xc ../../../lib/drv/libdrv.a(remote_pio_window.o)
                0x000000000000c4c8                remote_pio_window_iface
 .rodata        0x000000000000c4d4       0x10 ../../../lib/drv/libdrv.a(remote_char_dev.o)
                0x000000000000c4d4                remote_char_dev_iface
 .rodata.str1.1
                0x000000000000c4e4       0xd6 ../../../lib/drv/libdrv.a(remote_nic.o)
                                         0xe4 (size before relaxing)
 *fill*         0x000000000000c5ba        0x6 
 .rodata        0x000000000000c5c0       0xc4 ../../../lib/drv/libdrv.a(remote_nic.o)
                0x000000000000c5c0                remote_nic_iface
 .rodata.str1.1
                0x000000000000c684       0x68 ../../../lib/drv/libdrv.a(remote_ieee80211.o)
                                         0x69 (size before relaxing)
 .rodata.str1.4
                0x000000000000c6ec       0x22 ../../../lib/drv/libdrv.a(remote_ieee80211.o)
 *fill*         0x000000000000c70e        0x2 
 .rodata        0x000000000000c710       0x14 ../../../lib/drv/libdrv.a(remote_ieee80211.o)
                0x000000000000c710                remote_ieee80211_iface
 .rodata.str1.1
                0x000000000000c724       0x24 ../../../lib/drv/libdrv.a(remote_usb.o)
 *fill*         0x000000000000c748       0x18 
 .rodata        0x000000000000c760       0x48 ../../../lib/drv/libdrv.a(remote_usb.o)
                0x000000000000c760                remote_usb_iface
 .rodata.str1.1
                0x000000000000c7a8       0x15 ../../../lib/drv/libdrv.a(remote_pci.o)
                                         0x1b (size before relaxing)
 *fill*         0x000000000000c7bd        0x3 
 .rodata        0x000000000000c7c0       0x20 ../../../lib/drv/libdrv.a(remote_pci.o)
                0x000000000000c7c0                remote_pci_iface
 .rodata.str1.1
                0x000000000000c7e0       0x17 ../../../lib/drv/libdrv.a(remote_usbhc.o)
                                         0x26 (size before relaxing)
 *fill*         0x000000000000c7f7        0x1 
 .rodata        0x000000000000c7f8       0x10 ../../../lib/drv/libdrv.a(remote_usbhc.o)
                0x000000000000c7f8                remote_usbhc_iface
 .rodata.str1.4
                0x000000000000c808       0x24 ../../../lib/drv/libdrv.a(remote_usbhid.o)
                                         0x22 (size before relaxing)
 .rodata.str1.1
                0x000000000000c82c       0x1b ../../../lib/drv/libdrv.a(remote_usbhid.o)
 *fill*         0x000000000000c847        0x1 
 .rodata        0x000000000000c848       0x18 ../../../lib/drv/libdrv.a(remote_usbhid.o)
                0x000000000000c848                remote_usbhid_iface
 .rodata        0x000000000000c860       0x10 ../../../lib/drv/libdrv.a(remote_clock_dev.o)
                0x000000000000c860                remote_clock_dev_iface
 .rodata        0x000000000000c870        0xc ../../../lib/drv/libdrv.a(remote_led_dev.o)
                0x000000000000c870                remote_led_dev_iface
 .rodata        0x000000000000c87c       0x10 ../../../lib/drv/libdrv.a(remote_battery_dev.o)
                0x000000000000c87c                remote_battery_dev_iface
 .rodata.str1.1
                0x000000000000c88c        0x6 ../../../lib/drv/libdrv.a(remote_ahci.o)
 *fill*         0x000000000000c892        0x2 
 .rodata        0x000000000000c894       0x1c ../../../lib/drv/libdrv.a(remote_ahci.o)
                0x000000000000c894                remote_ahci_iface

.rel.plt        0x000000000000c8b0      0x2c8
 *(.rel.plt)
 .rel.plt       0x000000000000c8b0      0x2c8 /home/ayyuce/Desktop/HlnOS/HelenOS/uspace/lib/c/arch/ia32/src/entry.o

.rel.dyn        0x000000000000cb78       0x10
 *(.rel.*)
 .rel.got       0x000000000000cb78        0x0 /home/ayyuce/Desktop/HlnOS/HelenOS/uspace/lib/c/arch/ia32/src/entry.o
 .rel.bss       0x000000000000cb78       0x10 /home/ayyuce/Desktop/HlnOS/HelenOS/uspace/lib/c/arch/ia32/src/entry.o
 .rel.init      0x000000000000cb88        0x0 /home/ayyuce/Desktop/HlnOS/HelenOS/uspace/lib/c/arch/ia32/src/entry.o
 .rel.text      0x000000000000cb88        0x0 /home/ayyuce/Desktop/HlnOS/HelenOS/uspace/lib/c/arch/ia32/src/entry.o
 .rel.text.startup
                0x000000000000cb88        0x0 /home/ayyuce/Desktop/HlnOS/HelenOS/uspace/lib/c/arch/ia32/src/entry.o

.plt            0x000000000000cb90      0x5a0
 *(.plt)
 .plt           0x000000000000cb90      0x5a0 /home/ayyuce/Desktop/HlnOS/HelenOS/uspace/lib/c/arch/ia32/src/entry.o
                0x000000000000cba0                __main
                0x000000000000cbb0                loc_category_get_id
                0x000000000000cbc0                devman_device_connect
                0x000000000000cbd0                task_retval
                0x000000000000cbe0                loc_service_connect
                0x000000000000cbf0                inetcfg_sroute_get
                0x000000000000cc00                printf
                0x000000000000cc10                async_hangup
                0x000000000000cc20                hw_res_enable_interrupt
                0x000000000000cc30                async_wait_for
                0x000000000000cc40                inetcfg_addr_get
                0x000000000000cc50                devman_parent_device_connect
                0x000000000000cc60                log_init
                0x000000000000cc70                async_data_write_start
                0x000000000000cc80                fibril_mutex_is_locked
                0x000000000000cc90                devman_drv_fun_online
                0x000000000000cca0                async_data_read_finalize
                0x000000000000ccb0                async_share_in_start
                0x000000000000ccc0                async_irq_unsubscribe
                0x000000000000ccd0                memcpy
                0x000000000000cce0                pio_enable_range
                0x000000000000ccf0                malloc
                0x000000000000cd00                devman_add_device_to_category
                0x000000000000cd10                async_share_out_receive
                0x000000000000cd20                async_irq_subscribe
                0x000000000000cd30                async_req_fast
                0x000000000000cd40                async_answer_0
                0x000000000000cd50                fibril_condvar_wait
                0x000000000000cd60                async_send_fast
                0x000000000000cd70                log_msg
                0x000000000000cd80                async_data_read
                0x000000000000cd90                log_msgv
                0x000000000000cda0                devman_add_function
                0x000000000000cdb0                pio_read_8
                0x000000000000cdc0                async_exchange_end
                0x000000000000cdd0                assert_abort
                0x000000000000cde0                inetcfg_get_sroute_list
                0x000000000000cdf0                calloc
                0x000000000000ce00                inetcfg_addr_delete
                0x000000000000ce10                devman_remove_function
                0x000000000000ce20                fibril_condvar_initialize
                0x000000000000ce30                pio_write_8
                0x000000000000ce40                async_share_out_finalize
                0x000000000000ce50                str_test_prefix
                0x000000000000ce60                fibril_condvar_broadcast
                0x000000000000ce70                async_answer_2
                0x000000000000ce80                fibril_mutex_unlock
                0x000000000000ce90                async_callback_receive_start
                0x000000000000cea0                str_dup
                0x000000000000ceb0                fibril_mutex_initialize
                0x000000000000cec0                async_answer_4
                0x000000000000ced0                chardev_srvs_init
                0x000000000000cee0                inetcfg_get_addr_list
                0x000000000000cef0                async_send_slow
                0x000000000000cf00                inetcfg_link_get
                0x000000000000cf10                devman_drv_fun_offline
                0x000000000000cf20                async_create_callback_port
                0x000000000000cf30                dhcp_discover
                0x000000000000cf40                devman_driver_register
                0x000000000000cf50                memset
                0x000000000000cf60                async_data_read_receive
                0x000000000000cf70                async_data_read_start
                0x000000000000cf80                async_share_in_receive
                0x000000000000cf90                inetcfg_sroute_delete
                0x000000000000cfa0                loc_category_get_svcs
                0x000000000000cfb0                async_get_call_timeout
                0x000000000000cfc0                str_size
                0x000000000000cfd0                str_lcmp
                0x000000000000cfe0                async_answer_1
                0x000000000000cff0                async_exchange_begin
                0x000000000000d000                str_error
                0x000000000000d010                devman_fun_get_handle
                0x000000000000d020                async_share_in_finalize
                0x000000000000d030                async_answer_3
                0x000000000000d040                async_share_out_start
                0x000000000000d050                async_create_port
                0x000000000000d060                async_data_write_finalize
                0x000000000000d070                async_data_write_accept
                0x000000000000d080                async_forget
                0x000000000000d090                hw_res_get_list_parsed
                0x000000000000d0a0                fibril_switch
                0x000000000000d0b0                inetcfg_get_link_list
                0x000000000000d0c0                __syscall_fast
                0x000000000000d0d0                async_set_fallback_port_handler
                0x000000000000d0e0                async_data_write_receive
                0x000000000000d0f0                free
                0x000000000000d100                devman_fun_get_name
                0x000000000000d110                fibril_mutex_lock
                0x000000000000d120                chardev_conn

.dynsym         0x000000000000d130      0x5e0
 *(.dynsym)
 .dynsym        0x000000000000d130      0x5e0 /home/ayyuce/Desktop/HlnOS/HelenOS/uspace/lib/c/arch/ia32/src/entry.o

.dynstr         0x000000000000d710      0x69b
 *(.dynstr)
 .dynstr        0x000000000000d710      0x69b /home/ayyuce/Desktop/HlnOS/HelenOS/uspace/lib/c/arch/ia32/src/entry.o

.hash           0x000000000000ddac      0x28c
 *(.hash)
 .hash          0x000000000000ddac      0x28c /home/ayyuce/Desktop/HlnOS/HelenOS/uspace/lib/c/arch/ia32/src/entry.o

.interp         0x000000000000e038       0x13
 *(.interp)
 .interp        0x000000000000e038       0x13 /home/ayyuce/Desktop/HlnOS/HelenOS/uspace/lib/c/arch/ia32/src/entry.o
                0x000000000000f04b                . = (. + 0x1000)

.dynamic        0x000000000000f04c       0xa8
 *(.dynamic)
 .dynamic       0x000000000000f04c       0xa8 /home/ayyuce/Desktop/HlnOS/HelenOS/uspace/lib/c/arch/ia32/src/entry.o
                0x000000000000f04c                _DYNAMIC

.data           0x000000000000f0f4       0x5c
 *(.data)
 .data          0x000000000000f0f4        0x0 /home/ayyuce/Desktop/HlnOS/HelenOS/uspace/lib/c/arch/ia32/src/entry.o
 .data          0x000000000000f0f4       0x10 i8042.o
 .data          0x000000000000f104       0x1c main.o
 .data          0x000000000000f120       0x30 ../../../lib/drv/libdrv.a(driver.o)
                0x000000000000f120                functions_mutex
                0x000000000000f130                functions
                0x000000000000f138                devices_mutex
                0x000000000000f148                devices
 .data          0x000000000000f150        0x0 ../../../lib/drv/libdrv.a(dev_iface.o)
 .data          0x000000000000f150        0x0 ../../../lib/drv/libdrv.a(interrupt.o)
 .data          0x000000000000f150        0x0 ../../../lib/drv/libdrv.a(log.o)
 .data          0x000000000000f150        0x0 ../../../lib/drv/libdrv.a(remote_audio_mixer.o)
 .data          0x000000000000f150        0x0 ../../../lib/drv/libdrv.a(remote_audio_pcm.o)
 .data          0x000000000000f150        0x0 ../../../lib/drv/libdrv.a(remote_hw_res.o)
 .data          0x000000000000f150        0x0 ../../../lib/drv/libdrv.a(remote_pio_window.o)
 .data          0x000000000000f150        0x0 ../../../lib/drv/libdrv.a(remote_char_dev.o)
 .data          0x000000000000f150        0x0 ../../../lib/drv/libdrv.a(remote_nic.o)
 .data          0x000000000000f150        0x0 ../../../lib/drv/libdrv.a(remote_ieee80211.o)
 .data          0x000000000000f150        0x0 ../../../lib/drv/libdrv.a(remote_usb.o)
 .data          0x000000000000f150        0x0 ../../../lib/drv/libdrv.a(remote_pci.o)
 .data          0x000000000000f150        0x0 ../../../lib/drv/libdrv.a(remote_usbhc.o)
 .data          0x000000000000f150        0x0 ../../../lib/drv/libdrv.a(remote_usbhid.o)
 .data          0x000000000000f150        0x0 ../../../lib/drv/libdrv.a(remote_clock_dev.o)
 .data          0x000000000000f150        0x0 ../../../lib/drv/libdrv.a(remote_led_dev.o)
 .data          0x000000000000f150        0x0 ../../../lib/drv/libdrv.a(remote_battery_dev.o)
 .data          0x000000000000f150        0x0 ../../../lib/drv/libdrv.a(remote_ahci.o)

.data.rel
 *(.data.rel .data.rel.*)

.got            0x000000000000f150        0x0
 *(.got)
 .got           0x000000000000f150        0x0 /home/ayyuce/Desktop/HlnOS/HelenOS/uspace/lib/c/arch/ia32/src/entry.o

.got.plt        0x000000000000f150      0x170
 *(.got.plt)
 .got.plt       0x000000000000f150      0x170 /home/ayyuce/Desktop/HlnOS/HelenOS/uspace/lib/c/arch/ia32/src/entry.o
                0x000000000000f150                _GLOBAL_OFFSET_TABLE_

.tdata
 *(.tdata)
 *(.gnu.linkonce.tb.*)

.tbss
 *(.tbss)

.bss            0x000000000000f2c0       0x15
 *(.dynbss)
 .dynbss        0x000000000000f2c0        0x8 /home/ayyuce/Desktop/HlnOS/HelenOS/uspace/lib/c/arch/ia32/src/entry.o
                0x000000000000f2c0                __syscall_fast_func
                0x000000000000f2c4                async_futex
 *(COMMON)
 COMMON         0x000000000000f2c8        0x4 ../../../lib/drv/libdrv.a(remote_usb.o)
                0x000000000000f2c8                static_assert
 *(.bss)
 .bss           0x000000000000f2cc        0x0 /home/ayyuce/Desktop/HlnOS/HelenOS/uspace/lib/c/arch/ia32/src/entry.o
 .bss           0x000000000000f2cc        0x0 i8042.o
 .bss           0x000000000000f2cc        0x0 main.o
 .bss           0x000000000000f2cc        0x4 ../../../lib/drv/libdrv.a(driver.o)
 .bss           0x000000000000f2d0        0x0 ../../../lib/drv/libdrv.a(dev_iface.o)
 .bss           0x000000000000f2d0        0x0 ../../../lib/drv/libdrv.a(interrupt.o)
 .bss           0x000000000000f2d0        0x0 ../../../lib/drv/libdrv.a(log.o)
 .bss           0x000000000000f2d0        0x0 ../../../lib/drv/libdrv.a(remote_audio_mixer.o)
 .bss           0x000000000000f2d0        0x5 ../../../lib/drv/libdrv.a(remote_audio_pcm.o)
 .bss           0x000000000000f2d5        0x0 ../../../lib/drv/libdrv.a(remote_hw_res.o)
 .bss           0x000000000000f2d5        0x0 ../../../lib/drv/libdrv.a(remote_pio_window.o)
 .bss           0x000000000000f2d5        0x0 ../../../lib/drv/libdrv.a(remote_char_dev.o)
 .bss           0x000000000000f2d5        0x0 ../../../lib/drv/libdrv.a(remote_nic.o)
 .bss           0x000000000000f2d5        0x0 ../../../lib/drv/libdrv.a(remote_ieee80211.o)
 .bss           0x000000000000f2d5        0x0 ../../../lib/drv/libdrv.a(remote_usb.o)
 .bss           0x000000000000f2d5        0x0 ../../../lib/drv/libdrv.a(remote_pci.o)
 .bss           0x000000000000f2d5        0x0 ../../../lib/drv/libdrv.a(remote_usbhc.o)
 .bss           0x000000000000f2d5        0x0 ../../../lib/drv/libdrv.a(remote_usbhid.o)
 .bss           0x000000000000f2d5        0x0 ../../../lib/drv/libdrv.a(remote_clock_dev.o)
 .bss           0x000000000000f2d5        0x0 ../../../lib/drv/libdrv.a(remote_led_dev.o)
 .bss           0x000000000000f2d5        0x0 ../../../lib/drv/libdrv.a(remote_battery_dev.o)
 .bss           0x000000000000f2d5        0x0 ../../../lib/drv/libdrv.a(remote_ahci.o)

/DISCARD/
 *(*)
LOAD i8042.o
LOAD main.o
LOAD ../../../lib/drv/libdrv.a
LOAD ../../../lib/c/libc.so.0
LOAD ../../../lib/softint/libsoftint.so.0
OUTPUT(i8042 elf32-i386)
