Archive member included to satisfy reference by file (symbol)

../../../lib/block/libblock.a(block.o)
                              exfat_ops.o (block_init)
../../../lib/fs/libfs.a(libfs.o)
                              exfat.o (fs_register)

Discarded input sections

 .debug_line    0x0000000000000000       0x53 /home/ayyuce/Desktop/HlnOS/HelenOS/uspace/lib/c/arch/ia32/src/entry.o
 .debug_info    0x0000000000000000       0x6c /home/ayyuce/Desktop/HlnOS/HelenOS/uspace/lib/c/arch/ia32/src/entry.o
 .debug_abbrev  0x0000000000000000       0x14 /home/ayyuce/Desktop/HlnOS/HelenOS/uspace/lib/c/arch/ia32/src/entry.o
 .debug_aranges
                0x0000000000000000       0x20 /home/ayyuce/Desktop/HlnOS/HelenOS/uspace/lib/c/arch/ia32/src/entry.o
 .debug_info    0x0000000000000000      0xfca exfat.o
 .debug_abbrev  0x0000000000000000      0x206 exfat.o
 .debug_loc     0x0000000000000000       0xe0 exfat.o
 .debug_aranges
                0x0000000000000000       0x20 exfat.o
 .debug_ranges  0x0000000000000000       0x28 exfat.o
 .debug_line    0x0000000000000000      0x2ad exfat.o
 .debug_str     0x0000000000000000      0xf92 exfat.o
 .comment       0x0000000000000000       0x12 exfat.o
 .note.GNU-stack
                0x0000000000000000        0x0 exfat.o
 .eh_frame      0x0000000000000000       0x58 exfat.o
 .debug_info    0x0000000000000000     0x1ef1 exfat_fat.o
 .debug_abbrev  0x0000000000000000      0x376 exfat_fat.o
 .debug_loc     0x0000000000000000     0x1484 exfat_fat.o
 .debug_aranges
                0x0000000000000000       0x20 exfat_fat.o
 .debug_ranges  0x0000000000000000      0x160 exfat_fat.o
 .debug_line    0x0000000000000000      0x647 exfat_fat.o
 .debug_str     0x0000000000000000      0xf01 exfat_fat.o
 .comment       0x0000000000000000       0x12 exfat_fat.o
 .note.GNU-stack
                0x0000000000000000        0x0 exfat_fat.o
 .eh_frame      0x0000000000000000      0x2b0 exfat_fat.o
 .debug_info    0x0000000000000000     0x1841 exfat_bitmap.o
 .debug_abbrev  0x0000000000000000      0x275 exfat_bitmap.o
 .debug_loc     0x0000000000000000      0x9c5 exfat_bitmap.o
 .debug_aranges
                0x0000000000000000       0x20 exfat_bitmap.o
 .debug_ranges  0x0000000000000000      0x118 exfat_bitmap.o
 .debug_line    0x0000000000000000      0x55e exfat_bitmap.o
 .debug_str     0x0000000000000000      0xda9 exfat_bitmap.o
 .comment       0x0000000000000000       0x12 exfat_bitmap.o
 .note.GNU-stack
                0x0000000000000000        0x0 exfat_bitmap.o
 .eh_frame      0x0000000000000000      0x258 exfat_bitmap.o
 .debug_info    0x0000000000000000     0x5b98 exfat_ops.o
 .debug_abbrev  0x0000000000000000      0x4af exfat_ops.o
 .debug_loc     0x0000000000000000     0x40fd exfat_ops.o
 .debug_aranges
                0x0000000000000000       0x20 exfat_ops.o
 .debug_ranges  0x0000000000000000      0xd00 exfat_ops.o
 .debug_line    0x0000000000000000     0x1881 exfat_ops.o
 .debug_str     0x0000000000000000     0x17c3 exfat_ops.o
 .comment       0x0000000000000000       0x12 exfat_ops.o
 .note.GNU-stack
                0x0000000000000000        0x0 exfat_ops.o
 .eh_frame      0x0000000000000000      0x794 exfat_ops.o
 .debug_info    0x0000000000000000     0x2139 exfat_idx.o
 .debug_abbrev  0x0000000000000000      0x40e exfat_idx.o
 .debug_loc     0x0000000000000000      0xa32 exfat_idx.o
 .debug_aranges
                0x0000000000000000       0x20 exfat_idx.o
 .debug_ranges  0x0000000000000000      0x288 exfat_idx.o
 .debug_line    0x0000000000000000      0x5a4 exfat_idx.o
 .debug_str     0x0000000000000000      0xfcd exfat_idx.o
 .comment       0x0000000000000000       0x12 exfat_idx.o
 .note.GNU-stack
                0x0000000000000000        0x0 exfat_idx.o
 .eh_frame      0x0000000000000000      0x34c exfat_idx.o
 .debug_info    0x0000000000000000      0x6be exfat_dentry.o
 .debug_abbrev  0x0000000000000000      0x1aa exfat_dentry.o
 .debug_loc     0x0000000000000000      0x35a exfat_dentry.o
 .debug_aranges
                0x0000000000000000       0x20 exfat_dentry.o
 .debug_ranges  0x0000000000000000       0x18 exfat_dentry.o
 .debug_line    0x0000000000000000      0x177 exfat_dentry.o
 .debug_str     0x0000000000000000      0x4ba exfat_dentry.o
 .comment       0x0000000000000000       0x12 exfat_dentry.o
 .note.GNU-stack
                0x0000000000000000        0x0 exfat_dentry.o
 .eh_frame      0x0000000000000000      0x148 exfat_dentry.o
 .debug_info    0x0000000000000000     0x2daf exfat_directory.o
 .debug_abbrev  0x0000000000000000      0x427 exfat_directory.o
 .debug_loc     0x0000000000000000     0x1e91 exfat_directory.o
 .debug_aranges
                0x0000000000000000       0x20 exfat_directory.o
 .debug_ranges  0x0000000000000000      0x6e0 exfat_directory.o
 .debug_line    0x0000000000000000      0x992 exfat_directory.o
 .debug_str     0x0000000000000000     0x11a6 exfat_directory.o
 .comment       0x0000000000000000       0x12 exfat_directory.o
 .note.GNU-stack
                0x0000000000000000        0x0 exfat_directory.o
 .eh_frame      0x0000000000000000      0x3e0 exfat_directory.o
 .debug_info    0x0000000000000000     0x2a1c ../../../lib/block/libblock.a(block.o)
 .debug_abbrev  0x0000000000000000      0x46d ../../../lib/block/libblock.a(block.o)
 .debug_loc     0x0000000000000000     0x1930 ../../../lib/block/libblock.a(block.o)
 .debug_aranges
                0x0000000000000000       0x28 ../../../lib/block/libblock.a(block.o)
 .debug_ranges  0x0000000000000000      0x5c8 ../../../lib/block/libblock.a(block.o)
 .debug_line    0x0000000000000000      0x8ef ../../../lib/block/libblock.a(block.o)
 .debug_str     0x0000000000000000     0x11f7 ../../../lib/block/libblock.a(block.o)
 .comment       0x0000000000000000       0x12 ../../../lib/block/libblock.a(block.o)
 .note.GNU-stack
                0x0000000000000000        0x0 ../../../lib/block/libblock.a(block.o)
 .eh_frame      0x0000000000000000      0x444 ../../../lib/block/libblock.a(block.o)
 .debug_info    0x0000000000000000     0x284f ../../../lib/fs/libfs.a(libfs.o)
 .debug_abbrev  0x0000000000000000      0x3d8 ../../../lib/fs/libfs.a(libfs.o)
 .debug_loc     0x0000000000000000     0x19c1 ../../../lib/fs/libfs.a(libfs.o)
 .debug_aranges
                0x0000000000000000       0x20 ../../../lib/fs/libfs.a(libfs.o)
 .debug_ranges  0x0000000000000000      0x3c8 ../../../lib/fs/libfs.a(libfs.o)
 .debug_line    0x0000000000000000      0x617 ../../../lib/fs/libfs.a(libfs.o)
 .debug_str     0x0000000000000000     0x1608 ../../../lib/fs/libfs.a(libfs.o)
 .comment       0x0000000000000000       0x12 ../../../lib/fs/libfs.a(libfs.o)
 .note.GNU-stack
                0x0000000000000000        0x0 ../../../lib/fs/libfs.a(libfs.o)
 .eh_frame      0x0000000000000000      0x150 ../../../lib/fs/libfs.a(libfs.o)

Memory Configuration

Name             Origin             Length             Attributes
*default*        0x0000000000000000 0xffffffffffffffff

Linker script and memory map

LOAD /home/ayyuce/Desktop/HlnOS/HelenOS/uspace/lib/c/arch/ia32/src/entry.o
                0x00000000000010f4                . = (0x1000 + SIZEOF_HEADERS)

.init           0x00000000000010f4       0x2e
 *(.init)
 .init          0x00000000000010f4       0x2e /home/ayyuce/Desktop/HlnOS/HelenOS/uspace/lib/c/arch/ia32/src/entry.o
                0x00000000000010f4                __entry

.text           0x0000000000001130     0xe1ec
 *(.text .text.*)
 .text          0x0000000000001130        0x0 /home/ayyuce/Desktop/HlnOS/HelenOS/uspace/lib/c/arch/ia32/src/entry.o
 .text          0x0000000000001130        0x0 exfat.o
 .text.startup  0x0000000000001130      0x148 exfat.o
                0x0000000000001130                main
 *fill*         0x0000000000001278        0x8 
 .text          0x0000000000001280     0x14d2 exfat_fat.o
                0x0000000000001280                exfat_cluster_walk
                0x00000000000014d0                exfat_block_get
                0x00000000000017d0                exfat_block_get_by_clst
                0x0000000000001920                exfat_get_cluster
                0x00000000000019c0                exfat_set_cluster
                0x0000000000001a60                exfat_alloc_clusters
                0x0000000000001d30                exfat_free_clusters
                0x0000000000001ec0                exfat_append_clusters
                0x0000000000002000                exfat_chop_clusters
                0x00000000000021c0                exfat_zero_cluster
                0x00000000000022c0                exfat_read_uctable
                0x00000000000026f0                exfat_sanity_check
 *fill*         0x0000000000002752        0xe 
 .text          0x0000000000002760      0xd6b exfat_bitmap.o
                0x0000000000002760                exfat_bitmap_is_free
                0x0000000000002890                exfat_bitmap_set_cluster
                0x00000000000029b0                exfat_bitmap_clear_cluster
                0x0000000000002ad0                exfat_bitmap_set_clusters
                0x0000000000002c60                exfat_bitmap_clear_clusters
                0x0000000000002db0                exfat_bitmap_alloc_clusters
                0x0000000000002f60                exfat_bitmap_append_clusters
                0x00000000000031f0                exfat_bitmap_free_clusters
                0x00000000000033d0                exfat_bitmap_replicate_clusters
 *fill*         0x00000000000034cb        0x5 
 .text          0x00000000000034d0     0x54a6 exfat_ops.o
                0x0000000000003610                exfat_node_put
                0x0000000000007740                exfat_node_expand
                0x00000000000080c0                exfat_bitmap_get
                0x0000000000008520                exfat_uctable_get
 *fill*         0x0000000000008976        0xa 
 .text          0x0000000000008980      0xa6c exfat_idx.o
                0x0000000000008c70                exfat_idx_get_new
                0x0000000000008cf0                exfat_idx_get_by_pos
                0x0000000000008db0                exfat_idx_hashin
                0x0000000000008df0                exfat_idx_hashout
                0x0000000000008e30                exfat_idx_get_by_index
                0x0000000000008ea0                exfat_idx_destroy
                0x0000000000009120                exfat_idx_init
                0x0000000000009180                exfat_idx_fini
                0x00000000000091e0                exfat_idx_init_by_service_id
                0x00000000000092c0                exfat_idx_fini_by_service_id
 *fill*         0x00000000000093ec        0x4 
 .text          0x00000000000093f0      0x35a exfat_dentry.o
                0x00000000000093f0                exfat_classify_dentry
                0x0000000000009470                exfat_name_hash
                0x00000000000094d0                exfat_dentry_get_name
                0x0000000000009640                exfat_valid_char
                0x00000000000096a0                exfat_valid_name
                0x0000000000009730                exfat_utf16_length
 *fill*         0x000000000000974a        0x6 
 .text          0x0000000000009750     0x2944 exfat_directory.o
                0x0000000000009850                exfat_directory_init
                0x00000000000098a0                exfat_directory_open
                0x00000000000099b0                exfat_directory_open_parent
                0x0000000000009a20                exfat_directory_close
                0x0000000000009a50                exfat_directory_next
                0x0000000000009ba0                exfat_directory_prev
                0x0000000000009d00                exfat_directory_seek
                0x0000000000009e20                exfat_directory_get
                0x0000000000009f90                exfat_directory_find
                0x000000000000a280                exfat_directory_find_continue
                0x000000000000a590                exfat_directory_read_file
                0x000000000000acb0                exfat_directory_sync_file
                0x000000000000b2d0                exfat_directory_erase_file
                0x000000000000b630                exfat_directory_expand
                0x000000000000b6c0                exfat_directory_lookup_free
                0x000000000000bbd0                exfat_directory_write_file
 *fill*         0x000000000000c094        0xc 
 .text          0x000000000000c0a0     0x189f ../../../lib/block/libblock.a(block.o)
                0x000000000000c0e0                block_init
                0x000000000000c2b0                block_bb_read
                0x000000000000c400                block_bb_get
                0x000000000000c480                block_cache_init
                0x000000000000c5c0                block_cache_fini
                0x000000000000c770                block_fini
                0x000000000000c890                block_put
                0x000000000000cb90                block_get
                0x000000000000d110                block_seqread
                0x000000000000d2d0                block_read_direct
                0x000000000000d3b0                block_write_direct
                0x000000000000d490                block_sync_cache
                0x000000000000d540                block_get_bsize
                0x000000000000d5d0                block_get_nblocks
                0x000000000000d660                block_read_bytes_direct
                0x000000000000d890                block_read_toc
 .text.unlikely
                0x000000000000d93f       0x1a ../../../lib/block/libblock.a(block.o)
 *fill*         0x000000000000d959        0x7 
 .text          0x000000000000d960     0x1535 ../../../lib/fs/libfs.a(libfs.o)
                0x000000000000eb10                fs_register
                0x000000000000ec50                fs_node_initialize
                0x000000000000ec70                fs_instance_create
                0x000000000000ed70                fs_instance_get
                0x000000000000edf0                fs_instance_destroy
 *(.rodata .rodata.*)
 *fill*         0x000000000000ee95        0x3 
 .rodata.str1.4
                0x000000000000ee98       0x7c exfat.o
 .rodata.str1.1
                0x000000000000ef14       0x47 exfat.o
 .rodata.str1.1
                0x000000000000ef5b       0x5e exfat_fat.o
 *fill*         0x000000000000efb9        0x3 
 .rodata.str1.4
                0x000000000000efbc       0x36 exfat_fat.o
 .rodata.str1.1
                0x000000000000eff2       0xb8 exfat_ops.o
 *fill*         0x000000000000f0aa        0x2 
 .rodata.str1.4
                0x000000000000f0ac       0x9e exfat_ops.o
 .rodata.str1.1
                0x000000000000f14a       0x1c exfat_idx.o
                                         0x1e (size before relaxing)
 *fill*         0x000000000000f166        0x2 
 .rodata.str1.4
                0x000000000000f168       0x39 exfat_idx.o
 .rodata.str1.1
                0x000000000000f1a1       0x4f ../../../lib/block/libblock.a(block.o)
 .rodata.str1.4
                0x000000000000f1f0       0xe8 ../../../lib/block/libblock.a(block.o)
                                         0xe7 (size before relaxing)
 .rodata.str1.1
                0x000000000000f2d8        0xc ../../../lib/fs/libfs.a(libfs.o)
 .rodata        0x000000000000f2e4       0x38 ../../../lib/fs/libfs.a(libfs.o)

.rel.plt        0x000000000000f31c      0x238
 *(.rel.plt)
 .rel.plt       0x000000000000f31c      0x238 /home/ayyuce/Desktop/HlnOS/HelenOS/uspace/lib/c/arch/ia32/src/entry.o

.rel.dyn        0x000000000000f554       0x10
 *(.rel.*)
 .rel.got       0x000000000000f554        0x0 /home/ayyuce/Desktop/HlnOS/HelenOS/uspace/lib/c/arch/ia32/src/entry.o
 .rel.bss       0x000000000000f554       0x10 /home/ayyuce/Desktop/HlnOS/HelenOS/uspace/lib/c/arch/ia32/src/entry.o
 .rel.init      0x000000000000f564        0x0 /home/ayyuce/Desktop/HlnOS/HelenOS/uspace/lib/c/arch/ia32/src/entry.o
 .rel.text.startup
                0x000000000000f564        0x0 /home/ayyuce/Desktop/HlnOS/HelenOS/uspace/lib/c/arch/ia32/src/entry.o
 .rel.text      0x000000000000f564        0x0 /home/ayyuce/Desktop/HlnOS/HelenOS/uspace/lib/c/arch/ia32/src/entry.o
 .rel.text.unlikely
                0x000000000000f564        0x0 /home/ayyuce/Desktop/HlnOS/HelenOS/uspace/lib/c/arch/ia32/src/entry.o

.plt            0x000000000000f570      0x480
 *(.plt)
 .plt           0x000000000000f570      0x480 /home/ayyuce/Desktop/HlnOS/HelenOS/uspace/lib/c/arch/ia32/src/entry.o
                0x000000000000f580                __main
                0x000000000000f590                task_retval
                0x000000000000f5a0                loc_service_connect
                0x000000000000f5b0                printf
                0x000000000000f5c0                async_hangup
                0x000000000000f5d0                async_data_write_forward_fast
                0x000000000000f5e0                async_forward_slow
                0x000000000000f5f0                async_wait_for
                0x000000000000f600                hash_table_create
                0x000000000000f610                async_data_write_start
                0x000000000000f620                hash_table_insert
                0x000000000000f630                __errno
                0x000000000000f640                str_to_utf16
                0x000000000000f650                str_decode
                0x000000000000f660                bd_write_blocks
                0x000000000000f670                bd_get_num_blocks
                0x000000000000f680                service_connect_blocking
                0x000000000000f690                async_data_read_finalize
                0x000000000000f6a0                async_share_in_start
                0x000000000000f6b0                bd_close
                0x000000000000f6c0                memcpy
                0x000000000000f6d0                async_clone_establish
                0x000000000000f6e0                malloc
                0x000000000000f6f0                bd_open
                0x000000000000f700                async_req_fast
                0x000000000000f710                async_answer_0
                0x000000000000f720                async_send_fast
                0x000000000000f730                stacktrace_print
                0x000000000000f740                __umoddi3
                0x000000000000f750                __udivdi3
                0x000000000000f760                bd_read_blocks
                0x000000000000f770                utf16_to_str
                0x000000000000f780                strtol
                0x000000000000f790                async_exchange_end
                0x000000000000f7a0                fibril_mutex_trylock
                0x000000000000f7b0                assert_abort
                0x000000000000f7c0                stricmp
                0x000000000000f7d0                bd_read_toc
                0x000000000000f7e0                fibril_mutex_unlock
                0x000000000000f7f0                fibril_mutex_initialize
                0x000000000000f800                async_answer_4
                0x000000000000f810                async_clone_receive
                0x000000000000f820                async_answer_5
                0x000000000000f830                async_create_callback_port
                0x000000000000f840                str_cmp
                0x000000000000f850                hash_table_remove
                0x000000000000f860                hash_table_remove_item
                0x000000000000f870                memset
                0x000000000000f880                async_data_read_receive
                0x000000000000f890                hash_table_empty
                0x000000000000f8a0                bd_get_block_size
                0x000000000000f8b0                async_data_write_void
                0x000000000000f8c0                async_get_call_timeout
                0x000000000000f8d0                str_size
                0x000000000000f8e0                bd_sync_cache
                0x000000000000f8f0                async_answer_1
                0x000000000000f900                async_exchange_begin
                0x000000000000f910                hash_table_apply
                0x000000000000f920                async_answer_3
                0x000000000000f930                hash_table_find
                0x000000000000f940                async_data_write_finalize
                0x000000000000f950                async_data_write_accept
                0x000000000000f960                fibril_rwlock_initialize
                0x000000000000f970                async_forget
                0x000000000000f980                fibril_switch
                0x000000000000f990                __syscall_fast
                0x000000000000f9a0                async_set_fallback_port_handler
                0x000000000000f9b0                hash_table_destroy
                0x000000000000f9c0                async_data_write_receive
                0x000000000000f9d0                free
                0x000000000000f9e0                fibril_mutex_lock

.dynsym         0x000000000000f9f0      0x4c0
 *(.dynsym)
 .dynsym        0x000000000000f9f0      0x4c0 /home/ayyuce/Desktop/HlnOS/HelenOS/uspace/lib/c/arch/ia32/src/entry.o

.dynstr         0x000000000000feb0      0x4d2
 *(.dynstr)
 .dynstr        0x000000000000feb0      0x4d2 /home/ayyuce/Desktop/HlnOS/HelenOS/uspace/lib/c/arch/ia32/src/entry.o

.hash           0x0000000000010384      0x244
 *(.hash)
 .hash          0x0000000000010384      0x244 /home/ayyuce/Desktop/HlnOS/HelenOS/uspace/lib/c/arch/ia32/src/entry.o

.interp         0x00000000000105c8       0x13
 *(.interp)
 .interp        0x00000000000105c8       0x13 /home/ayyuce/Desktop/HlnOS/HelenOS/uspace/lib/c/arch/ia32/src/entry.o
                0x00000000000115db                . = (. + 0x1000)

.dynamic        0x00000000000115dc       0xa8
 *(.dynamic)
 .dynamic       0x00000000000115dc       0xa8 /home/ayyuce/Desktop/HlnOS/HelenOS/uspace/lib/c/arch/ia32/src/entry.o
                0x00000000000115dc                _DYNAMIC

.data           0x00000000000116a0      0x158
 *(.data)
 .data          0x00000000000116a0        0x0 /home/ayyuce/Desktop/HlnOS/HelenOS/uspace/lib/c/arch/ia32/src/entry.o
 .data          0x00000000000116a0       0x20 exfat.o
                0x00000000000116a0                exfat_vfs_info
 .data          0x00000000000116c0       0x10 exfat_fat.o
 .data          0x00000000000116d0        0x0 exfat_bitmap.o
 *fill*         0x00000000000116d0       0x10 
 .data          0x00000000000116e0       0x84 exfat_ops.o
                0x00000000000116e0                exfat_ops
                0x0000000000011700                exfat_libfs_ops
 .data          0x0000000000011764       0x50 exfat_idx.o
 .data          0x00000000000117b4        0x0 exfat_dentry.o
 .data          0x00000000000117b4        0x0 exfat_directory.o
 .data          0x00000000000117b4       0x2c ../../../lib/block/libblock.a(block.o)
 .data          0x00000000000117e0       0x18 ../../../lib/fs/libfs.a(libfs.o)

.data.rel
 *(.data.rel .data.rel.*)

.got            0x00000000000117f8        0x0
 *(.got)
 .got           0x00000000000117f8        0x0 /home/ayyuce/Desktop/HlnOS/HelenOS/uspace/lib/c/arch/ia32/src/entry.o

.got.plt        0x00000000000117f8      0x128
 *(.got.plt)
 .got.plt       0x00000000000117f8      0x128 /home/ayyuce/Desktop/HlnOS/HelenOS/uspace/lib/c/arch/ia32/src/entry.o
                0x00000000000117f8                _GLOBAL_OFFSET_TABLE_

.tdata
 *(.tdata)
 *(.gnu.linkonce.tb.*)

.tbss
 *(.tbss)

.bss            0x0000000000011920       0x50
 *(.dynbss)
 .dynbss        0x0000000000011920        0x8 /home/ayyuce/Desktop/HlnOS/HelenOS/uspace/lib/c/arch/ia32/src/entry.o
                0x0000000000011920                __syscall_fast_func
                0x0000000000011924                async_futex
 *(COMMON)
 *(.bss)
 .bss           0x0000000000011928        0x0 /home/ayyuce/Desktop/HlnOS/HelenOS/uspace/lib/c/arch/ia32/src/entry.o
 .bss           0x0000000000011928        0x0 exfat.o
 .bss           0x0000000000011928        0x0 exfat_fat.o
 .bss           0x0000000000011928        0x0 exfat_bitmap.o
 .bss           0x0000000000011928        0x0 exfat_ops.o
 .bss           0x0000000000011928       0x38 exfat_idx.o
 .bss           0x0000000000011960        0x0 exfat_dentry.o
 .bss           0x0000000000011960        0x0 exfat_directory.o
 .bss           0x0000000000011960        0x0 ../../../lib/block/libblock.a(block.o)
 .bss           0x0000000000011960       0x10 ../../../lib/fs/libfs.a(libfs.o)

/DISCARD/
 *(*)
LOAD exfat.o
LOAD exfat_fat.o
LOAD exfat_bitmap.o
LOAD exfat_ops.o
LOAD exfat_idx.o
LOAD exfat_dentry.o
LOAD exfat_directory.o
LOAD ../../../lib/block/libblock.a
LOAD ../../../lib/fs/libfs.a
LOAD ../../../lib/c/libc.so.0
LOAD ../../../lib/softint/libsoftint.so.0
OUTPUT(exfat elf32-i386)
