
Allocating common symbols
Common symbol       size              file

console             0x4               screen.o

Discarded input sections

 .debug_line    0x0000000000000000       0x53 /home/ayyuce/Desktop/HlnOS/HelenOS/uspace/lib/c/arch/ia32/src/entry.o
 .debug_info    0x0000000000000000       0x6c /home/ayyuce/Desktop/HlnOS/HelenOS/uspace/lib/c/arch/ia32/src/entry.o
 .debug_abbrev  0x0000000000000000       0x14 /home/ayyuce/Desktop/HlnOS/HelenOS/uspace/lib/c/arch/ia32/src/entry.o
 .debug_aranges
                0x0000000000000000       0x20 /home/ayyuce/Desktop/HlnOS/HelenOS/uspace/lib/c/arch/ia32/src/entry.o
 .debug_info    0x0000000000000000     0x145f top.o
 .debug_abbrev  0x0000000000000000      0x320 top.o
 .debug_loc     0x0000000000000000      0x90f top.o
 .debug_aranges
                0x0000000000000000       0x28 top.o
 .debug_ranges  0x0000000000000000       0xf0 top.o
 .debug_line    0x0000000000000000      0x619 top.o
 .debug_str     0x0000000000000000     0x1001 top.o
 .comment       0x0000000000000000       0x12 top.o
 .note.GNU-stack
                0x0000000000000000        0x0 top.o
 .eh_frame      0x0000000000000000      0x184 top.o
 .debug_info    0x0000000000000000     0x388d screen.o
 .debug_abbrev  0x0000000000000000      0x37d screen.o
 .debug_loc     0x0000000000000000     0x31a3 screen.o
 .debug_aranges
                0x0000000000000000       0x20 screen.o
 .debug_ranges  0x0000000000000000      0x380 screen.o
 .debug_line    0x0000000000000000      0x7ad screen.o
 .debug_str     0x0000000000000000     0x13de screen.o
 .comment       0x0000000000000000       0x12 screen.o
 .note.GNU-stack
                0x0000000000000000        0x0 screen.o
 .eh_frame      0x0000000000000000       0xe8 screen.o

Memory Configuration

Name             Origin             Length             Attributes
*default*        0x0000000000000000 0xffffffffffffffff

Linker script and memory map

LOAD /home/ayyuce/Desktop/HlnOS/HelenOS/uspace/lib/c/arch/ia32/src/entry.o
                0x00000000000010f4                . = (0x1000 + SIZEOF_HEADERS)

.init           0x00000000000010f4       0x2e
 *(.init)
 .init          0x00000000000010f4       0x2e /home/ayyuce/Desktop/HlnOS/HelenOS/uspace/lib/c/arch/ia32/src/entry.o
                0x00000000000010f4                __entry

.text           0x0000000000001140     0x3abc
 *(.text .text.*)
 .text          0x0000000000001140        0x0 /home/ayyuce/Desktop/HlnOS/HelenOS/uspace/lib/c/arch/ia32/src/entry.o
 .text          0x0000000000001140      0xdd0 top.o
 .text.startup  0x0000000000001f10      0x726 top.o
                0x0000000000001f10                main
 *fill*         0x0000000000002636        0xa 
 .text          0x0000000000002640     0x1ece screen.o
                0x0000000000002640                screen_init
                0x00000000000026d0                screen_done
                0x0000000000002760                print_data
                0x0000000000004220                show_warning
                0x0000000000004460                tgetchar
 *(.rodata .rodata.*)
 .rodata.str1.1
                0x000000000000450e      0x16b top.o
                                        0x178 (size before relaxing)
 *fill*         0x0000000000004679        0x3 
 .rodata.str1.4
                0x000000000000467c      0x183 top.o
 *fill*         0x00000000000047ff        0x1 
 .rodata        0x0000000000004800      0x12c top.o
 .rodata.str1.4
                0x000000000000492c      0x170 screen.o
                                        0x16f (size before relaxing)
 .rodata.str1.1
                0x0000000000004a9c      0x129 screen.o
                                        0x12e (size before relaxing)
 *fill*         0x0000000000004bc5        0x3 
 .rodata        0x0000000000004bc8       0x34 screen.o

.rel.plt        0x0000000000004bfc      0x108
 *(.rel.plt)
 .rel.plt       0x0000000000004bfc      0x108 /home/ayyuce/Desktop/HlnOS/HelenOS/uspace/lib/c/arch/ia32/src/entry.o

.rel.dyn        0x0000000000004d04       0x20
 *(.rel.*)
 .rel.got       0x0000000000004d04        0x0 /home/ayyuce/Desktop/HlnOS/HelenOS/uspace/lib/c/arch/ia32/src/entry.o
 .rel.bss       0x0000000000004d04       0x20 /home/ayyuce/Desktop/HlnOS/HelenOS/uspace/lib/c/arch/ia32/src/entry.o
 .rel.init      0x0000000000004d24        0x0 /home/ayyuce/Desktop/HlnOS/HelenOS/uspace/lib/c/arch/ia32/src/entry.o
 .rel.text      0x0000000000004d24        0x0 /home/ayyuce/Desktop/HlnOS/HelenOS/uspace/lib/c/arch/ia32/src/entry.o
 .rel.text.startup
                0x0000000000004d24        0x0 /home/ayyuce/Desktop/HlnOS/HelenOS/uspace/lib/c/arch/ia32/src/entry.o

.plt            0x0000000000004d30      0x220
 *(.plt)
 .plt           0x0000000000004d30      0x220 /home/ayyuce/Desktop/HlnOS/HelenOS/uspace/lib/c/arch/ia32/src/entry.o
                0x0000000000004d40                console_get_size
                0x0000000000004d50                __main
                0x0000000000004d60                printf
                0x0000000000004d70                console_get_pos
                0x0000000000004d80                gsort
                0x0000000000004d90                puts
                0x0000000000004da0                malloc
                0x0000000000004db0                vsnprintf
                0x0000000000004dc0                __umoddi3
                0x0000000000004dd0                __udivdi3
                0x0000000000004de0                console_cursor_visibility
                0x0000000000004df0                console_init
                0x0000000000004e00                bin_order_suffix
                0x0000000000004e10                calloc
                0x0000000000004e20                fprintf
                0x0000000000004e30                stats_get_cpus
                0x0000000000004e40                console_clear
                0x0000000000004e50                stats_get_physmem
                0x0000000000004e60                order_suffix
                0x0000000000004e70                str_cmp
                0x0000000000004e80                console_set_style
                0x0000000000004e90                gettimeofday
                0x0000000000004ea0                getuptime
                0x0000000000004eb0                stats_get_exceptions
                0x0000000000004ec0                console_flush
                0x0000000000004ed0                stats_get_tasks
                0x0000000000004ee0                console_set_pos
                0x0000000000004ef0                __syscall_fast
                0x0000000000004f00                stats_get_load
                0x0000000000004f10                console_get_event_timeout
                0x0000000000004f20                stats_get_threads
                0x0000000000004f30                free
                0x0000000000004f40                stats_print_load_fragment

.dynsym         0x0000000000004f50      0x280
 *(.dynsym)
 .dynsym        0x0000000000004f50      0x280 /home/ayyuce/Desktop/HlnOS/HelenOS/uspace/lib/c/arch/ia32/src/entry.o

.dynstr         0x00000000000051d0      0x1f6
 *(.dynstr)
 .dynstr        0x00000000000051d0      0x1f6 /home/ayyuce/Desktop/HlnOS/HelenOS/uspace/lib/c/arch/ia32/src/entry.o

.hash           0x00000000000053c8      0x13c
 *(.hash)
 .hash          0x00000000000053c8      0x13c /home/ayyuce/Desktop/HlnOS/HelenOS/uspace/lib/c/arch/ia32/src/entry.o

.interp         0x0000000000005504       0x13
 *(.interp)
 .interp        0x0000000000005504       0x13 /home/ayyuce/Desktop/HlnOS/HelenOS/uspace/lib/c/arch/ia32/src/entry.o
                0x0000000000006517                . = (. + 0x1000)

.dynamic        0x0000000000006518       0xa8
 *(.dynamic)
 .dynamic       0x0000000000006518       0xa8 /home/ayyuce/Desktop/HlnOS/HelenOS/uspace/lib/c/arch/ia32/src/entry.o
                0x0000000000006518                _DYNAMIC

.data           0x00000000000065c0        0x8
 *(.data)
 .data          0x00000000000065c0        0x0 /home/ayyuce/Desktop/HlnOS/HelenOS/uspace/lib/c/arch/ia32/src/entry.o
 .data          0x00000000000065c0        0x8 top.o
 .data          0x00000000000065c8        0x0 screen.o

.data.rel
 *(.data.rel .data.rel.*)

.got            0x00000000000065c8        0x0
 *(.got)
 .got           0x00000000000065c8        0x0 /home/ayyuce/Desktop/HlnOS/HelenOS/uspace/lib/c/arch/ia32/src/entry.o

.got.plt        0x00000000000065c8       0x90
 *(.got.plt)
 .got.plt       0x00000000000065c8       0x90 /home/ayyuce/Desktop/HlnOS/HelenOS/uspace/lib/c/arch/ia32/src/entry.o
                0x00000000000065c8                _GLOBAL_OFFSET_TABLE_

.tdata
 *(.tdata)
 *(.gnu.linkonce.tb.*)

.tbss
 *(.tbss)

.bss            0x0000000000006660       0x48
 *(.dynbss)
 *fill*         0x0000000000006660        0x0 
 .dynbss        0x0000000000006660       0x24 /home/ayyuce/Desktop/HlnOS/HelenOS/uspace/lib/c/arch/ia32/src/entry.o
                0x0000000000006660                stdout
                0x0000000000006670                stdin
                0x0000000000006678                __syscall_fast_func
                0x0000000000006680                stderr
 *(COMMON)
 COMMON         0x0000000000006684        0x4 screen.o
                0x0000000000006684                console
 *(.bss)
 .bss           0x0000000000006688        0x0 /home/ayyuce/Desktop/HlnOS/HelenOS/uspace/lib/c/arch/ia32/src/entry.o
 .bss           0x0000000000006688        0xc top.o
                0x0000000000006688                screen_mode
 .bss           0x0000000000006694       0x14 screen.o

/DISCARD/
 *(*)
LOAD top.o
LOAD screen.o
LOAD ../../lib/c/libc.so.0
LOAD ../../lib/softint/libsoftint.so.0
OUTPUT(top elf32-i386)
